******************************************************************************
                  TI ARM Linker PC v20.2.1                     
******************************************************************************
>> Linked Wed Jul 22 19:38:25 2020

OUTPUT FILE NAME:   <mert.out>
ENTRY POINT SYMBOL: "_c_int00_noargs"  address: 00000f75


MEMORY CONFIGURATION

         name            origin    length      used     unused   attr    fill
----------------------  --------  ---------  --------  --------  ----  --------
  FLASH                 00000000   00020000  00001308  0001ecf8  R  X
  SRAM                  20000000   00008000  000004aa  00007b56  RW X


SEGMENT ALLOCATION MAP

run origin  load origin   length   init length attrs members
----------  ----------- ---------- ----------- ----- -------
00000000    00000000    00001308   00001308    r-x
  00000000    00000000    0000026c   0000026c    r-- .intvecs
  0000026c    0000026c    00000ea4   00000ea4    r-x .text
  00001110    00001110    000001b0   000001b0    r-- .const
  000012c0    000012c0    00000048   00000048    r-- .cinit
20000000    20000000    000004b0   00000000    rw-
  20000000    20000000    0000026c   00000000    rw- .vtable
  20000270    20000270    00000200   00000000    rw- .stack
  20000470    20000470    00000032   00000000    rw- .bss
  200004a4    200004a4    0000000c   00000000    rw- .data


SECTION ALLOCATION MAP

 output                                  attributes/
section   page    origin      length       input sections
--------  ----  ----------  ----------   ----------------
.intvecs   0    00000000    0000026c     
                  00000000    0000026c     tm4c123ge6pm_startup_ccs.obj (.intvecs)

.text      0    0000026c    00000ea4     
                  0000026c    00000680     main.obj (.text)
                  000008ec    0000016c     driverlib.lib : gpio.obj (.text:GPIOPadConfigSet)
                  00000a58    00000118                   : sysctl.obj (.text:SysCtlClockGet)
                  00000b70    000000f4                   : sysctl.obj (.text:SysCtlClockSet)
                  00000c64    0000009c     rtsv7M4_T_le_v4SPD16_eabi.lib : memcpy_t2.asm.obj (.text)
                  00000d00    00000068     driverlib.lib : interrupt.obj (.text:IntEnable)
                  00000d68    00000068     rtsv7M4_T_le_v4SPD16_eabi.lib : copy_decompress_lzss.c.obj (.text:decompress:lzss:__TI_decompress_lzss)
                  00000dd0    00000060     driverlib.lib : timer.obj (.text:TimerConfigure)
                  00000e30    0000004c                   : gpio.obj (.text:GPIOPinConfigure)
                  00000e7c    0000004c                   : timer.obj (.text:_TimerIntNumberGet)
                  00000ec8    00000044     rtsv7M4_T_le_v4SPD16_eabi.lib : autoinit.c.obj (.text:__TI_auto_init_nobinit_nopinit:__TI_auto_init_nobinit_nopinit)
                  00000f0c    00000034     driverlib.lib : interrupt.obj (.text:IntRegister)
                  00000f40    00000034                   : sysctl.obj (.text:SysCtlPeripheralEnable)
                  00000f74    00000034     rtsv7M4_T_le_v4SPD16_eabi.lib : boot_cortex_m.c.obj (.text:_c_int00_noargs:_c_int00_noargs)
                  00000fa8    0000002c     driverlib.lib : gpio.obj (.text:GPIODirModeSet)
                  00000fd4    00000022                   : pwm.obj (.text:PWMGenConfigure)
                  00000ff6    0000001e                   : pwm.obj (.text:PWMPulseWidthSet)
                  00001014    0000001c     rtsv7M4_T_le_v4SPD16_eabi.lib : copy_zero_init.c.obj (.text:decompress:ZI:__TI_zero_init_nomemset:__TI_zero_init_nomemset)
                  00001030    00000018     driverlib.lib : timer.obj (.text:TimerIntRegister)
                  00001048    00000016                   : gpio.obj (.text:GPIOPinTypeGPIOInput)
                  0000105e    00000016                   : gpio.obj (.text:GPIOPinTypePWM)
                  00001074    00000014                   : sysctl.obj (.text:SysCtlPWMClockSet)
                  00001088    00000012                   : pwm.obj (.text:PWMOutputState)
                  0000109a    00000012                   : timer.obj (.text:TimerLoadSet)
                  000010ac    00000010                   : pwm.obj (.text:PWMGenPeriodSet)
                  000010bc    0000000e                   : timer.obj (.text:TimerEnable)
                  000010ca    0000000e     rtsv7M4_T_le_v4SPD16_eabi.lib : copy_decompress_none.c.obj (.text:decompress:none:__TI_decompress_none)
                  000010d8    0000000c     driverlib.lib : pwm.obj (.text:PWMGenEnable)
                  000010e4    0000000c     tm4c123ge6pm_startup_ccs.obj (.text)
                  000010f0    00000008     driverlib.lib : timer.obj (.text:TimerIntEnable)
                  000010f8    00000006                   : gpio.obj (.text:GPIOPinRead)
                  000010fe    00000006                   : sysctl.obj (.text:SysCtlDelay)
                  00001104    00000004                   : timer.obj (.text:TimerIntClear)
                  00001108    00000004     rtsv7M4_T_le_v4SPD16_eabi.lib : pre_init.c.obj (.text:_system_pre_init)
                  0000110c    00000004                                   : exit.c.obj (.text:abort:abort)

.const     0    00001110    000001b0     
                  00001110    00000090     driverlib.lib : gpio.obj (.const:g_pui32GPIOBaseAddrs)
                  000011a0    0000006c                   : sysctl.obj (.const:g_pui32Xtals)
                  0000120c    00000060                   : timer.obj (.const:g_ppui32TimerIntMap)
                  0000126c    00000040                   : timer.obj (.const:g_ppui32TimerIntMapSnowflake)
                  000012ac    00000014                   : interrupt.obj (.const:g_pui32EnRegs)

.cinit     0    000012c0    00000048     
                  000012c0    0000000f     (.cinit..data.load) [load image, compression = lzss]
                  000012cf    00000001     --HOLE-- [fill = 0]
                  000012d0    0000000c     (__TI_handler_table)
                  000012dc    00000004     --HOLE-- [fill = 0]
                  000012e0    00000008     (.cinit..bss.load) [load image, compression = zero_init]
                  000012e8    00000008     (.cinit..vtable.load) [load image, compression = zero_init]
                  000012f0    00000018     (__TI_cinit_table)

.init_array 
*          0    00000000    00000000     UNINITIALIZED

.vtable    0    20000000    0000026c     UNINITIALIZED
                  20000000    0000026c     driverlib.lib : interrupt.obj (.vtable)

.bss       0    20000470    00000032     UNINITIALIZED
                  20000470    00000008     (.common:isLeftSteerTimer)
                  20000478    00000008     (.common:isRightSteerTimer)
                  20000480    00000008     (.common:isSpeedDownTimer)
                  20000488    00000008     (.common:isSpeedUpTimer)
                  20000490    00000004     (.common:ui32Load)
                  20000494    00000004     (.common:ui32PWMClock)
                  20000498    00000002     (.common:isBreakBtn)
                  2000049a    00000002     (.common:isSpeedDownBtn)
                  2000049c    00000002     (.common:isSpeedUpBtn)
                  2000049e    00000002     (.common:isSteerLeftBtn)
                  200004a0    00000002     (.common:isSteerRightBtn)

.data      0    200004a4    0000000c     UNINITIALIZED
                  200004a4    0000000c     main.obj (.data)

.stack     0    20000270    00000200     UNINITIALIZED
                  20000270    00000004     rtsv7M4_T_le_v4SPD16_eabi.lib : boot_cortex_m.c.obj (.stack)
                  20000274    000001fc     --HOLE--

__llvm_prf_cnts 
*          0    20000000    00000000     UNINITIALIZED

MODULE SUMMARY

       Module                         code   ro data   rw data
       ------                         ----   -------   -------
    .\
       main.obj                       1664   0         62     
       tm4c123ge6pm_startup_ccs.obj   12     620       0      
    +--+------------------------------+------+---------+---------+
       Total:                         1676   620       62     
                                                              
    C:/ti/TivaWare_C_Series-2.2.0.295/driverlib/ccs/Debug/driverlib.lib
       interrupt.obj                  156    20        620    
       sysctl.obj                     602    108       0      
       gpio.obj                       534    144       0      
       timer.obj                      240    160       0      
       pwm.obj                        110    0         0      
    +--+------------------------------+------+---------+---------+
       Total:                         1642   432       620    
                                                              
    C:\ti\ccs1010\ccs\tools\compiler\ti-cgt-arm_20.2.1.LTS\lib\rtsv7M4_T_le_v4SPD16_eabi.lib
       memcpy_t2.asm.obj              156    0         0      
       copy_decompress_lzss.c.obj     104    0         0      
       autoinit.c.obj                 68     0         0      
       boot_cortex_m.c.obj            52     0         0      
       copy_zero_init.c.obj           28     0         0      
       copy_decompress_none.c.obj     14     0         0      
       exit.c.obj                     4      0         0      
       pre_init.c.obj                 4      0         0      
    +--+------------------------------+------+---------+---------+
       Total:                         430    0         0      
                                                              
       Stack:                         0      0         512    
       Linker Generated:              0      67        0      
    +--+------------------------------+------+---------+---------+
       Grand Total:                   3748   1119      1194   


LINKER GENERATED COPY TABLES

__TI_cinit_table @ 000012f0 records: 3, size/record: 8, table size: 24
	.data: load addr=000012c0, load size=0000000f bytes, run addr=200004a4, run size=0000000c bytes, compression=lzss
	.bss: load addr=000012e0, load size=00000008 bytes, run addr=20000470, run size=00000032 bytes, compression=zero_init
	.vtable: load addr=000012e8, load size=00000008 bytes, run addr=20000000, run size=0000026c bytes, compression=zero_init


LINKER GENERATED HANDLER TABLE

__TI_handler_table @ 000012d0 records: 3, size/record: 4, table size: 12
	index: 0, handler: __TI_zero_init
	index: 1, handler: __TI_decompress_lzss
	index: 2, handler: __TI_decompress_none


GLOBAL SYMBOLS: SORTED ALPHABETICALLY BY Name 

address   name                          
-------   ----                          
200004aa  BreakPos                      
0000041d  ButtonState                   
0000110d  C$$EXIT                       
00000fa9  GPIODirModeSet                
000008ed  GPIOPadConfigSet              
00000e31  GPIOPinConfigure              
000010f9  GPIOPinRead                   
00001049  GPIOPinTypeGPIOInput          
0000105f  GPIOPinTypePWM                
00000d01  IntEnable                     
00000f0d  IntRegister                   
0000026d  IntTimer1                     
00000fd5  PWMGenConfigure               
000010d9  PWMGenEnable                  
000010ad  PWMGenPeriodSet               
00001089  PWMOutputState                
00000ff7  PWMPulseWidthSet              
000010e5  ResetISR                      
200004a8  SteerPos                      
00000a59  SysCtlClockGet                
00000b71  SysCtlClockSet                
000010ff  SysCtlDelay                   
00001075  SysCtlPWMClockSet             
00000f41  SysCtlPeripheralEnable        
00000dd1  TimerConfigure                
000010bd  TimerEnable                   
00001105  TimerIntClear                 
000010f1  TimerIntEnable                
00001031  TimerIntRegister              
0000109b  TimerLoadSet                  
20000470  __STACK_END                   
00000200  __STACK_SIZE                  
20000470  __STACK_TOP                   
000012f0  __TI_CINIT_Base               
00001308  __TI_CINIT_Limit              
000012d0  __TI_Handler_Table_Base       
000012dc  __TI_Handler_Table_Limit      
00000ec9  __TI_auto_init_nobinit_nopinit
00000d69  __TI_decompress_lzss          
000010cb  __TI_decompress_none          
ffffffff  __TI_pprof_out_hndl           
ffffffff  __TI_prof_data_size           
ffffffff  __TI_prof_data_start          
00000000  __TI_static_base__            
00001015  __TI_zero_init_nomemset       
00000c65  __aeabi_memcpy                
00000c65  __aeabi_memcpy4               
00000c65  __aeabi_memcpy8               
ffffffff  __binit__                     
ffffffff  __c_args__                    
UNDEFED   __mpu_init                    
20000270  __stack                       
20000000  __start___llvm_prf_cnts       
20000000  __stop___llvm_prf_cnts        
00000f75  _c_int00_noargs               
UNDEFED   _system_post_cinit            
00001109  _system_pre_init              
0000110d  abort                         
ffffffff  binit                         
200004ac  brake_counter                 
20000000  g_pfnRAMVectors               
00000000  g_pfnVectors                  
0000027f  initHandle                    
20000498  isBreakBtn                    
20000470  isLeftSteerTimer              
20000478  isRightSteerTimer             
2000049a  isSpeedDownBtn                
20000480  isSpeedDownTimer              
2000049c  isSpeedUpBtn                  
20000488  isSpeedUpTimer                
2000049e  isSteerLeftBtn                
200004a0  isSteerRightBtn               
00000615  main                          
00000c65  memcpy                        
200004a6  speed                         
200004a4  tick                          
20000490  ui32Load                      
20000494  ui32PWMClock                  


GLOBAL SYMBOLS: SORTED BY Symbol Address 

address   name                          
-------   ----                          
00000000  __TI_static_base__            
00000000  g_pfnVectors                  
00000200  __STACK_SIZE                  
0000026d  IntTimer1                     
0000027f  initHandle                    
0000041d  ButtonState                   
00000615  main                          
000008ed  GPIOPadConfigSet              
00000a59  SysCtlClockGet                
00000b71  SysCtlClockSet                
00000c65  __aeabi_memcpy                
00000c65  __aeabi_memcpy4               
00000c65  __aeabi_memcpy8               
00000c65  memcpy                        
00000d01  IntEnable                     
00000d69  __TI_decompress_lzss          
00000dd1  TimerConfigure                
00000e31  GPIOPinConfigure              
00000ec9  __TI_auto_init_nobinit_nopinit
00000f0d  IntRegister                   
00000f41  SysCtlPeripheralEnable        
00000f75  _c_int00_noargs               
00000fa9  GPIODirModeSet                
00000fd5  PWMGenConfigure               
00000ff7  PWMPulseWidthSet              
00001015  __TI_zero_init_nomemset       
00001031  TimerIntRegister              
00001049  GPIOPinTypeGPIOInput          
0000105f  GPIOPinTypePWM                
00001075  SysCtlPWMClockSet             
00001089  PWMOutputState                
0000109b  TimerLoadSet                  
000010ad  PWMGenPeriodSet               
000010bd  TimerEnable                   
000010cb  __TI_decompress_none          
000010d9  PWMGenEnable                  
000010e5  ResetISR                      
000010f1  TimerIntEnable                
000010f9  GPIOPinRead                   
000010ff  SysCtlDelay                   
00001105  TimerIntClear                 
00001109  _system_pre_init              
0000110d  C$$EXIT                       
0000110d  abort                         
000012d0  __TI_Handler_Table_Base       
000012dc  __TI_Handler_Table_Limit      
000012f0  __TI_CINIT_Base               
00001308  __TI_CINIT_Limit              
20000000  __start___llvm_prf_cnts       
20000000  __stop___llvm_prf_cnts        
20000000  g_pfnRAMVectors               
20000270  __stack                       
20000470  __STACK_END                   
20000470  __STACK_TOP                   
20000470  isLeftSteerTimer              
20000478  isRightSteerTimer             
20000480  isSpeedDownTimer              
20000488  isSpeedUpTimer                
20000490  ui32Load                      
20000494  ui32PWMClock                  
20000498  isBreakBtn                    
2000049a  isSpeedDownBtn                
2000049c  isSpeedUpBtn                  
2000049e  isSteerLeftBtn                
200004a0  isSteerRightBtn               
200004a4  tick                          
200004a6  speed                         
200004a8  SteerPos                      
200004aa  BreakPos                      
200004ac  brake_counter                 
ffffffff  __TI_pprof_out_hndl           
ffffffff  __TI_prof_data_size           
ffffffff  __TI_prof_data_start          
ffffffff  __binit__                     
ffffffff  __c_args__                    
ffffffff  binit                         
UNDEFED   __mpu_init                    
UNDEFED   _system_post_cinit            

[78 symbols]
