<?xml version="1.0" encoding="ISO-8859-1" ?>
<link_info>
   <banner>TI ARM Linker PC v20.2.1.LTS</banner>
   <copyright>Copyright (c) 1996-2018 Texas Instruments Incorporated</copyright>
   <link_time>0x5f11fce6</link_time>
   <link_errors>0x0</link_errors>
   <output_file>Otonom_kontrol.out</output_file>
   <entry_point>
      <name>_c_int00_noargs</name>
      <address>0x1469</address>
   </entry_point>
   <input_file_list>
      <input_file id="fl-2">
         <path>.\</path>
         <kind>object</kind>
         <file>main.obj</file>
         <name>main.obj</name>
      </input_file>
      <input_file id="fl-3">
         <path>.\</path>
         <kind>object</kind>
         <file>tm4c123gh6pm_startup_ccs.obj</file>
         <name>tm4c123gh6pm_startup_ccs.obj</name>
      </input_file>
      <input_file id="fl-8">
         <kind>object</kind>
         <file>&lt;internal&gt;</file>
         <name>&lt;internal&gt;</name>
      </input_file>
      <input_file id="fl-be">
         <path>C:\ti\ccs1010\ccs\tools\compiler\ti-cgt-arm_20.2.1.LTS\lib\</path>
         <kind>archive</kind>
         <file>rtsv7M4_T_le_v4SPD16_eabi.lib</file>
         <name>copy_zero_init.c.obj</name>
      </input_file>
      <input_file id="fl-bf">
         <path>C:\ti\ccs1010\ccs\tools\compiler\ti-cgt-arm_20.2.1.LTS\lib\</path>
         <kind>archive</kind>
         <file>rtsv7M4_T_le_v4SPD16_eabi.lib</file>
         <name>copy_decompress_none.c.obj</name>
      </input_file>
      <input_file id="fl-c0">
         <path>C:\ti\ccs1010\ccs\tools\compiler\ti-cgt-arm_20.2.1.LTS\lib\</path>
         <kind>archive</kind>
         <file>rtsv7M4_T_le_v4SPD16_eabi.lib</file>
         <name>copy_decompress_lzss.c.obj</name>
      </input_file>
      <input_file id="fl-c1">
         <path>C:\ti\ccs1010\ccs\tools\compiler\ti-cgt-arm_20.2.1.LTS\lib\</path>
         <kind>archive</kind>
         <file>rtsv7M4_T_le_v4SPD16_eabi.lib</file>
         <name>atoi.c.obj</name>
      </input_file>
      <input_file id="fl-c2">
         <path>C:\ti\ccs1010\ccs\tools\compiler\ti-cgt-arm_20.2.1.LTS\lib\</path>
         <kind>archive</kind>
         <file>rtsv7M4_T_le_v4SPD16_eabi.lib</file>
         <name>ctype.c.obj</name>
      </input_file>
      <input_file id="fl-c3">
         <path>C:\ti\ccs1010\ccs\tools\compiler\ti-cgt-arm_20.2.1.LTS\lib\</path>
         <kind>archive</kind>
         <file>rtsv7M4_T_le_v4SPD16_eabi.lib</file>
         <name>boot_cortex_m.c.obj</name>
      </input_file>
      <input_file id="fl-c4">
         <path>C:\ti\ccs1010\ccs\tools\compiler\ti-cgt-arm_20.2.1.LTS\lib\</path>
         <kind>archive</kind>
         <file>rtsv7M4_T_le_v4SPD16_eabi.lib</file>
         <name>memset_t2.asm.obj</name>
      </input_file>
      <input_file id="fl-c5">
         <path>C:\ti\ccs1010\ccs\tools\compiler\ti-cgt-arm_20.2.1.LTS\lib\</path>
         <kind>archive</kind>
         <file>rtsv7M4_T_le_v4SPD16_eabi.lib</file>
         <name>memcpy_t2.asm.obj</name>
      </input_file>
      <input_file id="fl-c6">
         <path>C:\ti\ccs1010\ccs\tools\compiler\ti-cgt-arm_20.2.1.LTS\lib\</path>
         <kind>archive</kind>
         <file>rtsv7M4_T_le_v4SPD16_eabi.lib</file>
         <name>autoinit.c.obj</name>
      </input_file>
      <input_file id="fl-c7">
         <path>C:\ti\ccs1010\ccs\tools\compiler\ti-cgt-arm_20.2.1.LTS\lib\</path>
         <kind>archive</kind>
         <file>rtsv7M4_T_le_v4SPD16_eabi.lib</file>
         <name>pre_init.c.obj</name>
      </input_file>
      <input_file id="fl-c8">
         <path>C:\ti\ccs1010\ccs\tools\compiler\ti-cgt-arm_20.2.1.LTS\lib\</path>
         <kind>archive</kind>
         <file>rtsv7M4_T_le_v4SPD16_eabi.lib</file>
         <name>cpy_tbl.c.obj</name>
      </input_file>
      <input_file id="fl-c9">
         <path>C:\ti\ccs1010\ccs\tools\compiler\ti-cgt-arm_20.2.1.LTS\lib\</path>
         <kind>archive</kind>
         <file>rtsv7M4_T_le_v4SPD16_eabi.lib</file>
         <name>exit.c.obj</name>
      </input_file>
      <input_file id="fl-ca">
         <path>C:\ti\ccs1010\ccs\tools\compiler\ti-cgt-arm_20.2.1.LTS\lib\</path>
         <kind>archive</kind>
         <file>rtsv7M4_T_le_v4SPD16_eabi.lib</file>
         <name>_lock.c.obj</name>
      </input_file>
      <input_file id="fl-cb">
         <path>C:\ti\ccs1010\ccs\tools\compiler\ti-cgt-arm_20.2.1.LTS\lib\</path>
         <kind>archive</kind>
         <file>rtsv7M4_T_le_v4SPD16_eabi.lib</file>
         <name>args_main.c.obj</name>
      </input_file>
      <input_file id="fl-cc">
         <path>C:\ti\TivaWare_C_Series-2.2.0.295\driverlib\ccs\Debug\</path>
         <kind>archive</kind>
         <file>driverlib.lib</file>
         <name>gpio.obj</name>
      </input_file>
      <input_file id="fl-cd">
         <path>C:\ti\TivaWare_C_Series-2.2.0.295\driverlib\ccs\Debug\</path>
         <kind>archive</kind>
         <file>driverlib.lib</file>
         <name>interrupt.obj</name>
      </input_file>
      <input_file id="fl-ce">
         <path>C:\ti\TivaWare_C_Series-2.2.0.295\driverlib\ccs\Debug\</path>
         <kind>archive</kind>
         <file>driverlib.lib</file>
         <name>pwm.obj</name>
      </input_file>
      <input_file id="fl-cf">
         <path>C:\ti\TivaWare_C_Series-2.2.0.295\driverlib\ccs\Debug\</path>
         <kind>archive</kind>
         <file>driverlib.lib</file>
         <name>sysctl.obj</name>
      </input_file>
      <input_file id="fl-d0">
         <path>C:\ti\TivaWare_C_Series-2.2.0.295\driverlib\ccs\Debug\</path>
         <kind>archive</kind>
         <file>driverlib.lib</file>
         <name>timer.obj</name>
      </input_file>
      <input_file id="fl-d1">
         <path>C:\ti\TivaWare_C_Series-2.2.0.295\driverlib\ccs\Debug\</path>
         <kind>archive</kind>
         <file>driverlib.lib</file>
         <name>uart.obj</name>
      </input_file>
      <input_file id="fl-d2">
         <path>C:\ti\TivaWare_C_Series-2.2.0.295\driverlib\ccs\Debug\</path>
         <kind>archive</kind>
         <file>driverlib.lib</file>
         <name>cpu.obj</name>
      </input_file>
   </input_file_list>
   <object_component_list>
      <object_component id="oc-12">
         <name>.intvecs</name>
         <load_address>0x0</load_address>
         <run_address>0x0</run_address>
         <size>0x26c</size>
         <input_file_ref idref="fl-3"/>
      </object_component>
      <object_component id="oc-9b">
         <name>.text</name>
         <load_address>0x26c</load_address>
         <run_address>0x26c</run_address>
         <size>0x9e0</size>
         <input_file_ref idref="fl-2"/>
      </object_component>
      <object_component id="oc-17c">
         <name>.text:GPIOPadConfigSet</name>
         <load_address>0xc4c</load_address>
         <run_address>0xc4c</run_address>
         <size>0x16c</size>
         <input_file_ref idref="fl-cc"/>
      </object_component>
      <object_component id="oc-d5">
         <name>.text:SysCtlClockGet</name>
         <load_address>0xdb8</load_address>
         <run_address>0xdb8</run_address>
         <size>0x118</size>
         <input_file_ref idref="fl-cf"/>
      </object_component>
      <object_component id="oc-df">
         <name>.text:SysCtlClockSet</name>
         <load_address>0xed0</load_address>
         <run_address>0xed0</run_address>
         <size>0xf4</size>
         <input_file_ref idref="fl-cf"/>
      </object_component>
      <object_component id="oc-3b">
         <name>.text</name>
         <load_address>0xfc4</load_address>
         <run_address>0xfc4</run_address>
         <size>0x9c</size>
         <input_file_ref idref="fl-c5"/>
      </object_component>
      <object_component id="oc-13a">
         <name>.text:IntDisable</name>
         <load_address>0x1060</load_address>
         <run_address>0x1060</run_address>
         <size>0x68</size>
         <input_file_ref idref="fl-cd"/>
      </object_component>
      <object_component id="oc-16a">
         <name>.text:IntEnable</name>
         <load_address>0x10c8</load_address>
         <run_address>0x10c8</run_address>
         <size>0x68</size>
         <input_file_ref idref="fl-cd"/>
      </object_component>
      <object_component id="oc-15">
         <name>.text:decompress:lzss:__TI_decompress_lzss</name>
         <load_address>0x1130</load_address>
         <run_address>0x1130</run_address>
         <size>0x68</size>
         <input_file_ref idref="fl-c0"/>
      </object_component>
      <object_component id="oc-1b7">
         <name>.text:TimerConfigure</name>
         <load_address>0x1198</load_address>
         <run_address>0x1198</run_address>
         <size>0x60</size>
         <input_file_ref idref="fl-d0"/>
      </object_component>
      <object_component id="oc-18d">
         <name>.text:GPIOIntTypeSet</name>
         <load_address>0x11f8</load_address>
         <run_address>0x11f8</run_address>
         <size>0x58</size>
         <input_file_ref idref="fl-cc"/>
      </object_component>
      <object_component id="oc-f7">
         <name>.text:GPIOPinConfigure</name>
         <load_address>0x1250</load_address>
         <run_address>0x1250</run_address>
         <size>0x4c</size>
         <input_file_ref idref="fl-cc"/>
      </object_component>
      <object_component id="oc-273">
         <name>.text:_TimerIntNumberGet</name>
         <load_address>0x129c</load_address>
         <run_address>0x129c</run_address>
         <size>0x4c</size>
         <input_file_ref idref="fl-d0"/>
      </object_component>
      <object_component id="oc-12d">
         <name>.text:atoi</name>
         <load_address>0x12e8</load_address>
         <run_address>0x12e8</run_address>
         <size>0x4c</size>
         <input_file_ref idref="fl-c1"/>
      </object_component>
      <object_component id="oc-14c">
         <name>.text:UARTConfigSetExpClk</name>
         <load_address>0x1334</load_address>
         <run_address>0x1334</run_address>
         <size>0x46</size>
         <input_file_ref idref="fl-d1"/>
      </object_component>
      <object_component id="oc-1e2">
         <name>.text:__TI_auto_init_nobinit_nopinit:__TI_auto_init_nobinit_nopinit</name>
         <load_address>0x137c</load_address>
         <run_address>0x137c</run_address>
         <size>0x44</size>
         <input_file_ref idref="fl-c6"/>
      </object_component>
      <object_component id="oc-24d">
         <name>.text:_UARTIntNumberGet</name>
         <load_address>0x13c0</load_address>
         <run_address>0x13c0</run_address>
         <size>0x40</size>
         <input_file_ref idref="fl-d1"/>
      </object_component>
      <object_component id="oc-199">
         <name>.text:IntRegister</name>
         <load_address>0x1400</load_address>
         <run_address>0x1400</run_address>
         <size>0x34</size>
         <input_file_ref idref="fl-cd"/>
      </object_component>
      <object_component id="oc-eb">
         <name>.text:SysCtlPeripheralEnable</name>
         <load_address>0x1434</load_address>
         <run_address>0x1434</run_address>
         <size>0x34</size>
         <input_file_ref idref="fl-cf"/>
      </object_component>
      <object_component id="oc-59">
         <name>.text:_c_int00_noargs:_c_int00_noargs</name>
         <load_address>0x1468</load_address>
         <run_address>0x1468</run_address>
         <size>0x34</size>
         <input_file_ref idref="fl-c3"/>
      </object_component>
      <object_component id="oc-228">
         <name>.text:GPIODirModeSet</name>
         <load_address>0x149c</load_address>
         <run_address>0x149c</run_address>
         <size>0x2c</size>
         <input_file_ref idref="fl-cc"/>
      </object_component>
      <object_component id="oc-193">
         <name>.text:IntPrioritySet</name>
         <load_address>0x14c8</load_address>
         <run_address>0x14c8</run_address>
         <size>0x24</size>
         <input_file_ref idref="fl-cd"/>
      </object_component>
      <object_component id="oc-fd">
         <name>.text:PWMGenConfigure</name>
         <load_address>0x14ec</load_address>
         <run_address>0x14ec</run_address>
         <size>0x22</size>
         <input_file_ref idref="fl-ce"/>
      </object_component>
      <object_component id="oc-140">
         <name>.text:UARTDisable</name>
         <load_address>0x1510</load_address>
         <run_address>0x1510</run_address>
         <size>0x20</size>
         <input_file_ref idref="fl-d1"/>
      </object_component>
      <object_component id="oc-109">
         <name>.text:PWMPulseWidthSet</name>
         <load_address>0x1530</load_address>
         <run_address>0x1530</run_address>
         <size>0x1e</size>
         <input_file_ref idref="fl-ce"/>
      </object_component>
      <object_component id="oc-47">
         <name>.text:decompress:ZI:__TI_zero_init_nomemset:__TI_zero_init_nomemset</name>
         <load_address>0x154e</load_address>
         <run_address>0x154e</run_address>
         <size>0x1c</size>
         <input_file_ref idref="fl-be"/>
      </object_component>
      <object_component id="oc-170">
         <name>.text:GPIOPinTypeGPIOOutput</name>
         <load_address>0x156a</load_address>
         <run_address>0x156a</run_address>
         <size>0x1a</size>
         <input_file_ref idref="fl-cc"/>
      </object_component>
      <object_component id="oc-1c3">
         <name>.text:TimerIntRegister</name>
         <load_address>0x1584</load_address>
         <run_address>0x1584</run_address>
         <size>0x18</size>
         <input_file_ref idref="fl-d0"/>
      </object_component>
      <object_component id="oc-15e">
         <name>.text:UARTIntRegister</name>
         <load_address>0x159c</load_address>
         <run_address>0x159c</run_address>
         <size>0x18</size>
         <input_file_ref idref="fl-d1"/>
      </object_component>
      <object_component id="oc-176">
         <name>.text:GPIOPinTypeGPIOInput</name>
         <load_address>0x15b4</load_address>
         <run_address>0x15b4</run_address>
         <size>0x16</size>
         <input_file_ref idref="fl-cc"/>
      </object_component>
      <object_component id="oc-f1">
         <name>.text:GPIOPinTypePWM</name>
         <load_address>0x15ca</load_address>
         <run_address>0x15ca</run_address>
         <size>0x16</size>
         <input_file_ref idref="fl-cc"/>
      </object_component>
      <object_component id="oc-134">
         <name>.text:GPIOPinTypeUART</name>
         <load_address>0x15e0</load_address>
         <run_address>0x15e0</run_address>
         <size>0x16</size>
         <input_file_ref idref="fl-cc"/>
      </object_component>
      <object_component id="oc-e5">
         <name>.text:SysCtlPWMClockSet</name>
         <load_address>0x15f8</load_address>
         <run_address>0x15f8</run_address>
         <size>0x14</size>
         <input_file_ref idref="fl-cf"/>
      </object_component>
      <object_component id="oc-164">
         <name>.text:UARTEnable</name>
         <load_address>0x160c</load_address>
         <run_address>0x160c</run_address>
         <size>0x14</size>
         <input_file_ref idref="fl-d1"/>
      </object_component>
      <object_component id="oc-10f">
         <name>.text:PWMOutputState</name>
         <load_address>0x1620</load_address>
         <run_address>0x1620</run_address>
         <size>0x12</size>
         <input_file_ref idref="fl-ce"/>
      </object_component>
      <object_component id="oc-1bd">
         <name>.text:TimerLoadSet</name>
         <load_address>0x1632</load_address>
         <run_address>0x1632</run_address>
         <size>0x12</size>
         <input_file_ref idref="fl-d0"/>
      </object_component>
      <object_component id="oc-19f">
         <name>.text:IntMasterEnable</name>
         <load_address>0x1644</load_address>
         <run_address>0x1644</run_address>
         <size>0x10</size>
         <input_file_ref idref="fl-cd"/>
      </object_component>
      <object_component id="oc-103">
         <name>.text:PWMGenPeriodSet</name>
         <load_address>0x1654</load_address>
         <run_address>0x1654</run_address>
         <size>0x10</size>
         <input_file_ref idref="fl-ce"/>
      </object_component>
      <object_component id="oc-1ab">
         <name>.text:GPIOIntStatus</name>
         <load_address>0x1664</load_address>
         <run_address>0x1664</run_address>
         <size>0xe</size>
         <input_file_ref idref="fl-cc"/>
      </object_component>
      <object_component id="oc-1cf">
         <name>.text:TimerEnable</name>
         <load_address>0x1672</load_address>
         <run_address>0x1672</run_address>
         <size>0xe</size>
         <input_file_ref idref="fl-d0"/>
      </object_component>
      <object_component id="oc-127">
         <name>.text:UARTCharGetNonBlocking</name>
         <load_address>0x1680</load_address>
         <run_address>0x1680</run_address>
         <size>0xe</size>
         <input_file_ref idref="fl-d1"/>
      </object_component>
      <object_component id="oc-1b">
         <name>.text:decompress:none:__TI_decompress_none</name>
         <load_address>0x168e</load_address>
         <run_address>0x168e</run_address>
         <size>0xe</size>
         <input_file_ref idref="fl-bf"/>
      </object_component>
      <object_component id="oc-266">
         <name>.text:CPUcpsie</name>
         <load_address>0x169c</load_address>
         <run_address>0x169c</run_address>
         <size>0xc</size>
         <input_file_ref idref="fl-d2"/>
      </object_component>
      <object_component id="oc-187">
         <name>.text:GPIOIntEnable</name>
         <load_address>0x16a8</load_address>
         <run_address>0x16a8</run_address>
         <size>0xc</size>
         <input_file_ref idref="fl-cc"/>
      </object_component>
      <object_component id="oc-115">
         <name>.text:PWMGenEnable</name>
         <load_address>0x16b4</load_address>
         <run_address>0x16b4</run_address>
         <size>0xc</size>
         <input_file_ref idref="fl-ce"/>
      </object_component>
      <object_component id="oc-27">
         <name>.text</name>
         <load_address>0x16c0</load_address>
         <run_address>0x16c0</run_address>
         <size>0xc</size>
         <input_file_ref idref="fl-3"/>
      </object_component>
      <object_component id="oc-152">
         <name>.text:UARTFIFODisable</name>
         <load_address>0x16cc</load_address>
         <run_address>0x16cc</run_address>
         <size>0xa</size>
         <input_file_ref idref="fl-d1"/>
      </object_component>
      <object_component id="oc-11b">
         <name>.text:UARTIntStatus</name>
         <load_address>0x16d6</load_address>
         <run_address>0x16d6</run_address>
         <size>0xa</size>
         <input_file_ref idref="fl-d1"/>
      </object_component>
      <object_component id="oc-1c9">
         <name>.text:TimerIntEnable</name>
         <load_address>0x16e0</load_address>
         <run_address>0x16e0</run_address>
         <size>0x8</size>
         <input_file_ref idref="fl-d0"/>
      </object_component>
      <object_component id="oc-158">
         <name>.text:UARTIntEnable</name>
         <load_address>0x16e8</load_address>
         <run_address>0x16e8</run_address>
         <size>0x8</size>
         <input_file_ref idref="fl-d1"/>
      </object_component>
      <object_component id="oc-1a5">
         <name>.text:GPIOIntClear</name>
         <load_address>0x16f0</load_address>
         <run_address>0x16f0</run_address>
         <size>0x6</size>
         <input_file_ref idref="fl-cc"/>
      </object_component>
      <object_component id="oc-c9">
         <name>.text:GPIOPinRead</name>
         <load_address>0x16f6</load_address>
         <run_address>0x16f6</run_address>
         <size>0x6</size>
         <input_file_ref idref="fl-cc"/>
      </object_component>
      <object_component id="oc-cf">
         <name>.text:GPIOPinWrite</name>
         <load_address>0x16fc</load_address>
         <run_address>0x16fc</run_address>
         <size>0x6</size>
         <input_file_ref idref="fl-cc"/>
      </object_component>
      <object_component id="oc-db">
         <name>.text:SysCtlDelay</name>
         <load_address>0x1702</load_address>
         <run_address>0x1702</run_address>
         <size>0x6</size>
         <input_file_ref idref="fl-cf"/>
      </object_component>
      <object_component id="oc-146">
         <name>.text:UARTClockSourceSet</name>
         <load_address>0x1708</load_address>
         <run_address>0x1708</run_address>
         <size>0x6</size>
         <input_file_ref idref="fl-d1"/>
      </object_component>
      <object_component id="oc-1b1">
         <name>.text:TimerIntClear</name>
         <load_address>0x170e</load_address>
         <run_address>0x170e</run_address>
         <size>0x4</size>
         <input_file_ref idref="fl-d0"/>
      </object_component>
      <object_component id="oc-121">
         <name>.text:UARTIntClear</name>
         <load_address>0x1712</load_address>
         <run_address>0x1712</run_address>
         <size>0x4</size>
         <input_file_ref idref="fl-d1"/>
      </object_component>
      <object_component id="oc-95">
         <name>.text:_system_pre_init</name>
         <load_address>0x1716</load_address>
         <run_address>0x1716</run_address>
         <size>0x4</size>
         <input_file_ref idref="fl-c7"/>
      </object_component>
      <object_component id="oc-1d6">
         <name>.text:abort:abort</name>
         <load_address>0x171a</load_address>
         <run_address>0x171a</run_address>
         <size>0x4</size>
         <input_file_ref idref="fl-c9"/>
      </object_component>
      <object_component id="oc-23d">
         <name>.const:.string:_ctypes_</name>
         <load_address>0x1720</load_address>
         <run_address>0x1720</run_address>
         <size>0x101</size>
         <input_file_ref idref="fl-c2"/>
      </object_component>
      <object_component id="oc-25e">
         <name>.const:g_pui32Regs</name>
         <load_address>0x1824</load_address>
         <run_address>0x1824</run_address>
         <size>0x9c</size>
         <input_file_ref idref="fl-cd"/>
      </object_component>
      <object_component id="oc-22f">
         <name>.const:g_pui32GPIOBaseAddrs</name>
         <load_address>0x18c0</load_address>
         <run_address>0x18c0</run_address>
         <size>0x90</size>
         <input_file_ref idref="fl-cc"/>
      </object_component>
      <object_component id="oc-21e">
         <name>.const:g_pui32Xtals</name>
         <load_address>0x1950</load_address>
         <run_address>0x1950</run_address>
         <size>0x6c</size>
         <input_file_ref idref="fl-cf"/>
      </object_component>
      <object_component id="oc-2d5">
         <name>.const:g_ppui32TimerIntMap</name>
         <load_address>0x19bc</load_address>
         <run_address>0x19bc</run_address>
         <size>0x60</size>
         <input_file_ref idref="fl-d0"/>
      </object_component>
      <object_component id="oc-2d8">
         <name>.const:g_ppui32TimerIntMapSnowflake</name>
         <load_address>0x1a1c</load_address>
         <run_address>0x1a1c</run_address>
         <size>0x40</size>
         <input_file_ref idref="fl-d0"/>
      </object_component>
      <object_component id="oc-2c5">
         <name>.const:g_ppui32UARTIntMap</name>
         <load_address>0x1a5c</load_address>
         <run_address>0x1a5c</run_address>
         <size>0x40</size>
         <input_file_ref idref="fl-d1"/>
      </object_component>
      <object_component id="oc-2c8">
         <name>.const:g_ppui32UARTIntMapSnowflake</name>
         <load_address>0x1a9c</load_address>
         <run_address>0x1a9c</run_address>
         <size>0x40</size>
         <input_file_ref idref="fl-d1"/>
      </object_component>
      <object_component id="oc-243">
         <name>.const:g_pui32Dii16Regs</name>
         <load_address>0x1adc</load_address>
         <run_address>0x1adc</run_address>
         <size>0x14</size>
         <input_file_ref idref="fl-cd"/>
      </object_component>
      <object_component id="oc-255">
         <name>.const:g_pui32EnRegs</name>
         <load_address>0x1af0</load_address>
         <run_address>0x1af0</run_address>
         <size>0x14</size>
         <input_file_ref idref="fl-cd"/>
      </object_component>
      <object_component id="oc-342">
         <name>.cinit..data.load</name>
         <load_address>0x1b08</load_address>
         <run_address>0x1b08</run_address>
         <size>0x17</size>
      </object_component>
      <object_component id="oc-33f">
         <name>__TI_handler_table</name>
         <load_address>0x1b20</load_address>
         <run_address>0x1b20</run_address>
         <size>0xc</size>
      </object_component>
      <object_component id="oc-343">
         <name>.cinit..bss.load</name>
         <load_address>0x1b30</load_address>
         <run_address>0x1b30</run_address>
         <size>0x8</size>
      </object_component>
      <object_component id="oc-341">
         <name>.cinit..vtable.load</name>
         <load_address>0x1b38</load_address>
         <run_address>0x1b38</run_address>
         <size>0x8</size>
      </object_component>
      <object_component id="oc-340">
         <name>__TI_cinit_table</name>
         <load_address>0x1b40</load_address>
         <run_address>0x1b40</run_address>
         <size>0x18</size>
      </object_component>
      <object_component id="oc-262">
         <name>.vtable</name>
         <uninitialized>true</uninitialized>
         <run_address>0x20000000</run_address>
         <size>0x26c</size>
         <input_file_ref idref="fl-cd"/>
      </object_component>
      <object_component id="oc-dc">
         <name>.data</name>
         <load_address>0x200004e8</load_address>
         <run_address>0x200004e8</run_address>
         <size>0x34</size>
         <input_file_ref idref="fl-2"/>
      </object_component>
      <object_component id="oc-133">
         <name>.common:break_value</name>
         <uninitialized>true</uninitialized>
         <run_address>0x200004d4</run_address>
         <size>0x4</size>
      </object_component>
      <object_component id="oc-183">
         <name>.common:ui32Load</name>
         <uninitialized>true</uninitialized>
         <run_address>0x200004dc</run_address>
         <size>0x4</size>
      </object_component>
      <object_component id="oc-182">
         <name>.common:ui32PWMClock</name>
         <uninitialized>true</uninitialized>
         <run_address>0x200004e0</run_address>
         <size>0x4</size>
      </object_component>
      <object_component id="oc-185">
         <name>.common:buffer</name>
         <uninitialized>true</uninitialized>
         <run_address>0x20000470</run_address>
         <size>0x64</size>
      </object_component>
      <object_component id="oc-186">
         <name>.common:uart_counter</name>
         <uninitialized>true</uninitialized>
         <run_address>0x200004d8</run_address>
         <size>0x4</size>
      </object_component>
      <object_component id="oc-184">
         <name>.common:rcv_ch</name>
         <uninitialized>true</uninitialized>
         <run_address>0x200004e4</run_address>
         <size>0x1</size>
      </object_component>
      <object_component id="oc-24">
         <name>.stack</name>
         <uninitialized>true</uninitialized>
         <run_address>0x20000270</run_address>
         <size>0x4</size>
         <input_file_ref idref="fl-c3"/>
      </object_component>
      <object_component id="oc-345">
         <name>.stack</name>
         <uninitialized>true</uninitialized>
         <run_address>0x20000270</run_address>
         <size>0x0</size>
      </object_component>
      <object_component id="oc-b7">
         <name>.debug_info</name>
         <load_address>0x0</load_address>
         <run_address>0x0</run_address>
         <size>0xc7a</size>
         <input_file_ref idref="fl-2"/>
      </object_component>
      <object_component id="oc-dd">
         <name>.debug_info</name>
         <load_address>0xc7a</load_address>
         <run_address>0xc7a</run_address>
         <size>0x4cd</size>
         <input_file_ref idref="fl-2"/>
      </object_component>
      <object_component id="oc-9c">
         <name>.debug_info</name>
         <load_address>0x1147</load_address>
         <run_address>0x1147</run_address>
         <size>0x118c</size>
         <input_file_ref idref="fl-2"/>
      </object_component>
      <object_component id="oc-70">
         <name>.debug_info</name>
         <load_address>0x22d3</load_address>
         <run_address>0x22d3</run_address>
         <size>0x26b</size>
         <input_file_ref idref="fl-2"/>
      </object_component>
      <object_component id="oc-b2">
         <name>.debug_info</name>
         <load_address>0x253e</load_address>
         <run_address>0x253e</run_address>
         <size>0x8b</size>
         <input_file_ref idref="fl-2"/>
      </object_component>
      <object_component id="oc-ad">
         <name>.debug_info</name>
         <load_address>0x25c9</load_address>
         <run_address>0x25c9</run_address>
         <size>0x2a4</size>
         <input_file_ref idref="fl-2"/>
      </object_component>
      <object_component id="oc-75">
         <name>.debug_info</name>
         <load_address>0x286d</load_address>
         <run_address>0x286d</run_address>
         <size>0xbb</size>
         <input_file_ref idref="fl-2"/>
      </object_component>
      <object_component id="oc-2f">
         <name>.debug_info</name>
         <load_address>0x2928</load_address>
         <run_address>0x2928</run_address>
         <size>0x2ae</size>
         <input_file_ref idref="fl-3"/>
      </object_component>
      <object_component id="oc-13">
         <name>.debug_info</name>
         <load_address>0x2bd6</load_address>
         <run_address>0x2bd6</run_address>
         <size>0xed</size>
         <input_file_ref idref="fl-3"/>
      </object_component>
      <object_component id="oc-28">
         <name>.debug_info</name>
         <load_address>0x2cc3</load_address>
         <run_address>0x2cc3</run_address>
         <size>0x269</size>
         <input_file_ref idref="fl-3"/>
      </object_component>
      <object_component id="oc-36">
         <name>.debug_info</name>
         <load_address>0x2f2c</load_address>
         <run_address>0x2f2c</run_address>
         <size>0x84</size>
         <input_file_ref idref="fl-3"/>
      </object_component>
      <object_component id="oc-8e">
         <name>.debug_info</name>
         <load_address>0x2fb0</load_address>
         <run_address>0x2fb0</run_address>
         <size>0x2d4</size>
         <input_file_ref idref="fl-be"/>
      </object_component>
      <object_component id="oc-49">
         <name>.debug_info</name>
         <load_address>0x3284</load_address>
         <run_address>0x3284</run_address>
         <size>0x1d2</size>
         <input_file_ref idref="fl-be"/>
      </object_component>
      <object_component id="oc-89">
         <name>.debug_info</name>
         <load_address>0x3456</load_address>
         <run_address>0x3456</run_address>
         <size>0x46</size>
         <input_file_ref idref="fl-be"/>
      </object_component>
      <object_component id="oc-c0">
         <name>.debug_info</name>
         <load_address>0x349c</load_address>
         <run_address>0x349c</run_address>
         <size>0x2c</size>
         <input_file_ref idref="fl-be"/>
      </object_component>
      <object_component id="oc-46">
         <name>.debug_info</name>
         <load_address>0x34c8</load_address>
         <run_address>0x34c8</run_address>
         <size>0x2a8</size>
         <input_file_ref idref="fl-bf"/>
      </object_component>
      <object_component id="oc-1e">
         <name>.debug_info</name>
         <load_address>0x3770</load_address>
         <run_address>0x3770</run_address>
         <size>0x1ea</size>
         <input_file_ref idref="fl-bf"/>
      </object_component>
      <object_component id="oc-41">
         <name>.debug_info</name>
         <load_address>0x395a</load_address>
         <run_address>0x395a</run_address>
         <size>0x46</size>
         <input_file_ref idref="fl-bf"/>
      </object_component>
      <object_component id="oc-81">
         <name>.debug_info</name>
         <load_address>0x39a0</load_address>
         <run_address>0x39a0</run_address>
         <size>0x2c</size>
         <input_file_ref idref="fl-bf"/>
      </object_component>
      <object_component id="oc-7f">
         <name>.debug_info</name>
         <load_address>0x39cc</load_address>
         <run_address>0x39cc</run_address>
         <size>0x29e</size>
         <input_file_ref idref="fl-c0"/>
      </object_component>
      <object_component id="oc-19">
         <name>.debug_info</name>
         <load_address>0x3c6a</load_address>
         <run_address>0x3c6a</run_address>
         <size>0x250</size>
         <input_file_ref idref="fl-c0"/>
      </object_component>
      <object_component id="oc-31">
         <name>.debug_info</name>
         <load_address>0x3eba</load_address>
         <run_address>0x3eba</run_address>
         <size>0x60</size>
         <input_file_ref idref="fl-c0"/>
      </object_component>
      <object_component id="oc-b9">
         <name>.debug_info</name>
         <load_address>0x3f1a</load_address>
         <run_address>0x3f1a</run_address>
         <size>0x46</size>
         <input_file_ref idref="fl-c0"/>
      </object_component>
      <object_component id="oc-7a">
         <name>.debug_info</name>
         <load_address>0x3f60</load_address>
         <run_address>0x3f60</run_address>
         <size>0x39</size>
         <input_file_ref idref="fl-c0"/>
      </object_component>
      <object_component id="oc-241">
         <name>.debug_info</name>
         <load_address>0x3f99</load_address>
         <run_address>0x3f99</run_address>
         <size>0x2b9</size>
         <input_file_ref idref="fl-c1"/>
      </object_component>
      <object_component id="oc-130">
         <name>.debug_info</name>
         <load_address>0x4252</load_address>
         <run_address>0x4252</run_address>
         <size>0x17c</size>
         <input_file_ref idref="fl-c1"/>
      </object_component>
      <object_component id="oc-2be">
         <name>.debug_info</name>
         <load_address>0x43ce</load_address>
         <run_address>0x43ce</run_address>
         <size>0xf9</size>
         <input_file_ref idref="fl-c2"/>
      </object_component>
      <object_component id="oc-23e">
         <name>.debug_info</name>
         <load_address>0x44c7</load_address>
         <run_address>0x44c7</run_address>
         <size>0x105</size>
         <input_file_ref idref="fl-c2"/>
      </object_component>
      <object_component id="oc-25">
         <name>.debug_info</name>
         <load_address>0x45cc</load_address>
         <run_address>0x45cc</run_address>
         <size>0x10b</size>
         <input_file_ref idref="fl-c3"/>
      </object_component>
      <object_component id="oc-5a">
         <name>.debug_info</name>
         <load_address>0x46d7</load_address>
         <run_address>0x46d7</run_address>
         <size>0x1a9</size>
         <input_file_ref idref="fl-c3"/>
      </object_component>
      <object_component id="oc-3e">
         <name>.debug_info</name>
         <load_address>0x4880</load_address>
         <run_address>0x4880</run_address>
         <size>0x119</size>
         <input_file_ref idref="fl-c5"/>
      </object_component>
      <object_component id="oc-287">
         <name>.debug_info</name>
         <load_address>0x4999</load_address>
         <run_address>0x4999</run_address>
         <size>0x4b3</size>
         <input_file_ref idref="fl-c6"/>
      </object_component>
      <object_component id="oc-1e5">
         <name>.debug_info</name>
         <load_address>0x4e4c</load_address>
         <run_address>0x4e4c</run_address>
         <size>0x1a6</size>
         <input_file_ref idref="fl-c6"/>
      </object_component>
      <object_component id="oc-2ec">
         <name>.debug_info</name>
         <load_address>0x4ff2</load_address>
         <run_address>0x4ff2</run_address>
         <size>0x39</size>
         <input_file_ref idref="fl-c6"/>
      </object_component>
      <object_component id="oc-30a">
         <name>.debug_info</name>
         <load_address>0x502b</load_address>
         <run_address>0x502b</run_address>
         <size>0x39</size>
         <input_file_ref idref="fl-c6"/>
      </object_component>
      <object_component id="oc-2f1">
         <name>.debug_info</name>
         <load_address>0x5064</load_address>
         <run_address>0x5064</run_address>
         <size>0x39</size>
         <input_file_ref idref="fl-c6"/>
      </object_component>
      <object_component id="oc-2f6">
         <name>.debug_info</name>
         <load_address>0x509d</load_address>
         <run_address>0x509d</run_address>
         <size>0xcd</size>
         <input_file_ref idref="fl-c6"/>
      </object_component>
      <object_component id="oc-98">
         <name>.debug_info</name>
         <load_address>0x516a</load_address>
         <run_address>0x516a</run_address>
         <size>0x153</size>
         <input_file_ref idref="fl-c7"/>
      </object_component>
      <object_component id="oc-1d9">
         <name>.debug_info</name>
         <load_address>0x52bd</load_address>
         <run_address>0x52bd</run_address>
         <size>0x122</size>
         <input_file_ref idref="fl-c9"/>
      </object_component>
      <object_component id="oc-21c">
         <name>.debug_info</name>
         <load_address>0x53df</load_address>
         <run_address>0x53df</run_address>
         <size>0x3e4</size>
         <input_file_ref idref="fl-cc"/>
      </object_component>
      <object_component id="oc-230">
         <name>.debug_info</name>
         <load_address>0x57c3</load_address>
         <run_address>0x57c3</run_address>
         <size>0x164</size>
         <input_file_ref idref="fl-cc"/>
      </object_component>
      <object_component id="oc-d0">
         <name>.debug_info</name>
         <load_address>0x5927</load_address>
         <run_address>0x5927</run_address>
         <size>0x2ac</size>
         <input_file_ref idref="fl-cc"/>
      </object_component>
      <object_component id="oc-229">
         <name>.debug_info</name>
         <load_address>0x5bd3</load_address>
         <run_address>0x5bd3</run_address>
         <size>0x2bc</size>
         <input_file_ref idref="fl-cc"/>
      </object_component>
      <object_component id="oc-17d">
         <name>.debug_info</name>
         <load_address>0x5e8f</load_address>
         <run_address>0x5e8f</run_address>
         <size>0x31f</size>
         <input_file_ref idref="fl-cc"/>
      </object_component>
      <object_component id="oc-135">
         <name>.debug_info</name>
         <load_address>0x61ae</load_address>
         <run_address>0x61ae</run_address>
         <size>0x29b</size>
         <input_file_ref idref="fl-cc"/>
      </object_component>
      <object_component id="oc-f2">
         <name>.debug_info</name>
         <load_address>0x6449</load_address>
         <run_address>0x6449</run_address>
         <size>0x299</size>
         <input_file_ref idref="fl-cc"/>
      </object_component>
      <object_component id="oc-171">
         <name>.debug_info</name>
         <load_address>0x66e2</load_address>
         <run_address>0x66e2</run_address>
         <size>0x2c0</size>
         <input_file_ref idref="fl-cc"/>
      </object_component>
      <object_component id="oc-177">
         <name>.debug_info</name>
         <load_address>0x69a2</load_address>
         <run_address>0x69a2</run_address>
         <size>0x2a5</size>
         <input_file_ref idref="fl-cc"/>
      </object_component>
      <object_component id="oc-cb">
         <name>.debug_info</name>
         <load_address>0x6c47</load_address>
         <run_address>0x6c47</run_address>
         <size>0x284</size>
         <input_file_ref idref="fl-cc"/>
      </object_component>
      <object_component id="oc-fa">
         <name>.debug_info</name>
         <load_address>0x6ecb</load_address>
         <run_address>0x6ecb</run_address>
         <size>0x289</size>
         <input_file_ref idref="fl-cc"/>
      </object_component>
      <object_component id="oc-190">
         <name>.debug_info</name>
         <load_address>0x7154</load_address>
         <run_address>0x7154</run_address>
         <size>0x2c4</size>
         <input_file_ref idref="fl-cc"/>
      </object_component>
      <object_component id="oc-1ae">
         <name>.debug_info</name>
         <load_address>0x7418</load_address>
         <run_address>0x7418</run_address>
         <size>0x288</size>
         <input_file_ref idref="fl-cc"/>
      </object_component>
      <object_component id="oc-189">
         <name>.debug_info</name>
         <load_address>0x76a0</load_address>
         <run_address>0x76a0</run_address>
         <size>0x298</size>
         <input_file_ref idref="fl-cc"/>
      </object_component>
      <object_component id="oc-1a7">
         <name>.debug_info</name>
         <load_address>0x7938</load_address>
         <run_address>0x7938</run_address>
         <size>0x296</size>
         <input_file_ref idref="fl-cc"/>
      </object_component>
      <object_component id="oc-2a3">
         <name>.debug_info</name>
         <load_address>0x7bce</load_address>
         <run_address>0x7bce</run_address>
         <size>0x26b</size>
         <input_file_ref idref="fl-cc"/>
      </object_component>
      <object_component id="oc-29c">
         <name>.debug_info</name>
         <load_address>0x7e39</load_address>
         <run_address>0x7e39</run_address>
         <size>0x297</size>
         <input_file_ref idref="fl-cc"/>
      </object_component>
      <object_component id="oc-2b0">
         <name>.debug_info</name>
         <load_address>0x80d0</load_address>
         <run_address>0x80d0</run_address>
         <size>0xef</size>
         <input_file_ref idref="fl-cc"/>
      </object_component>
      <object_component id="oc-217">
         <name>.debug_info</name>
         <load_address>0x81bf</load_address>
         <run_address>0x81bf</run_address>
         <size>0xbb</size>
         <input_file_ref idref="fl-cc"/>
      </object_component>
      <object_component id="oc-247">
         <name>.debug_info</name>
         <load_address>0x827a</load_address>
         <run_address>0x827a</run_address>
         <size>0x3b7</size>
         <input_file_ref idref="fl-cd"/>
      </object_component>
      <object_component id="oc-25f">
         <name>.debug_info</name>
         <load_address>0x8631</load_address>
         <run_address>0x8631</run_address>
         <size>0x157</size>
         <input_file_ref idref="fl-cd"/>
      </object_component>
      <object_component id="oc-256">
         <name>.debug_info</name>
         <load_address>0x8788</load_address>
         <run_address>0x8788</run_address>
         <size>0x15b</size>
         <input_file_ref idref="fl-cd"/>
      </object_component>
      <object_component id="oc-244">
         <name>.debug_info</name>
         <load_address>0x88e3</load_address>
         <run_address>0x88e3</run_address>
         <size>0x161</size>
         <input_file_ref idref="fl-cd"/>
      </object_component>
      <object_component id="oc-263">
         <name>.debug_info</name>
         <load_address>0x8a44</load_address>
         <run_address>0x8a44</run_address>
         <size>0x160</size>
         <input_file_ref idref="fl-cd"/>
      </object_component>
      <object_component id="oc-19b">
         <name>.debug_info</name>
         <load_address>0x8ba4</load_address>
         <run_address>0x8ba4</run_address>
         <size>0x2ca</size>
         <input_file_ref idref="fl-cd"/>
      </object_component>
      <object_component id="oc-194">
         <name>.debug_info</name>
         <load_address>0x8e6e</load_address>
         <run_address>0x8e6e</run_address>
         <size>0x2d2</size>
         <input_file_ref idref="fl-cd"/>
      </object_component>
      <object_component id="oc-1a0">
         <name>.debug_info</name>
         <load_address>0x9140</load_address>
         <run_address>0x9140</run_address>
         <size>0x247</size>
         <input_file_ref idref="fl-cd"/>
      </object_component>
      <object_component id="oc-16b">
         <name>.debug_info</name>
         <load_address>0x9387</load_address>
         <run_address>0x9387</run_address>
         <size>0x271</size>
         <input_file_ref idref="fl-cd"/>
      </object_component>
      <object_component id="oc-13c">
         <name>.debug_info</name>
         <load_address>0x95f8</load_address>
         <run_address>0x95f8</run_address>
         <size>0x273</size>
         <input_file_ref idref="fl-cd"/>
      </object_component>
      <object_component id="oc-234">
         <name>.debug_info</name>
         <load_address>0x986b</load_address>
         <run_address>0x986b</run_address>
         <size>0x396</size>
         <input_file_ref idref="fl-ce"/>
      </object_component>
      <object_component id="oc-10b">
         <name>.debug_info</name>
         <load_address>0x9c01</load_address>
         <run_address>0x9c01</run_address>
         <size>0x2ff</size>
         <input_file_ref idref="fl-ce"/>
      </object_component>
      <object_component id="oc-112">
         <name>.debug_info</name>
         <load_address>0x9f00</load_address>
         <run_address>0x9f00</run_address>
         <size>0x2cd</size>
         <input_file_ref idref="fl-ce"/>
      </object_component>
      <object_component id="oc-105">
         <name>.debug_info</name>
         <load_address>0xa1cd</load_address>
         <run_address>0xa1cd</run_address>
         <size>0x2bf</size>
         <input_file_ref idref="fl-ce"/>
      </object_component>
      <object_component id="oc-117">
         <name>.debug_info</name>
         <load_address>0xa48c</load_address>
         <run_address>0xa48c</run_address>
         <size>0x27f</size>
         <input_file_ref idref="fl-ce"/>
      </object_component>
      <object_component id="oc-ff">
         <name>.debug_info</name>
         <load_address>0xa70b</load_address>
         <run_address>0xa70b</run_address>
         <size>0x2bc</size>
         <input_file_ref idref="fl-ce"/>
      </object_component>
      <object_component id="oc-225">
         <name>.debug_info</name>
         <load_address>0xa9c7</load_address>
         <run_address>0xa9c7</run_address>
         <size>0x441</size>
         <input_file_ref idref="fl-cf"/>
      </object_component>
      <object_component id="oc-21f">
         <name>.debug_info</name>
         <load_address>0xae08</load_address>
         <run_address>0xae08</run_address>
         <size>0x156</size>
         <input_file_ref idref="fl-cf"/>
      </object_component>
      <object_component id="oc-ec">
         <name>.debug_info</name>
         <load_address>0xaf5e</load_address>
         <run_address>0xaf5e</run_address>
         <size>0x286</size>
         <input_file_ref idref="fl-cf"/>
      </object_component>
      <object_component id="oc-e6">
         <name>.debug_info</name>
         <load_address>0xb1e4</load_address>
         <run_address>0xb1e4</run_address>
         <size>0x26c</size>
         <input_file_ref idref="fl-cf"/>
      </object_component>
      <object_component id="oc-e0">
         <name>.debug_info</name>
         <load_address>0xb450</load_address>
         <run_address>0xb450</run_address>
         <size>0x2e4</size>
         <input_file_ref idref="fl-cf"/>
      </object_component>
      <object_component id="oc-d6">
         <name>.debug_info</name>
         <load_address>0xb734</load_address>
         <run_address>0xb734</run_address>
         <size>0x2be</size>
         <input_file_ref idref="fl-cf"/>
      </object_component>
      <object_component id="oc-2ac">
         <name>.debug_info</name>
         <load_address>0xb9f2</load_address>
         <run_address>0xb9f2</run_address>
         <size>0x51</size>
         <input_file_ref idref="fl-cf"/>
      </object_component>
      <object_component id="oc-270">
         <name>.debug_info</name>
         <load_address>0xba43</load_address>
         <run_address>0xba43</run_address>
         <size>0x3c7</size>
         <input_file_ref idref="fl-d0"/>
      </object_component>
      <object_component id="oc-2d6">
         <name>.debug_info</name>
         <load_address>0xbe0a</load_address>
         <run_address>0xbe0a</run_address>
         <size>0x163</size>
         <input_file_ref idref="fl-d0"/>
      </object_component>
      <object_component id="oc-2d9">
         <name>.debug_info</name>
         <load_address>0xbf6d</load_address>
         <run_address>0xbf6d</run_address>
         <size>0x175</size>
         <input_file_ref idref="fl-d0"/>
      </object_component>
      <object_component id="oc-1be">
         <name>.debug_info</name>
         <load_address>0xc0e2</load_address>
         <run_address>0xc0e2</run_address>
         <size>0x2c3</size>
         <input_file_ref idref="fl-d0"/>
      </object_component>
      <object_component id="oc-274">
         <name>.debug_info</name>
         <load_address>0xc3a5</load_address>
         <run_address>0xc3a5</run_address>
         <size>0x2f4</size>
         <input_file_ref idref="fl-d0"/>
      </object_component>
      <object_component id="oc-1c5">
         <name>.debug_info</name>
         <load_address>0xc699</load_address>
         <run_address>0xc699</run_address>
         <size>0x2ed</size>
         <input_file_ref idref="fl-d0"/>
      </object_component>
      <object_component id="oc-1cb">
         <name>.debug_info</name>
         <load_address>0xc986</load_address>
         <run_address>0xc986</run_address>
         <size>0x29d</size>
         <input_file_ref idref="fl-d0"/>
      </object_component>
      <object_component id="oc-1b2">
         <name>.debug_info</name>
         <load_address>0xcc23</load_address>
         <run_address>0xcc23</run_address>
         <size>0x29b</size>
         <input_file_ref idref="fl-d0"/>
      </object_component>
      <object_component id="oc-1d1">
         <name>.debug_info</name>
         <load_address>0xcebe</load_address>
         <run_address>0xcebe</run_address>
         <size>0x288</size>
         <input_file_ref idref="fl-d0"/>
      </object_component>
      <object_component id="oc-1b8">
         <name>.debug_info</name>
         <load_address>0xd146</load_address>
         <run_address>0xd146</run_address>
         <size>0x295</size>
         <input_file_ref idref="fl-d0"/>
      </object_component>
      <object_component id="oc-23a">
         <name>.debug_info</name>
         <load_address>0xd3db</load_address>
         <run_address>0xd3db</run_address>
         <size>0x3cb</size>
         <input_file_ref idref="fl-d1"/>
      </object_component>
      <object_component id="oc-2c6">
         <name>.debug_info</name>
         <load_address>0xd7a6</load_address>
         <run_address>0xd7a6</run_address>
         <size>0x160</size>
         <input_file_ref idref="fl-d1"/>
      </object_component>
      <object_component id="oc-2c9">
         <name>.debug_info</name>
         <load_address>0xd906</load_address>
         <run_address>0xd906</run_address>
         <size>0x172</size>
         <input_file_ref idref="fl-d1"/>
      </object_component>
      <object_component id="oc-24e">
         <name>.debug_info</name>
         <load_address>0xda78</load_address>
         <run_address>0xda78</run_address>
         <size>0x287</size>
         <input_file_ref idref="fl-d1"/>
      </object_component>
      <object_component id="oc-11c">
         <name>.debug_info</name>
         <load_address>0xdcff</load_address>
         <run_address>0xdcff</run_address>
         <size>0x288</size>
         <input_file_ref idref="fl-d1"/>
      </object_component>
      <object_component id="oc-15f">
         <name>.debug_info</name>
         <load_address>0xdf87</load_address>
         <run_address>0xdf87</run_address>
         <size>0x2cc</size>
         <input_file_ref idref="fl-d1"/>
      </object_component>
      <object_component id="oc-159">
         <name>.debug_info</name>
         <load_address>0xe253</load_address>
         <run_address>0xe253</run_address>
         <size>0x298</size>
         <input_file_ref idref="fl-d1"/>
      </object_component>
      <object_component id="oc-122">
         <name>.debug_info</name>
         <load_address>0xe4eb</load_address>
         <run_address>0xe4eb</run_address>
         <size>0x296</size>
         <input_file_ref idref="fl-d1"/>
      </object_component>
      <object_component id="oc-154">
         <name>.debug_info</name>
         <load_address>0xe781</load_address>
         <run_address>0xe781</run_address>
         <size>0x25a</size>
         <input_file_ref idref="fl-d1"/>
      </object_component>
      <object_component id="oc-166">
         <name>.debug_info</name>
         <load_address>0xe9db</load_address>
         <run_address>0xe9db</run_address>
         <size>0x250</size>
         <input_file_ref idref="fl-d1"/>
      </object_component>
      <object_component id="oc-141">
         <name>.debug_info</name>
         <load_address>0xec2b</load_address>
         <run_address>0xec2b</run_address>
         <size>0x252</size>
         <input_file_ref idref="fl-d1"/>
      </object_component>
      <object_component id="oc-14d">
         <name>.debug_info</name>
         <load_address>0xee7d</load_address>
         <run_address>0xee7d</run_address>
         <size>0x32f</size>
         <input_file_ref idref="fl-d1"/>
      </object_component>
      <object_component id="oc-147">
         <name>.debug_info</name>
         <load_address>0xf1ac</load_address>
         <run_address>0xf1ac</run_address>
         <size>0x29a</size>
         <input_file_ref idref="fl-d1"/>
      </object_component>
      <object_component id="oc-128">
         <name>.debug_info</name>
         <load_address>0xf446</load_address>
         <run_address>0xf446</run_address>
         <size>0x26c</size>
         <input_file_ref idref="fl-d1"/>
      </object_component>
      <object_component id="oc-26a">
         <name>.debug_info</name>
         <load_address>0xf6b2</load_address>
         <run_address>0xf6b2</run_address>
         <size>0x21b</size>
         <input_file_ref idref="fl-d2"/>
      </object_component>
      <object_component id="oc-346">
         <name>.debug_info</name>
         <load_address>0xf8cd</load_address>
         <run_address>0xf8cd</run_address>
         <size>0xa0</size>
      </object_component>
      <object_component id="oc-215">
         <name>.debug_line</name>
         <load_address>0x0</load_address>
         <run_address>0x0</run_address>
         <size>0x1c3</size>
         <input_file_ref idref="fl-2"/>
      </object_component>
      <object_component id="oc-223">
         <name>.debug_line</name>
         <load_address>0x1c3</load_address>
         <run_address>0x1c3</run_address>
         <size>0x2d</size>
         <input_file_ref idref="fl-2"/>
      </object_component>
      <object_component id="oc-9f">
         <name>.debug_line</name>
         <load_address>0x1f0</load_address>
         <run_address>0x1f0</run_address>
         <size>0x31f</size>
         <input_file_ref idref="fl-2"/>
      </object_component>
      <object_component id="oc-73">
         <name>.debug_line</name>
         <load_address>0x50f</load_address>
         <run_address>0x50f</run_address>
         <size>0x6f</size>
         <input_file_ref idref="fl-2"/>
      </object_component>
      <object_component id="oc-b5">
         <name>.debug_line</name>
         <load_address>0x57e</load_address>
         <run_address>0x57e</run_address>
         <size>0x20</size>
         <input_file_ref idref="fl-2"/>
      </object_component>
      <object_component id="oc-b0">
         <name>.debug_line</name>
         <load_address>0x59e</load_address>
         <run_address>0x59e</run_address>
         <size>0x73</size>
         <input_file_ref idref="fl-2"/>
      </object_component>
      <object_component id="oc-78">
         <name>.debug_line</name>
         <load_address>0x611</load_address>
         <run_address>0x611</run_address>
         <size>0x70</size>
         <input_file_ref idref="fl-2"/>
      </object_component>
      <object_component id="oc-6f">
         <name>.debug_line</name>
         <load_address>0x681</load_address>
         <run_address>0x681</run_address>
         <size>0x41</size>
         <input_file_ref idref="fl-3"/>
      </object_component>
      <object_component id="oc-2e">
         <name>.debug_line</name>
         <load_address>0x6c2</load_address>
         <run_address>0x6c2</run_address>
         <size>0x41</size>
         <input_file_ref idref="fl-3"/>
      </object_component>
      <object_component id="oc-2c">
         <name>.debug_line</name>
         <load_address>0x703</load_address>
         <run_address>0x703</run_address>
         <size>0xa1</size>
         <input_file_ref idref="fl-3"/>
      </object_component>
      <object_component id="oc-39">
         <name>.debug_line</name>
         <load_address>0x7a4</load_address>
         <run_address>0x7a4</run_address>
         <size>0x20</size>
         <input_file_ref idref="fl-3"/>
      </object_component>
      <object_component id="oc-c6">
         <name>.debug_line</name>
         <load_address>0x7c4</load_address>
         <run_address>0x7c4</run_address>
         <size>0x92</size>
         <input_file_ref idref="fl-be"/>
      </object_component>
      <object_component id="oc-48">
         <name>.debug_line</name>
         <load_address>0x856</load_address>
         <run_address>0x856</run_address>
         <size>0x56</size>
         <input_file_ref idref="fl-be"/>
      </object_component>
      <object_component id="oc-8c">
         <name>.debug_line</name>
         <load_address>0x8ac</load_address>
         <run_address>0x8ac</run_address>
         <size>0x34</size>
         <input_file_ref idref="fl-be"/>
      </object_component>
      <object_component id="oc-c3">
         <name>.debug_line</name>
         <load_address>0x8e0</load_address>
         <run_address>0x8e0</run_address>
         <size>0x92</size>
         <input_file_ref idref="fl-be"/>
      </object_component>
      <object_component id="oc-87">
         <name>.debug_line</name>
         <load_address>0x972</load_address>
         <run_address>0x972</run_address>
         <size>0x20</size>
         <input_file_ref idref="fl-bf"/>
      </object_component>
      <object_component id="oc-1c">
         <name>.debug_line</name>
         <load_address>0x992</load_address>
         <run_address>0x992</run_address>
         <size>0x55</size>
         <input_file_ref idref="fl-bf"/>
      </object_component>
      <object_component id="oc-44">
         <name>.debug_line</name>
         <load_address>0x9e7</load_address>
         <run_address>0x9e7</run_address>
         <size>0x3a</size>
         <input_file_ref idref="fl-bf"/>
      </object_component>
      <object_component id="oc-84">
         <name>.debug_line</name>
         <load_address>0xa21</load_address>
         <run_address>0xa21</run_address>
         <size>0x92</size>
         <input_file_ref idref="fl-bf"/>
      </object_component>
      <object_component id="oc-bf">
         <name>.debug_line</name>
         <load_address>0xab3</load_address>
         <run_address>0xab3</run_address>
         <size>0x20</size>
         <input_file_ref idref="fl-c0"/>
      </object_component>
      <object_component id="oc-18">
         <name>.debug_line</name>
         <load_address>0xad3</load_address>
         <run_address>0xad3</run_address>
         <size>0xa9</size>
         <input_file_ref idref="fl-c0"/>
      </object_component>
      <object_component id="oc-34">
         <name>.debug_line</name>
         <load_address>0xb7c</load_address>
         <run_address>0xb7c</run_address>
         <size>0x3a</size>
         <input_file_ref idref="fl-c0"/>
      </object_component>
      <object_component id="oc-bc">
         <name>.debug_line</name>
         <load_address>0xbb6</load_address>
         <run_address>0xbb6</run_address>
         <size>0x9a</size>
         <input_file_ref idref="fl-c0"/>
      </object_component>
      <object_component id="oc-7d">
         <name>.debug_line</name>
         <load_address>0xc50</load_address>
         <run_address>0xc50</run_address>
         <size>0x96</size>
         <input_file_ref idref="fl-c0"/>
      </object_component>
      <object_component id="oc-2c0">
         <name>.debug_line</name>
         <load_address>0xce6</load_address>
         <run_address>0xce6</run_address>
         <size>0x91</size>
         <input_file_ref idref="fl-c1"/>
      </object_component>
      <object_component id="oc-132">
         <name>.debug_line</name>
         <load_address>0xd77</load_address>
         <run_address>0xd77</run_address>
         <size>0x63</size>
         <input_file_ref idref="fl-c1"/>
      </object_component>
      <object_component id="oc-2fe">
         <name>.debug_line</name>
         <load_address>0xdda</load_address>
         <run_address>0xdda</run_address>
         <size>0x20</size>
         <input_file_ref idref="fl-c2"/>
      </object_component>
      <object_component id="oc-2bd">
         <name>.debug_line</name>
         <load_address>0xdfa</load_address>
         <run_address>0xdfa</run_address>
         <size>0x2b</size>
         <input_file_ref idref="fl-c2"/>
      </object_component>
      <object_component id="oc-6c">
         <name>.debug_line</name>
         <load_address>0xe25</load_address>
         <run_address>0xe25</run_address>
         <size>0x33</size>
         <input_file_ref idref="fl-c3"/>
      </object_component>
      <object_component id="oc-5e">
         <name>.debug_line</name>
         <load_address>0xe58</load_address>
         <run_address>0xe58</run_address>
         <size>0x45</size>
         <input_file_ref idref="fl-c3"/>
      </object_component>
      <object_component id="oc-3c">
         <name>.debug_line</name>
         <load_address>0xe9d</load_address>
         <run_address>0xe9d</run_address>
         <size>0x88</size>
         <input_file_ref idref="fl-c5"/>
      </object_component>
      <object_component id="oc-2eb">
         <name>.debug_line</name>
         <load_address>0xf25</load_address>
         <run_address>0xf25</run_address>
         <size>0xbf</size>
         <input_file_ref idref="fl-c6"/>
      </object_component>
      <object_component id="oc-1e3">
         <name>.debug_line</name>
         <load_address>0xfe4</load_address>
         <run_address>0xfe4</run_address>
         <size>0x6f</size>
         <input_file_ref idref="fl-c6"/>
      </object_component>
      <object_component id="oc-2ef">
         <name>.debug_line</name>
         <load_address>0x1053</load_address>
         <run_address>0x1053</run_address>
         <size>0x2e</size>
         <input_file_ref idref="fl-c6"/>
      </object_component>
      <object_component id="oc-30d">
         <name>.debug_line</name>
         <load_address>0x1081</load_address>
         <run_address>0x1081</run_address>
         <size>0x9a</size>
         <input_file_ref idref="fl-c6"/>
      </object_component>
      <object_component id="oc-2f4">
         <name>.debug_line</name>
         <load_address>0x111b</load_address>
         <run_address>0x111b</run_address>
         <size>0x97</size>
         <input_file_ref idref="fl-c6"/>
      </object_component>
      <object_component id="oc-2f9">
         <name>.debug_line</name>
         <load_address>0x11b2</load_address>
         <run_address>0x11b2</run_address>
         <size>0x93</size>
         <input_file_ref idref="fl-c6"/>
      </object_component>
      <object_component id="oc-96">
         <name>.debug_line</name>
         <load_address>0x1245</load_address>
         <run_address>0x1245</run_address>
         <size>0x40</size>
         <input_file_ref idref="fl-c7"/>
      </object_component>
      <object_component id="oc-1d8">
         <name>.debug_line</name>
         <load_address>0x1285</load_address>
         <run_address>0x1285</run_address>
         <size>0x3c</size>
         <input_file_ref idref="fl-c9"/>
      </object_component>
      <object_component id="oc-2a2">
         <name>.debug_line</name>
         <load_address>0x12c1</load_address>
         <run_address>0x12c1</run_address>
         <size>0x82</size>
         <input_file_ref idref="fl-cc"/>
      </object_component>
      <object_component id="oc-2b7">
         <name>.debug_line</name>
         <load_address>0x1343</load_address>
         <run_address>0x1343</run_address>
         <size>0x7d</size>
         <input_file_ref idref="fl-cc"/>
      </object_component>
      <object_component id="oc-d4">
         <name>.debug_line</name>
         <load_address>0x13c0</load_address>
         <run_address>0x13c0</run_address>
         <size>0x92</size>
         <input_file_ref idref="fl-cc"/>
      </object_component>
      <object_component id="oc-22d">
         <name>.debug_line</name>
         <load_address>0x1452</load_address>
         <run_address>0x1452</run_address>
         <size>0x95</size>
         <input_file_ref idref="fl-cc"/>
      </object_component>
      <object_component id="oc-181">
         <name>.debug_line</name>
         <load_address>0x14e7</load_address>
         <run_address>0x14e7</run_address>
         <size>0xc4</size>
         <input_file_ref idref="fl-cc"/>
      </object_component>
      <object_component id="oc-139">
         <name>.debug_line</name>
         <load_address>0x15ab</load_address>
         <run_address>0x15ab</run_address>
         <size>0x99</size>
         <input_file_ref idref="fl-cc"/>
      </object_component>
      <object_component id="oc-f6">
         <name>.debug_line</name>
         <load_address>0x1644</load_address>
         <run_address>0x1644</run_address>
         <size>0x99</size>
         <input_file_ref idref="fl-cc"/>
      </object_component>
      <object_component id="oc-175">
         <name>.debug_line</name>
         <load_address>0x16dd</load_address>
         <run_address>0x16dd</run_address>
         <size>0x99</size>
         <input_file_ref idref="fl-cc"/>
      </object_component>
      <object_component id="oc-17b">
         <name>.debug_line</name>
         <load_address>0x1776</load_address>
         <run_address>0x1776</run_address>
         <size>0x99</size>
         <input_file_ref idref="fl-cc"/>
      </object_component>
      <object_component id="oc-ce">
         <name>.debug_line</name>
         <load_address>0x180f</load_address>
         <run_address>0x180f</run_address>
         <size>0x92</size>
         <input_file_ref idref="fl-cc"/>
      </object_component>
      <object_component id="oc-f8">
         <name>.debug_line</name>
         <load_address>0x18a1</load_address>
         <run_address>0x18a1</run_address>
         <size>0xa7</size>
         <input_file_ref idref="fl-cc"/>
      </object_component>
      <object_component id="oc-18e">
         <name>.debug_line</name>
         <load_address>0x1948</load_address>
         <run_address>0x1948</run_address>
         <size>0x95</size>
         <input_file_ref idref="fl-cc"/>
      </object_component>
      <object_component id="oc-1ad">
         <name>.debug_line</name>
         <load_address>0x19dd</load_address>
         <run_address>0x19dd</run_address>
         <size>0x92</size>
         <input_file_ref idref="fl-cc"/>
      </object_component>
      <object_component id="oc-188">
         <name>.debug_line</name>
         <load_address>0x1a6f</load_address>
         <run_address>0x1a6f</run_address>
         <size>0x92</size>
         <input_file_ref idref="fl-cc"/>
      </object_component>
      <object_component id="oc-1a6">
         <name>.debug_line</name>
         <load_address>0x1b01</load_address>
         <run_address>0x1b01</run_address>
         <size>0x92</size>
         <input_file_ref idref="fl-cc"/>
      </object_component>
      <object_component id="oc-2a6">
         <name>.debug_line</name>
         <load_address>0x1b93</load_address>
         <run_address>0x1b93</run_address>
         <size>0x71</size>
         <input_file_ref idref="fl-cc"/>
      </object_component>
      <object_component id="oc-29f">
         <name>.debug_line</name>
         <load_address>0x1c04</load_address>
         <run_address>0x1c04</run_address>
         <size>0x75</size>
         <input_file_ref idref="fl-cc"/>
      </object_component>
      <object_component id="oc-2b3">
         <name>.debug_line</name>
         <load_address>0x1c79</load_address>
         <run_address>0x1c79</run_address>
         <size>0x71</size>
         <input_file_ref idref="fl-cc"/>
      </object_component>
      <object_component id="oc-21a">
         <name>.debug_line</name>
         <load_address>0x1cea</load_address>
         <run_address>0x1cea</run_address>
         <size>0x72</size>
         <input_file_ref idref="fl-cc"/>
      </object_component>
      <object_component id="oc-2c4">
         <name>.debug_line</name>
         <load_address>0x1d5c</load_address>
         <run_address>0x1d5c</run_address>
         <size>0x7c</size>
         <input_file_ref idref="fl-cd"/>
      </object_component>
      <object_component id="oc-2cf">
         <name>.debug_line</name>
         <load_address>0x1dd8</load_address>
         <run_address>0x1dd8</run_address>
         <size>0x82</size>
         <input_file_ref idref="fl-cd"/>
      </object_component>
      <object_component id="oc-2cd">
         <name>.debug_line</name>
         <load_address>0x1e5a</load_address>
         <run_address>0x1e5a</run_address>
         <size>0x82</size>
         <input_file_ref idref="fl-cd"/>
      </object_component>
      <object_component id="oc-2c2">
         <name>.debug_line</name>
         <load_address>0x1edc</load_address>
         <run_address>0x1edc</run_address>
         <size>0x82</size>
         <input_file_ref idref="fl-cd"/>
      </object_component>
      <object_component id="oc-2d1">
         <name>.debug_line</name>
         <load_address>0x1f5e</load_address>
         <run_address>0x1f5e</run_address>
         <size>0x82</size>
         <input_file_ref idref="fl-cd"/>
      </object_component>
      <object_component id="oc-19e">
         <name>.debug_line</name>
         <load_address>0x1fe0</load_address>
         <run_address>0x1fe0</run_address>
         <size>0xaf</size>
         <input_file_ref idref="fl-cd"/>
      </object_component>
      <object_component id="oc-197">
         <name>.debug_line</name>
         <load_address>0x208f</load_address>
         <run_address>0x208f</run_address>
         <size>0x99</size>
         <input_file_ref idref="fl-cd"/>
      </object_component>
      <object_component id="oc-1a3">
         <name>.debug_line</name>
         <load_address>0x2128</load_address>
         <run_address>0x2128</run_address>
         <size>0x97</size>
         <input_file_ref idref="fl-cd"/>
      </object_component>
      <object_component id="oc-16e">
         <name>.debug_line</name>
         <load_address>0x21bf</load_address>
         <run_address>0x21bf</run_address>
         <size>0xc2</size>
         <input_file_ref idref="fl-cd"/>
      </object_component>
      <object_component id="oc-13b">
         <name>.debug_line</name>
         <load_address>0x2281</load_address>
         <run_address>0x2281</run_address>
         <size>0xc2</size>
         <input_file_ref idref="fl-cd"/>
      </object_component>
      <object_component id="oc-2b9">
         <name>.debug_line</name>
         <load_address>0x2343</load_address>
         <run_address>0x2343</run_address>
         <size>0x82</size>
         <input_file_ref idref="fl-ce"/>
      </object_component>
      <object_component id="oc-10a">
         <name>.debug_line</name>
         <load_address>0x23c5</load_address>
         <run_address>0x23c5</run_address>
         <size>0x9e</size>
         <input_file_ref idref="fl-ce"/>
      </object_component>
      <object_component id="oc-111">
         <name>.debug_line</name>
         <load_address>0x2463</load_address>
         <run_address>0x2463</run_address>
         <size>0x95</size>
         <input_file_ref idref="fl-ce"/>
      </object_component>
      <object_component id="oc-107">
         <name>.debug_line</name>
         <load_address>0x24f8</load_address>
         <run_address>0x24f8</run_address>
         <size>0x96</size>
         <input_file_ref idref="fl-ce"/>
      </object_component>
      <object_component id="oc-119">
         <name>.debug_line</name>
         <load_address>0x258e</load_address>
         <run_address>0x258e</run_address>
         <size>0x91</size>
         <input_file_ref idref="fl-ce"/>
      </object_component>
      <object_component id="oc-101">
         <name>.debug_line</name>
         <load_address>0x261f</load_address>
         <run_address>0x261f</run_address>
         <size>0x9b</size>
         <input_file_ref idref="fl-ce"/>
      </object_component>
      <object_component id="oc-2ab">
         <name>.debug_line</name>
         <load_address>0x26ba</load_address>
         <run_address>0x26ba</run_address>
         <size>0x13d</size>
         <input_file_ref idref="fl-cf"/>
      </object_component>
      <object_component id="oc-2a9">
         <name>.debug_line</name>
         <load_address>0x27f7</load_address>
         <run_address>0x27f7</run_address>
         <size>0x7f</size>
         <input_file_ref idref="fl-cf"/>
      </object_component>
      <object_component id="oc-ef">
         <name>.debug_line</name>
         <load_address>0x2876</load_address>
         <run_address>0x2876</run_address>
         <size>0x94</size>
         <input_file_ref idref="fl-cf"/>
      </object_component>
      <object_component id="oc-e9">
         <name>.debug_line</name>
         <load_address>0x290a</load_address>
         <run_address>0x290a</run_address>
         <size>0x94</size>
         <input_file_ref idref="fl-cf"/>
      </object_component>
      <object_component id="oc-e3">
         <name>.debug_line</name>
         <load_address>0x299e</load_address>
         <run_address>0x299e</run_address>
         <size>0xee</size>
         <input_file_ref idref="fl-cf"/>
      </object_component>
      <object_component id="oc-d9">
         <name>.debug_line</name>
         <load_address>0x2a8c</load_address>
         <run_address>0x2a8c</run_address>
         <size>0x118</size>
         <input_file_ref idref="fl-cf"/>
      </object_component>
      <object_component id="oc-2ae">
         <name>.debug_line</name>
         <load_address>0x2ba4</load_address>
         <run_address>0x2ba4</run_address>
         <size>0x7f</size>
         <input_file_ref idref="fl-cf"/>
      </object_component>
      <object_component id="oc-2d4">
         <name>.debug_line</name>
         <load_address>0x2c23</load_address>
         <run_address>0x2c23</run_address>
         <size>0x82</size>
         <input_file_ref idref="fl-d0"/>
      </object_component>
      <object_component id="oc-304">
         <name>.debug_line</name>
         <load_address>0x2ca5</load_address>
         <run_address>0x2ca5</run_address>
         <size>0x7e</size>
         <input_file_ref idref="fl-d0"/>
      </object_component>
      <object_component id="oc-306">
         <name>.debug_line</name>
         <load_address>0x2d23</load_address>
         <run_address>0x2d23</run_address>
         <size>0x7e</size>
         <input_file_ref idref="fl-d0"/>
      </object_component>
      <object_component id="oc-1c1">
         <name>.debug_line</name>
         <load_address>0x2da1</load_address>
         <run_address>0x2da1</run_address>
         <size>0x9c</size>
         <input_file_ref idref="fl-d0"/>
      </object_component>
      <object_component id="oc-277">
         <name>.debug_line</name>
         <load_address>0x2e3d</load_address>
         <run_address>0x2e3d</run_address>
         <size>0xaf</size>
         <input_file_ref idref="fl-d0"/>
      </object_component>
      <object_component id="oc-1c4">
         <name>.debug_line</name>
         <load_address>0x2eec</load_address>
         <run_address>0x2eec</run_address>
         <size>0x9a</size>
         <input_file_ref idref="fl-d0"/>
      </object_component>
      <object_component id="oc-1ca">
         <name>.debug_line</name>
         <load_address>0x2f86</load_address>
         <run_address>0x2f86</run_address>
         <size>0x93</size>
         <input_file_ref idref="fl-d0"/>
      </object_component>
      <object_component id="oc-1b5">
         <name>.debug_line</name>
         <load_address>0x3019</load_address>
         <run_address>0x3019</run_address>
         <size>0x93</size>
         <input_file_ref idref="fl-d0"/>
      </object_component>
      <object_component id="oc-1d0">
         <name>.debug_line</name>
         <load_address>0x30ac</load_address>
         <run_address>0x30ac</run_address>
         <size>0x93</size>
         <input_file_ref idref="fl-d0"/>
      </object_component>
      <object_component id="oc-1bb">
         <name>.debug_line</name>
         <load_address>0x313f</load_address>
         <run_address>0x313f</run_address>
         <size>0xb7</size>
         <input_file_ref idref="fl-d0"/>
      </object_component>
      <object_component id="oc-2bb">
         <name>.debug_line</name>
         <load_address>0x31f6</load_address>
         <run_address>0x31f6</run_address>
         <size>0x82</size>
[...]
            <run_size>0x26c</run_size>
            <compression>zero_init</compression>
         </cprec>
      </cptbl>
   </cptbl_list>
   <handler_table>
      <handler_table_name>__TI_handler_table</handler_table_name>
      <handler>
         <index>0x0</index>
         <name>__TI_zero_init</name>
      </handler>
      <handler>
         <index>0x1</index>
         <name>__TI_decompress_lzss</name>
      </handler>
      <handler>
         <index>0x2</index>
         <name>__TI_decompress_none</name>
      </handler>
   </handler_table>
   <symbol_table>
      <symbol id="sm-1">
         <name>__STACK_TOP</name>
         <value>0x20000470</value>
      </symbol>
      <symbol id="sm-2">
         <name>__start___llvm_prf_cnts</name>
         <value>0x20000000</value>
      </symbol>
      <symbol id="sm-3">
         <name>__stop___llvm_prf_cnts</name>
         <value>0x20000000</value>
      </symbol>
      <symbol id="sm-4">
         <name>__TI_CINIT_Base</name>
         <value>0x1b40</value>
      </symbol>
      <symbol id="sm-5">
         <name>__TI_CINIT_Limit</name>
         <value>0x1b58</value>
      </symbol>
      <symbol id="sm-6">
         <name>__TI_Handler_Table_Base</name>
         <value>0x1b20</value>
      </symbol>
      <symbol id="sm-7">
         <name>__TI_Handler_Table_Limit</name>
         <value>0x1b2c</value>
      </symbol>
      <symbol id="sm-8">
         <name>binit</name>
         <value>0xffffffff</value>
      </symbol>
      <symbol id="sm-9">
         <name>__binit__</name>
         <value>0xffffffff</value>
      </symbol>
      <symbol id="sm-a">
         <name>__STACK_SIZE</name>
         <value>0x200</value>
      </symbol>
      <symbol id="sm-b">
         <name>__STACK_END</name>
         <value>0x20000470</value>
      </symbol>
      <symbol id="sm-c">
         <name>__c_args__</name>
         <value>0xffffffff</value>
      </symbol>
      <symbol id="sm-d">
         <name>__TI_pprof_out_hndl</name>
         <value>0xffffffff</value>
      </symbol>
      <symbol id="sm-e">
         <name>__TI_prof_data_start</name>
         <value>0xffffffff</value>
      </symbol>
      <symbol id="sm-f">
         <name>__TI_prof_data_size</name>
         <value>0xffffffff</value>
      </symbol>
      <symbol id="sm-ff">
         <name>break_value</name>
         <value>0x200004d4</value>
      </symbol>
      <symbol id="sm-100">
         <name>ui32Load</name>
         <value>0x200004dc</value>
      </symbol>
      <symbol id="sm-101">
         <name>ui32PWMClock</name>
         <value>0x200004e0</value>
      </symbol>
      <symbol id="sm-102">
         <name>buffer</name>
         <value>0x20000470</value>
      </symbol>
      <symbol id="sm-103">
         <name>uart_counter</name>
         <value>0x200004d8</value>
      </symbol>
      <symbol id="sm-104">
         <name>rcv_ch</name>
         <value>0x200004e4</value>
      </symbol>
      <symbol id="sm-105">
         <name>speed_flag</name>
         <value>0x20000502</value>
         <object_component_ref idref="oc-dc"/>
      </symbol>
      <symbol id="sm-106">
         <name>button_on_off</name>
         <value>0x200004f2</value>
         <object_component_ref idref="oc-dc"/>
      </symbol>
      <symbol id="sm-107">
         <name>buttonBrake</name>
         <value>0x200004ec</value>
         <object_component_ref idref="oc-dc"/>
      </symbol>
      <symbol id="sm-108">
         <name>buttonSpeedUp</name>
         <value>0x200004ee</value>
         <object_component_ref idref="oc-dc"/>
      </symbol>
      <symbol id="sm-109">
         <name>interrupt_uart</name>
         <value>0x5f1</value>
         <object_component_ref idref="oc-9b"/>
      </symbol>
      <symbol id="sm-10a">
         <name>pwm_init</name>
         <value>0x4f9</value>
         <object_component_ref idref="oc-9b"/>
      </symbol>
      <symbol id="sm-10b">
         <name>speed_control</name>
         <value>0x9dd</value>
         <object_component_ref idref="oc-9b"/>
      </symbol>
      <symbol id="sm-10c">
         <name>uart_parse</name>
         <value>0x651</value>
         <object_component_ref idref="oc-9b"/>
      </symbol>
      <symbol id="sm-10d">
         <name>stateButtonRight</name>
         <value>0x200004eb</value>
         <object_component_ref idref="oc-dc"/>
      </symbol>
      <symbol id="sm-10e">
         <name>break_flag</name>
         <value>0x20000500</value>
         <object_component_ref idref="oc-dc"/>
      </symbol>
      <symbol id="sm-10f">
         <name>tick</name>
         <value>0x20000503</value>
         <object_component_ref idref="oc-dc"/>
      </symbol>
      <symbol id="sm-110">
         <name>break_counter</name>
         <value>0x200004fc</value>
         <object_component_ref idref="oc-dc"/>
      </symbol>
      <symbol id="sm-111">
         <name>counterr</name>
         <value>0x200004f4</value>
         <object_component_ref idref="oc-dc"/>
      </symbol>
      <symbol id="sm-112">
         <name>IntTimer1</name>
         <value>0xbc1</value>
         <object_component_ref idref="oc-9b"/>
      </symbol>
      <symbol id="sm-113">
         <name>steer_degree</name>
         <value>0x20000508</value>
         <object_component_ref idref="oc-dc"/>
      </symbol>
      <symbol id="sm-114">
         <name>speed</name>
         <value>0x2000050c</value>
         <object_component_ref idref="oc-dc"/>
      </symbol>
      <symbol id="sm-115">
         <name>stateButtonBrake</name>
         <value>0x200004ed</value>
         <object_component_ref idref="oc-dc"/>
      </symbol>
      <symbol id="sm-116">
         <name>control_gpio_init</name>
         <value>0x749</value>
         <object_component_ref idref="oc-9b"/>
      </symbol>
      <symbol id="sm-117">
         <name>stateButton_on_off</name>
         <value>0x200004f3</value>
         <object_component_ref idref="oc-dc"/>
      </symbol>
      <symbol id="sm-118">
         <name>lastvalue_steer</name>
         <value>0x20000514</value>
         <object_component_ref idref="oc-dc"/>
      </symbol>
      <symbol id="sm-119">
         <name>lastvalue_brake</name>
         <value>0x20000510</value>
         <object_component_ref idref="oc-dc"/>
      </symbol>
      <symbol id="sm-11a">
         <name>main</name>
         <value>0x26d</value>
         <object_component_ref idref="oc-9b"/>
      </symbol>
      <symbol id="sm-11b">
         <name>brake_control</name>
         <value>0x7dd</value>
         <object_component_ref idref="oc-9b"/>
      </symbol>
      <symbol id="sm-11c">
         <name>stateButtonSpeedup</name>
         <value>0x200004ef</value>
         <object_component_ref idref="oc-dc"/>
      </symbol>
      <symbol id="sm-11d">
         <name>stateButtonLeft</name>
         <value>0x200004e9</value>
         <object_component_ref idref="oc-dc"/>
      </symbol>
      <symbol id="sm-11e">
         <name>steer_control</name>
         <value>0x8d1</value>
         <object_component_ref idref="oc-9b"/>
      </symbol>
      <symbol id="sm-11f">
         <name>uart_init</name>
         <value>0x6d1</value>
         <object_component_ref idref="oc-9b"/>
      </symbol>
      <symbol id="sm-120">
         <name>gpio_interrupt_init</name>
         <value>0xab1</value>
         <object_component_ref idref="oc-9b"/>
      </symbol>
      <symbol id="sm-121">
         <name>start_flag</name>
         <value>0x20000504</value>
         <object_component_ref idref="oc-dc"/>
      </symbol>
      <symbol id="sm-122">
         <name>lastvalue_speed</name>
         <value>0x20000518</value>
         <object_component_ref idref="oc-dc"/>
      </symbol>
      <symbol id="sm-123">
         <name>steer_flag</name>
         <value>0x20000501</value>
         <object_component_ref idref="oc-dc"/>
      </symbol>
      <symbol id="sm-124">
         <name>buttonLeft</name>
         <value>0x200004e8</value>
         <object_component_ref idref="oc-dc"/>
      </symbol>
      <symbol id="sm-125">
         <name>stateButtonSpeedDown</name>
         <value>0x200004f1</value>
         <object_component_ref idref="oc-dc"/>
      </symbol>
      <symbol id="sm-126">
         <name>IntGPIOdHandler</name>
         <value>0xb0d</value>
         <object_component_ref idref="oc-9b"/>
      </symbol>
      <symbol id="sm-127">
         <name>init_timerHardware</name>
         <value>0xbdd</value>
         <object_component_ref idref="oc-9b"/>
      </symbol>
      <symbol id="sm-128">
         <name>buttonRight</name>
         <value>0x200004ea</value>
         <object_component_ref idref="oc-dc"/>
      </symbol>
      <symbol id="sm-129">
         <name>elsecounter</name>
         <value>0x200004f8</value>
         <object_component_ref idref="oc-dc"/>
      </symbol>
      <symbol id="sm-12a">
         <name>buttonSpeedDown</name>
         <value>0x200004f0</value>
         <object_component_ref idref="oc-dc"/>
      </symbol>
      <symbol id="sm-14b">
         <name>ResetISR</name>
         <value>0x16c1</value>
         <object_component_ref idref="oc-27"/>
      </symbol>
      <symbol id="sm-14c">
         <name>g_pfnVectors</name>
         <value>0x0</value>
         <object_component_ref idref="oc-12"/>
      </symbol>
      <symbol id="sm-165">
         <name>__TI_zero_init_nomemset</name>
         <value>0x154f</value>
         <object_component_ref idref="oc-47"/>
      </symbol>
      <symbol id="sm-17c">
         <name>__TI_decompress_none</name>
         <value>0x168f</value>
         <object_component_ref idref="oc-1b"/>
      </symbol>
      <symbol id="sm-19f">
         <name>__TI_decompress_lzss</name>
         <value>0x1131</value>
         <object_component_ref idref="oc-15"/>
      </symbol>
      <symbol id="sm-1b5">
         <name>atoi</name>
         <value>0x12e9</value>
         <object_component_ref idref="oc-12d"/>
      </symbol>
      <symbol id="sm-1c0">
         <name>_ctypes_</name>
         <value>0x1720</value>
         <object_component_ref idref="oc-23d"/>
      </symbol>
      <symbol id="sm-1d3">
         <name>__stack</name>
         <value>0x20000270</value>
         <object_component_ref idref="oc-24"/>
      </symbol>
      <symbol id="sm-1d4">
         <name>_c_int00_noargs</name>
         <value>0x1469</value>
         <object_component_ref idref="oc-59"/>
      </symbol>
      <symbol id="sm-1f0">
         <name>memcpy</name>
         <value>0xfc5</value>
         <object_component_ref idref="oc-3b"/>
      </symbol>
      <symbol id="sm-1f1">
         <name>__aeabi_memcpy</name>
         <value>0xfc5</value>
         <object_component_ref idref="oc-3b"/>
      </symbol>
      <symbol id="sm-1f2">
         <name>__aeabi_memcpy8</name>
         <value>0xfc5</value>
         <object_component_ref idref="oc-3b"/>
      </symbol>
      <symbol id="sm-1f3">
         <name>__aeabi_memcpy4</name>
         <value>0xfc5</value>
         <object_component_ref idref="oc-3b"/>
      </symbol>
      <symbol id="sm-21b">
         <name>__TI_auto_init_nobinit_nopinit</name>
         <value>0x137d</value>
         <object_component_ref idref="oc-1e2"/>
      </symbol>
      <symbol id="sm-225">
         <name>_system_pre_init</name>
         <value>0x1717</value>
         <object_component_ref idref="oc-95"/>
      </symbol>
      <symbol id="sm-231">
         <name>C$$EXIT</name>
         <value>0x171b</value>
         <object_component_ref idref="oc-1d6"/>
      </symbol>
      <symbol id="sm-232">
         <name>abort</name>
         <value>0x171b</value>
         <object_component_ref idref="oc-1d6"/>
      </symbol>
      <symbol id="sm-2ca">
         <name>GPIOPinTypePWM</name>
         <value>0x15cb</value>
         <object_component_ref idref="oc-f1"/>
      </symbol>
      <symbol id="sm-2cb">
         <name>GPIOPinConfigure</name>
         <value>0x1251</value>
         <object_component_ref idref="oc-f7"/>
      </symbol>
      <symbol id="sm-2cc">
         <name>GPIOIntEnable</name>
         <value>0x16a9</value>
         <object_component_ref idref="oc-187"/>
      </symbol>
      <symbol id="sm-2cd">
         <name>GPIOIntTypeSet</name>
         <value>0x11f9</value>
         <object_component_ref idref="oc-18d"/>
      </symbol>
      <symbol id="sm-2ce">
         <name>GPIOPinTypeGPIOInput</name>
         <value>0x15b5</value>
         <object_component_ref idref="oc-176"/>
      </symbol>
      <symbol id="sm-2cf">
         <name>GPIOIntClear</name>
         <value>0x16f1</value>
         <object_component_ref idref="oc-1a5"/>
      </symbol>
      <symbol id="sm-2d0">
         <name>GPIOPinTypeUART</name>
         <value>0x15e1</value>
         <object_component_ref idref="oc-134"/>
      </symbol>
      <symbol id="sm-2d1">
         <name>GPIOIntStatus</name>
         <value>0x1665</value>
         <object_component_ref idref="oc-1ab"/>
      </symbol>
      <symbol id="sm-2d2">
         <name>GPIOPinTypeGPIOOutput</name>
         <value>0x156b</value>
         <object_component_ref idref="oc-170"/>
      </symbol>
      <symbol id="sm-2d3">
         <name>GPIOPinRead</name>
         <value>0x16f7</value>
         <object_component_ref idref="oc-c9"/>
      </symbol>
      <symbol id="sm-2d4">
         <name>GPIODirModeSet</name>
         <value>0x149d</value>
         <object_component_ref idref="oc-228"/>
      </symbol>
      <symbol id="sm-2d5">
         <name>GPIOPinWrite</name>
         <value>0x16fd</value>
         <object_component_ref idref="oc-cf"/>
      </symbol>
      <symbol id="sm-2d6">
         <name>GPIOPadConfigSet</name>
         <value>0xc4d</value>
         <object_component_ref idref="oc-17c"/>
      </symbol>
      <symbol id="sm-33b">
         <name>IntPrioritySet</name>
         <value>0x14c9</value>
         <object_component_ref idref="oc-193"/>
      </symbol>
      <symbol id="sm-33c">
         <name>IntEnable</name>
         <value>0x10c9</value>
         <object_component_ref idref="oc-16a"/>
      </symbol>
      <symbol id="sm-33d">
         <name>IntDisable</name>
         <value>0x1061</value>
         <object_component_ref idref="oc-13a"/>
      </symbol>
      <symbol id="sm-33e">
         <name>IntRegister</name>
         <value>0x1401</value>
         <object_component_ref idref="oc-199"/>
      </symbol>
      <symbol id="sm-33f">
         <name>g_pfnRAMVectors</name>
         <value>0x20000000</value>
         <object_component_ref idref="oc-262"/>
      </symbol>
      <symbol id="sm-340">
         <name>IntMasterEnable</name>
         <value>0x1645</value>
         <object_component_ref idref="oc-19f"/>
      </symbol>
      <symbol id="sm-36d">
         <name>PWMGenPeriodSet</name>
         <value>0x1655</value>
         <object_component_ref idref="oc-103"/>
      </symbol>
      <symbol id="sm-36e">
         <name>PWMPulseWidthSet</name>
         <value>0x1531</value>
         <object_component_ref idref="oc-109"/>
      </symbol>
      <symbol id="sm-36f">
         <name>PWMOutputState</name>
         <value>0x1621</value>
         <object_component_ref idref="oc-10f"/>
      </symbol>
      <symbol id="sm-370">
         <name>PWMGenEnable</name>
         <value>0x16b5</value>
         <object_component_ref idref="oc-115"/>
      </symbol>
      <symbol id="sm-371">
         <name>PWMGenConfigure</name>
         <value>0x14ed</value>
         <object_component_ref idref="oc-fd"/>
      </symbol>
      <symbol id="sm-3ce">
         <name>SysCtlClockSet</name>
         <value>0xed1</value>
         <object_component_ref idref="oc-df"/>
      </symbol>
      <symbol id="sm-3cf">
         <name>SysCtlDelay</name>
         <value>0x1703</value>
         <object_component_ref idref="oc-db"/>
      </symbol>
      <symbol id="sm-3d0">
         <name>SysCtlPeripheralEnable</name>
         <value>0x1435</value>
         <object_component_ref idref="oc-eb"/>
      </symbol>
      <symbol id="sm-3d1">
         <name>SysCtlClockGet</name>
         <value>0xdb9</value>
         <object_component_ref idref="oc-d5"/>
      </symbol>
      <symbol id="sm-3d2">
         <name>SysCtlPWMClockSet</name>
         <value>0x15f9</value>
         <object_component_ref idref="oc-e5"/>
      </symbol>
      <symbol id="sm-42d">
         <name>TimerLoadSet</name>
         <value>0x1633</value>
         <object_component_ref idref="oc-1bd"/>
      </symbol>
      <symbol id="sm-42e">
         <name>TimerIntRegister</name>
         <value>0x1585</value>
         <object_component_ref idref="oc-1c3"/>
      </symbol>
      <symbol id="sm-42f">
         <name>TimerEnable</name>
         <value>0x1673</value>
         <object_component_ref idref="oc-1cf"/>
      </symbol>
      <symbol id="sm-430">
         <name>TimerIntEnable</name>
         <value>0x16e1</value>
         <object_component_ref idref="oc-1c9"/>
      </symbol>
      <symbol id="sm-431">
         <name>TimerConfigure</name>
         <value>0x1199</value>
         <object_component_ref idref="oc-1b7"/>
      </symbol>
      <symbol id="sm-432">
         <name>TimerIntClear</name>
         <value>0x170f</value>
         <object_component_ref idref="oc-1b1"/>
      </symbol>
      <symbol id="sm-4aa">
         <name>UARTFIFODisable</name>
         <value>0x16cd</value>
         <object_component_ref idref="oc-152"/>
      </symbol>
      <symbol id="sm-4ab">
         <name>UARTConfigSetExpClk</name>
         <value>0x1335</value>
         <object_component_ref idref="oc-14c"/>
      </symbol>
      <symbol id="sm-4ac">
         <name>UARTDisable</name>
         <value>0x1511</value>
         <object_component_ref idref="oc-140"/>
      </symbol>
      <symbol id="sm-4ad">
         <name>UARTIntEnable</name>
         <value>0x16e9</value>
         <object_component_ref idref="oc-158"/>
      </symbol>
      <symbol id="sm-4ae">
         <name>UARTCharGetNonBlocking</name>
         <value>0x1681</value>
         <object_component_ref idref="oc-127"/>
      </symbol>
      <symbol id="sm-4af">
         <name>UARTClockSourceSet</name>
         <value>0x1709</value>
         <object_component_ref idref="oc-146"/>
      </symbol>
      <symbol id="sm-4b0">
         <name>UARTEnable</name>
         <value>0x160d</value>
         <object_component_ref idref="oc-164"/>
      </symbol>
      <symbol id="sm-4b1">
         <name>UARTIntClear</name>
         <value>0x1713</value>
         <object_component_ref idref="oc-121"/>
      </symbol>
      <symbol id="sm-4b2">
         <name>UARTIntStatus</name>
         <value>0x16d7</value>
         <object_component_ref idref="oc-11b"/>
      </symbol>
      <symbol id="sm-4b3">
         <name>UARTIntRegister</name>
         <value>0x159d</value>
         <object_component_ref idref="oc-15e"/>
      </symbol>
      <symbol id="sm-4bd">
         <name>CPUcpsie</name>
         <value>0x169d</value>
         <object_component_ref idref="oc-266"/>
      </symbol>
      <symbol id="sm-4be">
         <name>__TI_static_base__</name>
         <value>0x0</value>
      </symbol>
      <symbol id="sm-4c1">
         <name>__mpu_init</name>
         <value>0x0</value>
      </symbol>
      <symbol id="sm-4c2">
         <name>_system_post_cinit</name>
         <value>0x0</value>
      </symbol>
   </symbol_table>
   <title>Link successful</title>
</link_info>
