******************************************************************************
                  TI ARM Linker PC v20.2.1                     
******************************************************************************
>> Linked Fri Jul 17 22:32:54 2020

OUTPUT FILE NAME:   <Otonom_kontrol.out>
ENTRY POINT SYMBOL: "_c_int00_noargs"  address: 00001469


MEMORY CONFIGURATION

         name            origin    length      used     unused   attr    fill
----------------------  --------  ---------  --------  --------  ----  --------
  FLASH                 00000000   00040000  00001b52  0003e4ae  R  X
  SRAM                  20000000   00008000  00000515  00007aeb  RW X


SEGMENT ALLOCATION MAP

run origin  load origin   length   init length attrs members
----------  ----------- ---------- ----------- ----- -------
00000000    00000000    00001b58   00001b58    r-x
  00000000    00000000    0000026c   0000026c    r-- .intvecs
  0000026c    0000026c    000014b2   000014b2    r-x .text
  00001720    00001720    000003e4   000003e4    r-- .const
  00001b08    00001b08    00000050   00000050    r-- .cinit
20000000    20000000    0000051c   00000000    rw-
  20000000    20000000    0000026c   00000000    rw- .vtable
  20000270    20000270    00000200   00000000    rw- .stack
  20000470    20000470    00000075   00000000    rw- .bss
  200004e8    200004e8    00000034   00000000    rw- .data


SECTION ALLOCATION MAP

 output                                  attributes/
section   page    origin      length       input sections
--------  ----  ----------  ----------   ----------------
.intvecs   0    00000000    0000026c     
                  00000000    0000026c     tm4c123gh6pm_startup_ccs.obj (.intvecs)

.text      0    0000026c    000014b2     
                  0000026c    000009e0     main.obj (.text)
                  00000c4c    0000016c     driverlib.lib : gpio.obj (.text:GPIOPadConfigSet)
                  00000db8    00000118                   : sysctl.obj (.text:SysCtlClockGet)
                  00000ed0    000000f4                   : sysctl.obj (.text:SysCtlClockSet)
                  00000fc4    0000009c     rtsv7M4_T_le_v4SPD16_eabi.lib : memcpy_t2.asm.obj (.text)
                  00001060    00000068     driverlib.lib : interrupt.obj (.text:IntDisable)
                  000010c8    00000068                   : interrupt.obj (.text:IntEnable)
                  00001130    00000068     rtsv7M4_T_le_v4SPD16_eabi.lib : copy_decompress_lzss.c.obj (.text:decompress:lzss:__TI_decompress_lzss)
                  00001198    00000060     driverlib.lib : timer.obj (.text:TimerConfigure)
                  000011f8    00000058                   : gpio.obj (.text:GPIOIntTypeSet)
                  00001250    0000004c                   : gpio.obj (.text:GPIOPinConfigure)
                  0000129c    0000004c                   : timer.obj (.text:_TimerIntNumberGet)
                  000012e8    0000004c     rtsv7M4_T_le_v4SPD16_eabi.lib : atoi.c.obj (.text:atoi)
                  00001334    00000046     driverlib.lib : uart.obj (.text:UARTConfigSetExpClk)
                  0000137a    00000002     --HOLE-- [fill = 0]
                  0000137c    00000044     rtsv7M4_T_le_v4SPD16_eabi.lib : autoinit.c.obj (.text:__TI_auto_init_nobinit_nopinit:__TI_auto_init_nobinit_nopinit)
                  000013c0    00000040     driverlib.lib : uart.obj (.text:_UARTIntNumberGet)
                  00001400    00000034                   : interrupt.obj (.text:IntRegister)
                  00001434    00000034                   : sysctl.obj (.text:SysCtlPeripheralEnable)
                  00001468    00000034     rtsv7M4_T_le_v4SPD16_eabi.lib : boot_cortex_m.c.obj (.text:_c_int00_noargs:_c_int00_noargs)
                  0000149c    0000002c     driverlib.lib : gpio.obj (.text:GPIODirModeSet)
                  000014c8    00000024                   : interrupt.obj (.text:IntPrioritySet)
                  000014ec    00000022                   : pwm.obj (.text:PWMGenConfigure)
                  0000150e    00000002     --HOLE-- [fill = 0]
                  00001510    00000020                   : uart.obj (.text:UARTDisable)
                  00001530    0000001e                   : pwm.obj (.text:PWMPulseWidthSet)
                  0000154e    0000001c     rtsv7M4_T_le_v4SPD16_eabi.lib : copy_zero_init.c.obj (.text:decompress:ZI:__TI_zero_init_nomemset:__TI_zero_init_nomemset)
                  0000156a    0000001a     driverlib.lib : gpio.obj (.text:GPIOPinTypeGPIOOutput)
                  00001584    00000018                   : timer.obj (.text:TimerIntRegister)
                  0000159c    00000018                   : uart.obj (.text:UARTIntRegister)
                  000015b4    00000016                   : gpio.obj (.text:GPIOPinTypeGPIOInput)
                  000015ca    00000016                   : gpio.obj (.text:GPIOPinTypePWM)
                  000015e0    00000016                   : gpio.obj (.text:GPIOPinTypeUART)
                  000015f6    00000002     --HOLE-- [fill = 0]
                  000015f8    00000014                   : sysctl.obj (.text:SysCtlPWMClockSet)
                  0000160c    00000014                   : uart.obj (.text:UARTEnable)
                  00001620    00000012                   : pwm.obj (.text:PWMOutputState)
                  00001632    00000012                   : timer.obj (.text:TimerLoadSet)
                  00001644    00000010                   : interrupt.obj (.text:IntMasterEnable)
                  00001654    00000010                   : pwm.obj (.text:PWMGenPeriodSet)
                  00001664    0000000e                   : gpio.obj (.text:GPIOIntStatus)
                  00001672    0000000e                   : timer.obj (.text:TimerEnable)
                  00001680    0000000e                   : uart.obj (.text:UARTCharGetNonBlocking)
                  0000168e    0000000e     rtsv7M4_T_le_v4SPD16_eabi.lib : copy_decompress_none.c.obj (.text:decompress:none:__TI_decompress_none)
                  0000169c    0000000c     driverlib.lib : cpu.obj (.text:CPUcpsie)
                  000016a8    0000000c                   : gpio.obj (.text:GPIOIntEnable)
                  000016b4    0000000c                   : pwm.obj (.text:PWMGenEnable)
                  000016c0    0000000c     tm4c123gh6pm_startup_ccs.obj (.text)
                  000016cc    0000000a     driverlib.lib : uart.obj (.text:UARTFIFODisable)
                  000016d6    0000000a                   : uart.obj (.text:UARTIntStatus)
                  000016e0    00000008                   : timer.obj (.text:TimerIntEnable)
                  000016e8    00000008                   : uart.obj (.text:UARTIntEnable)
                  000016f0    00000006                   : gpio.obj (.text:GPIOIntClear)
                  000016f6    00000006                   : gpio.obj (.text:GPIOPinRead)
                  000016fc    00000006                   : gpio.obj (.text:GPIOPinWrite)
                  00001702    00000006                   : sysctl.obj (.text:SysCtlDelay)
                  00001708    00000006                   : uart.obj (.text:UARTClockSourceSet)
                  0000170e    00000004                   : timer.obj (.text:TimerIntClear)
                  00001712    00000004                   : uart.obj (.text:UARTIntClear)
                  00001716    00000004     rtsv7M4_T_le_v4SPD16_eabi.lib : pre_init.c.obj (.text:_system_pre_init)
                  0000171a    00000004                                   : exit.c.obj (.text:abort:abort)

.const     0    00001720    000003e4     
                  00001720    00000101     rtsv7M4_T_le_v4SPD16_eabi.lib : ctype.c.obj (.const:.string:_ctypes_)
                  00001821    00000003     --HOLE-- [fill = 0]
                  00001824    0000009c     driverlib.lib : interrupt.obj (.const:g_pui32Regs)
                  000018c0    00000090                   : gpio.obj (.const:g_pui32GPIOBaseAddrs)
                  00001950    0000006c                   : sysctl.obj (.const:g_pui32Xtals)
                  000019bc    00000060                   : timer.obj (.const:g_ppui32TimerIntMap)
                  00001a1c    00000040                   : timer.obj (.const:g_ppui32TimerIntMapSnowflake)
                  00001a5c    00000040                   : uart.obj (.const:g_ppui32UARTIntMap)
                  00001a9c    00000040                   : uart.obj (.const:g_ppui32UARTIntMapSnowflake)
                  00001adc    00000014                   : interrupt.obj (.const:g_pui32Dii16Regs)
                  00001af0    00000014                   : interrupt.obj (.const:g_pui32EnRegs)

.cinit     0    00001b08    00000050     
                  00001b08    00000017     (.cinit..data.load) [load image, compression = lzss]
                  00001b1f    00000001     --HOLE-- [fill = 0]
                  00001b20    0000000c     (__TI_handler_table)
                  00001b2c    00000004     --HOLE-- [fill = 0]
                  00001b30    00000008     (.cinit..bss.load) [load image, compression = zero_init]
                  00001b38    00000008     (.cinit..vtable.load) [load image, compression = zero_init]
                  00001b40    00000018     (__TI_cinit_table)

.init_array 
*          0    00000000    00000000     UNINITIALIZED

.vtable    0    20000000    0000026c     UNINITIALIZED
                  20000000    0000026c     driverlib.lib : interrupt.obj (.vtable)

.bss       0    20000470    00000075     UNINITIALIZED
                  20000470    00000064     (.common:buffer)
                  200004d4    00000004     (.common:break_value)
                  200004d8    00000004     (.common:uart_counter)
                  200004dc    00000004     (.common:ui32Load)
                  200004e0    00000004     (.common:ui32PWMClock)
                  200004e4    00000001     (.common:rcv_ch)

.data      0    200004e8    00000034     UNINITIALIZED
                  200004e8    00000034     main.obj (.data)

.stack     0    20000270    00000200     UNINITIALIZED
                  20000270    00000004     rtsv7M4_T_le_v4SPD16_eabi.lib : boot_cortex_m.c.obj (.stack)
                  20000274    000001fc     --HOLE--

__llvm_prf_cnts 
*          0    20000000    00000000     UNINITIALIZED

MODULE SUMMARY

       Module                         code   ro data   rw data
       ------                         ----   -------   -------
    .\
       main.obj                       2528   0         169    
       tm4c123gh6pm_startup_ccs.obj   12     620       0      
    +--+------------------------------+------+---------+---------+
       Total:                         2540   620       169    
                                                              
    C:/ti/TivaWare_C_Series-2.2.0.295/driverlib/ccs/Debug/driverlib.lib
       interrupt.obj                  312    196       620    
       gpio.obj                       708    144       0      
       sysctl.obj                     602    108       0      
       timer.obj                      240    160       0      
       uart.obj                       262    128       0      
       pwm.obj                        110    0         0      
       cpu.obj                        12     0         0      
    +--+------------------------------+------+---------+---------+
       Total:                         2246   736       620    
                                                              
    C:\ti\ccs1010\ccs\tools\compiler\ti-cgt-arm_20.2.1.LTS\lib\rtsv7M4_T_le_v4SPD16_eabi.lib
       ctype.c.obj                    0      257       0      
       memcpy_t2.asm.obj              156    0         0      
       copy_decompress_lzss.c.obj     104    0         0      
       atoi.c.obj                     76     0         0      
       autoinit.c.obj                 68     0         0      
       boot_cortex_m.c.obj            52     0         0      
       copy_zero_init.c.obj           28     0         0      
       copy_decompress_none.c.obj     14     0         0      
       exit.c.obj                     4      0         0      
       pre_init.c.obj                 4      0         0      
    +--+------------------------------+------+---------+---------+
       Total:                         506    257       0      
                                                              
       Stack:                         0      0         512    
       Linker Generated:              0      75        0      
    +--+------------------------------+------+---------+---------+
       Grand Total:                   5292   1688      1301   


LINKER GENERATED COPY TABLES

__TI_cinit_table @ 00001b40 records: 3, size/record: 8, table size: 24
	.data: load addr=00001b08, load size=00000017 bytes, run addr=200004e8, run size=00000034 bytes, compression=lzss
	.bss: load addr=00001b30, load size=00000008 bytes, run addr=20000470, run size=00000075 bytes, compression=zero_init
	.vtable: load addr=00001b38, load size=00000008 bytes, run addr=20000000, run size=0000026c bytes, compression=zero_init


LINKER GENERATED HANDLER TABLE

__TI_handler_table @ 00001b20 records: 3, size/record: 4, table size: 12
	index: 0, handler: __TI_zero_init
	index: 1, handler: __TI_decompress_lzss
	index: 2, handler: __TI_decompress_none


GLOBAL SYMBOLS: SORTED ALPHABETICALLY BY Name 

address   name                          
-------   ----                          
0000171b  C$$EXIT                       
0000169d  CPUcpsie                      
0000149d  GPIODirModeSet                
000016f1  GPIOIntClear                  
000016a9  GPIOIntEnable                 
00001665  GPIOIntStatus                 
000011f9  GPIOIntTypeSet                
00000c4d  GPIOPadConfigSet              
00001251  GPIOPinConfigure              
000016f7  GPIOPinRead                   
000015b5  GPIOPinTypeGPIOInput          
0000156b  GPIOPinTypeGPIOOutput         
000015cb  GPIOPinTypePWM                
000015e1  GPIOPinTypeUART               
000016fd  GPIOPinWrite                  
00001061  IntDisable                    
000010c9  IntEnable                     
00000b0d  IntGPIOdHandler               
00001645  IntMasterEnable               
000014c9  IntPrioritySet                
00001401  IntRegister                   
00000bc1  IntTimer1                     
000014ed  PWMGenConfigure               
000016b5  PWMGenEnable                  
00001655  PWMGenPeriodSet               
00001621  PWMOutputState                
00001531  PWMPulseWidthSet              
000016c1  ResetISR                      
00000db9  SysCtlClockGet                
00000ed1  SysCtlClockSet                
00001703  SysCtlDelay                   
000015f9  SysCtlPWMClockSet             
00001435  SysCtlPeripheralEnable        
00001199  TimerConfigure                
00001673  TimerEnable                   
0000170f  TimerIntClear                 
000016e1  TimerIntEnable                
00001585  TimerIntRegister              
00001633  TimerLoadSet                  
00001681  UARTCharGetNonBlocking        
00001709  UARTClockSourceSet            
00001335  UARTConfigSetExpClk           
00001511  UARTDisable                   
0000160d  UARTEnable                    
000016cd  UARTFIFODisable               
00001713  UARTIntClear                  
000016e9  UARTIntEnable                 
0000159d  UARTIntRegister               
000016d7  UARTIntStatus                 
20000470  __STACK_END                   
00000200  __STACK_SIZE                  
20000470  __STACK_TOP                   
00001b40  __TI_CINIT_Base               
00001b58  __TI_CINIT_Limit              
00001b20  __TI_Handler_Table_Base       
00001b2c  __TI_Handler_Table_Limit      
0000137d  __TI_auto_init_nobinit_nopinit
00001131  __TI_decompress_lzss          
0000168f  __TI_decompress_none          
ffffffff  __TI_pprof_out_hndl           
ffffffff  __TI_prof_data_size           
ffffffff  __TI_prof_data_start          
00000000  __TI_static_base__            
0000154f  __TI_zero_init_nomemset       
00000fc5  __aeabi_memcpy                
00000fc5  __aeabi_memcpy4               
00000fc5  __aeabi_memcpy8               
ffffffff  __binit__                     
ffffffff  __c_args__                    
UNDEFED   __mpu_init                    
20000270  __stack                       
20000000  __start___llvm_prf_cnts       
20000000  __stop___llvm_prf_cnts        
00001469  _c_int00_noargs               
00001720  _ctypes_                      
UNDEFED   _system_post_cinit            
00001717  _system_pre_init              
0000171b  abort                         
000012e9  atoi                          
ffffffff  binit                         
000007dd  brake_control                 
200004fc  break_counter                 
20000500  break_flag                    
200004d4  break_value                   
20000470  buffer                        
200004ec  buttonBrake                   
200004e8  buttonLeft                    
200004ea  buttonRight                   
200004f0  buttonSpeedDown               
200004ee  buttonSpeedUp                 
200004f2  button_on_off                 
00000749  control_gpio_init             
200004f4  counterr                      
200004f8  elsecounter                   
20000000  g_pfnRAMVectors               
00000000  g_pfnVectors                  
00000ab1  gpio_interrupt_init           
00000bdd  init_timerHardware            
000005f1  interrupt_uart                
20000510  lastvalue_brake               
20000518  lastvalue_speed               
20000514  lastvalue_steer               
0000026d  main                          
00000fc5  memcpy                        
000004f9  pwm_init                      
200004e4  rcv_ch                        
2000050c  speed                         
000009dd  speed_control                 
20000502  speed_flag                    
20000504  start_flag                    
200004ed  stateButtonBrake              
200004e9  stateButtonLeft               
200004eb  stateButtonRight              
200004f1  stateButtonSpeedDown          
200004ef  stateButtonSpeedup            
200004f3  stateButton_on_off            
000008d1  steer_control                 
20000508  steer_degree                  
20000501  steer_flag                    
20000503  tick                          
200004d8  uart_counter                  
000006d1  uart_init                     
00000651  uart_parse                    
200004dc  ui32Load                      
200004e0  ui32PWMClock                  


GLOBAL SYMBOLS: SORTED BY Symbol Address 

address   name                          
-------   ----                          
00000000  __TI_static_base__            
00000000  g_pfnVectors                  
00000200  __STACK_SIZE                  
0000026d  main                          
000004f9  pwm_init                      
000005f1  interrupt_uart                
00000651  uart_parse                    
000006d1  uart_init                     
00000749  control_gpio_init             
000007dd  brake_control                 
000008d1  steer_control                 
000009dd  speed_control                 
00000ab1  gpio_interrupt_init           
00000b0d  IntGPIOdHandler               
00000bc1  IntTimer1                     
00000bdd  init_timerHardware            
00000c4d  GPIOPadConfigSet              
00000db9  SysCtlClockGet                
00000ed1  SysCtlClockSet                
00000fc5  __aeabi_memcpy                
00000fc5  __aeabi_memcpy4               
00000fc5  __aeabi_memcpy8               
00000fc5  memcpy                        
00001061  IntDisable                    
000010c9  IntEnable                     
00001131  __TI_decompress_lzss          
00001199  TimerConfigure                
000011f9  GPIOIntTypeSet                
00001251  GPIOPinConfigure              
000012e9  atoi                          
00001335  UARTConfigSetExpClk           
0000137d  __TI_auto_init_nobinit_nopinit
00001401  IntRegister                   
00001435  SysCtlPeripheralEnable        
00001469  _c_int00_noargs               
0000149d  GPIODirModeSet                
000014c9  IntPrioritySet                
000014ed  PWMGenConfigure               
00001511  UARTDisable                   
00001531  PWMPulseWidthSet              
0000154f  __TI_zero_init_nomemset       
0000156b  GPIOPinTypeGPIOOutput         
00001585  TimerIntRegister              
0000159d  UARTIntRegister               
000015b5  GPIOPinTypeGPIOInput          
000015cb  GPIOPinTypePWM                
000015e1  GPIOPinTypeUART               
000015f9  SysCtlPWMClockSet             
0000160d  UARTEnable                    
00001621  PWMOutputState                
00001633  TimerLoadSet                  
00001645  IntMasterEnable               
00001655  PWMGenPeriodSet               
00001665  GPIOIntStatus                 
00001673  TimerEnable                   
00001681  UARTCharGetNonBlocking        
0000168f  __TI_decompress_none          
0000169d  CPUcpsie                      
000016a9  GPIOIntEnable                 
000016b5  PWMGenEnable                  
000016c1  ResetISR                      
000016cd  UARTFIFODisable               
000016d7  UARTIntStatus                 
000016e1  TimerIntEnable                
000016e9  UARTIntEnable                 
000016f1  GPIOIntClear                  
000016f7  GPIOPinRead                   
000016fd  GPIOPinWrite                  
00001703  SysCtlDelay                   
00001709  UARTClockSourceSet            
0000170f  TimerIntClear                 
00001713  UARTIntClear                  
00001717  _system_pre_init              
0000171b  C$$EXIT                       
0000171b  abort                         
00001720  _ctypes_                      
00001b20  __TI_Handler_Table_Base       
00001b2c  __TI_Handler_Table_Limit      
00001b40  __TI_CINIT_Base               
00001b58  __TI_CINIT_Limit              
20000000  __start___llvm_prf_cnts       
20000000  __stop___llvm_prf_cnts        
20000000  g_pfnRAMVectors               
20000270  __stack                       
20000470  __STACK_END                   
20000470  __STACK_TOP                   
20000470  buffer                        
200004d4  break_value                   
200004d8  uart_counter                  
200004dc  ui32Load                      
200004e0  ui32PWMClock                  
200004e4  rcv_ch                        
200004e8  buttonLeft                    
200004e9  stateButtonLeft               
200004ea  buttonRight                   
200004eb  stateButtonRight              
200004ec  buttonBrake                   
200004ed  stateButtonBrake              
200004ee  buttonSpeedUp                 
200004ef  stateButtonSpeedup            
200004f0  buttonSpeedDown               
200004f1  stateButtonSpeedDown          
200004f2  button_on_off                 
200004f3  stateButton_on_off            
200004f4  counterr                      
200004f8  elsecounter                   
200004fc  break_counter                 
20000500  break_flag                    
20000501  steer_flag                    
20000502  speed_flag                    
20000503  tick                          
20000504  start_flag                    
20000508  steer_degree                  
2000050c  speed                         
20000510  lastvalue_brake               
20000514  lastvalue_steer               
20000518  lastvalue_speed               
ffffffff  __TI_pprof_out_hndl           
ffffffff  __TI_prof_data_size           
ffffffff  __TI_prof_data_start          
ffffffff  __binit__                     
ffffffff  __c_args__                    
ffffffff  binit                         
UNDEFED   __mpu_init                    
UNDEFED   _system_post_cinit            

[125 symbols]
