******************************************************************************
                  TI ARM Linker PC v20.2.1                     
******************************************************************************
>> Linked Tue Jul 28 01:50:32 2020

OUTPUT FILE NAME:   <Otonom_kontrol.out>
ENTRY POINT SYMBOL: "_c_int00_noargs"  address: 000014f5


MEMORY CONFIGURATION

         name            origin    length      used     unused   attr    fill
----------------------  --------  ---------  --------  --------  ----  --------
  FLASH                 00000000   00040000  00001bde  0003e422  R  X
  SRAM                  20000000   00008000  00000581  00007a7f  RW X


SEGMENT ALLOCATION MAP

run origin  load origin   length   init length attrs members
----------  ----------- ---------- ----------- ----- -------
00000000    00000000    00001be0   00001be0    r-x
  00000000    00000000    0000026c   0000026c    r-- .intvecs
  0000026c    0000026c    0000153e   0000153e    r-x .text
  000017ac    000017ac    000003e4   000003e4    r-- .const
  00001b90    00001b90    00000050   00000050    r-- .cinit
20000000    20000000    00000588   00000000    rw-
  20000000    20000000    0000026c   00000000    rw- .vtable
  20000270    20000270    00000200   00000000    rw- .stack
  20000470    20000470    000000dd   00000000    rw- .bss
  20000550    20000550    00000038   00000000    rw- .data


SECTION ALLOCATION MAP

 output                                  attributes/
section   page    origin      length       input sections
--------  ----  ----------  ----------   ----------------
.intvecs   0    00000000    0000026c     
                  00000000    0000026c     tm4c123gh6pm_startup_ccs.obj (.intvecs)

.text      0    0000026c    0000153e     
                  0000026c    00000a6c     main.obj (.text)
                  00000cd8    0000016c     driverlib.lib : gpio.obj (.text:GPIOPadConfigSet)
                  00000e44    00000118                   : sysctl.obj (.text:SysCtlClockGet)
                  00000f5c    000000f4                   : sysctl.obj (.text:SysCtlClockSet)
                  00001050    0000009c     rtsv7M4_T_le_v4SPD16_eabi.lib : memcpy_t2.asm.obj (.text)
                  000010ec    00000068     driverlib.lib : interrupt.obj (.text:IntDisable)
                  00001154    00000068                   : interrupt.obj (.text:IntEnable)
                  000011bc    00000068     rtsv7M4_T_le_v4SPD16_eabi.lib : copy_decompress_lzss.c.obj (.text:decompress:lzss:__TI_decompress_lzss)
                  00001224    00000060     driverlib.lib : timer.obj (.text:TimerConfigure)
                  00001284    00000058                   : gpio.obj (.text:GPIOIntTypeSet)
                  000012dc    0000004c                   : gpio.obj (.text:GPIOPinConfigure)
                  00001328    0000004c                   : timer.obj (.text:_TimerIntNumberGet)
                  00001374    0000004c     rtsv7M4_T_le_v4SPD16_eabi.lib : atoi.c.obj (.text:atoi)
                  000013c0    00000046     driverlib.lib : uart.obj (.text:UARTConfigSetExpClk)
                  00001406    00000002     --HOLE-- [fill = 0]
                  00001408    00000044     rtsv7M4_T_le_v4SPD16_eabi.lib : autoinit.c.obj (.text:__TI_auto_init_nobinit_nopinit:__TI_auto_init_nobinit_nopinit)
                  0000144c    00000040     driverlib.lib : uart.obj (.text:_UARTIntNumberGet)
                  0000148c    00000034                   : interrupt.obj (.text:IntRegister)
                  000014c0    00000034                   : sysctl.obj (.text:SysCtlPeripheralEnable)
                  000014f4    00000034     rtsv7M4_T_le_v4SPD16_eabi.lib : boot_cortex_m.c.obj (.text:_c_int00_noargs:_c_int00_noargs)
                  00001528    0000002c     driverlib.lib : gpio.obj (.text:GPIODirModeSet)
                  00001554    00000024                   : interrupt.obj (.text:IntPrioritySet)
                  00001578    00000022                   : pwm.obj (.text:PWMGenConfigure)
                  0000159a    00000002     --HOLE-- [fill = 0]
                  0000159c    00000020                   : uart.obj (.text:UARTDisable)
                  000015bc    0000001e                   : pwm.obj (.text:PWMPulseWidthSet)
                  000015da    0000001c     rtsv7M4_T_le_v4SPD16_eabi.lib : copy_zero_init.c.obj (.text:decompress:ZI:__TI_zero_init_nomemset:__TI_zero_init_nomemset)
                  000015f6    0000001a     driverlib.lib : gpio.obj (.text:GPIOPinTypeGPIOOutput)
                  00001610    00000018                   : timer.obj (.text:TimerIntRegister)
                  00001628    00000018                   : uart.obj (.text:UARTIntRegister)
                  00001640    00000016                   : gpio.obj (.text:GPIOPinTypeGPIOInput)
                  00001656    00000016                   : gpio.obj (.text:GPIOPinTypePWM)
                  0000166c    00000016                   : gpio.obj (.text:GPIOPinTypeUART)
                  00001682    00000002     --HOLE-- [fill = 0]
                  00001684    00000014                   : sysctl.obj (.text:SysCtlPWMClockSet)
                  00001698    00000014                   : uart.obj (.text:UARTEnable)
                  000016ac    00000012                   : pwm.obj (.text:PWMOutputState)
                  000016be    00000012                   : timer.obj (.text:TimerLoadSet)
                  000016d0    00000010                   : interrupt.obj (.text:IntMasterEnable)
                  000016e0    00000010                   : pwm.obj (.text:PWMGenPeriodSet)
                  000016f0    0000000e                   : gpio.obj (.text:GPIOIntStatus)
                  000016fe    0000000e                   : timer.obj (.text:TimerEnable)
                  0000170c    0000000e                   : uart.obj (.text:UARTCharGetNonBlocking)
                  0000171a    0000000e     rtsv7M4_T_le_v4SPD16_eabi.lib : copy_decompress_none.c.obj (.text:decompress:none:__TI_decompress_none)
                  00001728    0000000c     driverlib.lib : cpu.obj (.text:CPUcpsie)
                  00001734    0000000c                   : gpio.obj (.text:GPIOIntEnable)
                  00001740    0000000c                   : pwm.obj (.text:PWMGenEnable)
                  0000174c    0000000c     tm4c123gh6pm_startup_ccs.obj (.text)
                  00001758    0000000a     driverlib.lib : uart.obj (.text:UARTFIFODisable)
                  00001762    0000000a                   : uart.obj (.text:UARTIntStatus)
                  0000176c    00000008                   : timer.obj (.text:TimerIntEnable)
                  00001774    00000008                   : uart.obj (.text:UARTIntEnable)
                  0000177c    00000006                   : gpio.obj (.text:GPIOIntClear)
                  00001782    00000006                   : gpio.obj (.text:GPIOPinRead)
                  00001788    00000006                   : gpio.obj (.text:GPIOPinWrite)
                  0000178e    00000006                   : sysctl.obj (.text:SysCtlDelay)
                  00001794    00000006                   : uart.obj (.text:UARTClockSourceSet)
                  0000179a    00000004                   : timer.obj (.text:TimerIntClear)
                  0000179e    00000004                   : uart.obj (.text:UARTIntClear)
                  000017a2    00000004     rtsv7M4_T_le_v4SPD16_eabi.lib : pre_init.c.obj (.text:_system_pre_init)
                  000017a6    00000004                                   : exit.c.obj (.text:abort:abort)

.const     0    000017ac    000003e4     
                  000017ac    00000101     rtsv7M4_T_le_v4SPD16_eabi.lib : ctype.c.obj (.const:.string:_ctypes_)
                  000018ad    00000003     --HOLE-- [fill = 0]
                  000018b0    0000009c     driverlib.lib : interrupt.obj (.const:g_pui32Regs)
                  0000194c    00000090                   : gpio.obj (.const:g_pui32GPIOBaseAddrs)
                  000019dc    0000006c                   : sysctl.obj (.const:g_pui32Xtals)
                  00001a48    00000060                   : timer.obj (.const:g_ppui32TimerIntMap)
                  00001aa8    00000040                   : timer.obj (.const:g_ppui32TimerIntMapSnowflake)
                  00001ae8    00000040                   : uart.obj (.const:g_ppui32UARTIntMap)
                  00001b28    00000040                   : uart.obj (.const:g_ppui32UARTIntMapSnowflake)
                  00001b68    00000014                   : interrupt.obj (.const:g_pui32Dii16Regs)
                  00001b7c    00000014                   : interrupt.obj (.const:g_pui32EnRegs)

.cinit     0    00001b90    00000050     
                  00001b90    0000001a     (.cinit..data.load) [load image, compression = lzss]
                  00001baa    00000002     --HOLE-- [fill = 0]
                  00001bac    0000000c     (__TI_handler_table)
                  00001bb8    00000008     (.cinit..bss.load) [load image, compression = zero_init]
                  00001bc0    00000008     (.cinit..vtable.load) [load image, compression = zero_init]
                  00001bc8    00000018     (__TI_cinit_table)

.init_array 
*          0    00000000    00000000     UNINITIALIZED

.vtable    0    20000000    0000026c     UNINITIALIZED
                  20000000    0000026c     driverlib.lib : interrupt.obj (.vtable)

.bss       0    20000470    000000dd     UNINITIALIZED
                  20000470    00000064     (.common:buffer_main)
                  200004d4    00000064     (.common:buffer_xbee)
                  20000538    00000004     (.common:break_value)
                  2000053c    00000004     (.common:uart_counter_main)
                  20000540    00000004     (.common:uart_counter_xbee)
                  20000544    00000004     (.common:ui32Load)
                  20000548    00000004     (.common:ui32PWMClock)
                  2000054c    00000001     (.common:start_flag)

.data      0    20000550    00000038     UNINITIALIZED
                  20000550    00000038     main.obj (.data)

.stack     0    20000270    00000200     UNINITIALIZED
                  20000270    00000004     rtsv7M4_T_le_v4SPD16_eabi.lib : boot_cortex_m.c.obj (.stack)
                  20000274    000001fc     --HOLE--

__llvm_prf_cnts 
*          0    20000000    00000000     UNINITIALIZED

MODULE SUMMARY

       Module                         code   ro data   rw data
       ------                         ----   -------   -------
    .\
       main.obj                       2668   0         277    
       tm4c123gh6pm_startup_ccs.obj   12     620       0      
    +--+------------------------------+------+---------+---------+
       Total:                         2680   620       277    
                                                              
    C:/ti/TivaWare_C_Series-2.2.0.295/driverlib/ccs/Debug/driverlib.lib
       interrupt.obj                  312    196       620    
       gpio.obj                       708    144       0      
       sysctl.obj                     602    108       0      
       timer.obj                      240    160       0      
       uart.obj                       262    128       0      
       pwm.obj                        110    0         0      
       cpu.obj                        12     0         0      
    +--+------------------------------+------+---------+---------+
       Total:                         2246   736       620    
                                                              
    C:\ti\ccs1010\ccs\tools\compiler\ti-cgt-arm_20.2.1.LTS\lib\rtsv7M4_T_le_v4SPD16_eabi.lib
       ctype.c.obj                    0      257       0      
       memcpy_t2.asm.obj              156    0         0      
       copy_decompress_lzss.c.obj     104    0         0      
       atoi.c.obj                     76     0         0      
       autoinit.c.obj                 68     0         0      
       boot_cortex_m.c.obj            52     0         0      
       copy_zero_init.c.obj           28     0         0      
       copy_decompress_none.c.obj     14     0         0      
       exit.c.obj                     4      0         0      
       pre_init.c.obj                 4      0         0      
    +--+------------------------------+------+---------+---------+
       Total:                         506    257       0      
                                                              
       Stack:                         0      0         512    
       Linker Generated:              0      78        0      
    +--+------------------------------+------+---------+---------+
       Grand Total:                   5432   1691      1409   


LINKER GENERATED COPY TABLES

__TI_cinit_table @ 00001bc8 records: 3, size/record: 8, table size: 24
	.data: load addr=00001b90, load size=0000001a bytes, run addr=20000550, run size=00000038 bytes, compression=lzss
	.bss: load addr=00001bb8, load size=00000008 bytes, run addr=20000470, run size=000000dd bytes, compression=zero_init
	.vtable: load addr=00001bc0, load size=00000008 bytes, run addr=20000000, run size=0000026c bytes, compression=zero_init


LINKER GENERATED HANDLER TABLE

__TI_handler_table @ 00001bac records: 3, size/record: 4, table size: 12
	index: 0, handler: __TI_zero_init
	index: 1, handler: __TI_decompress_lzss
	index: 2, handler: __TI_decompress_none


GLOBAL SYMBOLS: SORTED ALPHABETICALLY BY Name 

address   name                          
-------   ----                          
000017a7  C$$EXIT                       
00001729  CPUcpsie                      
00001529  GPIODirModeSet                
0000177d  GPIOIntClear                  
00001735  GPIOIntEnable                 
000016f1  GPIOIntStatus                 
00001285  GPIOIntTypeSet                
00000cd9  GPIOPadConfigSet              
000012dd  GPIOPinConfigure              
00001783  GPIOPinRead                   
00001641  GPIOPinTypeGPIOInput          
000015f7  GPIOPinTypeGPIOOutput         
00001657  GPIOPinTypePWM                
0000166d  GPIOPinTypeUART               
00001789  GPIOPinWrite                  
000010ed  IntDisable                    
00001155  IntEnable                     
00000ba1  IntGPIOdHandler               
000016d1  IntMasterEnable               
00001555  IntPrioritySet                
0000148d  IntRegister                   
00000c51  IntTimer1                     
00001579  PWMGenConfigure               
00001741  PWMGenEnable                  
000016e1  PWMGenPeriodSet               
000016ad  PWMOutputState                
000015bd  PWMPulseWidthSet              
0000174d  ResetISR                      
00000e45  SysCtlClockGet                
00000f5d  SysCtlClockSet                
0000178f  SysCtlDelay                   
00001685  SysCtlPWMClockSet             
000014c1  SysCtlPeripheralEnable        
00001225  TimerConfigure                
000016ff  TimerEnable                   
0000179b  TimerIntClear                 
0000176d  TimerIntEnable                
00001611  TimerIntRegister              
000016bf  TimerLoadSet                  
0000170d  UARTCharGetNonBlocking        
00001795  UARTClockSourceSet            
000013c1  UARTConfigSetExpClk           
0000159d  UARTDisable                   
00001699  UARTEnable                    
00001759  UARTFIFODisable               
0000179f  UARTIntClear                  
00001775  UARTIntEnable                 
00001629  UARTIntRegister               
00001763  UARTIntStatus                 
20000470  __STACK_END                   
00000200  __STACK_SIZE                  
20000470  __STACK_TOP                   
00001bc8  __TI_CINIT_Base               
00001be0  __TI_CINIT_Limit              
00001bac  __TI_Handler_Table_Base       
00001bb8  __TI_Handler_Table_Limit      
00001409  __TI_auto_init_nobinit_nopinit
000011bd  __TI_decompress_lzss          
0000171b  __TI_decompress_none          
ffffffff  __TI_pprof_out_hndl           
ffffffff  __TI_prof_data_size           
ffffffff  __TI_prof_data_start          
00000000  __TI_static_base__            
000015db  __TI_zero_init_nomemset       
00001051  __aeabi_memcpy                
00001051  __aeabi_memcpy4               
00001051  __aeabi_memcpy8               
ffffffff  __binit__                     
ffffffff  __c_args__                    
UNDEFED   __mpu_init                    
20000270  __stack                       
20000000  __start___llvm_prf_cnts       
20000000  __stop___llvm_prf_cnts        
000014f5  _c_int00_noargs               
000017ac  _ctypes_                      
UNDEFED   _system_post_cinit            
000017a3  _system_pre_init              
000017a7  abort                         
00001375  atoi                          
ffffffff  binit                         
00000851  brake_control                 
20000568  break_counter                 
2000056c  break_flag                    
20000538  break_value                   
20000470  buffer_main                   
200004d4  buffer_xbee                   
20000554  buttonBrake                   
20000550  buttonLeft                    
20000552  buttonRight                   
20000558  buttonSpeedDown               
20000556  buttonSpeedUp                 
2000055a  button_on_off                 
000007b1  control_gpio_init             
20000560  counterr                      
20000564  elsecounter                   
20000000  g_pfnRAMVectors               
00000000  g_pfnVectors                  
00000b41  gpio_interrupt_init           
00000c69  init_timerHardware            
0000065d  interrupt_Main_uart           
00000781  interrupt_xbee_uart           
20000574  lastvalue_brake               
2000057c  lastvalue_speed               
20000578  lastvalue_steer               
0000026d  main                          
000005cd  main_uart_init                
00001051  memcpy                        
0000068d  on_load                       
000004c9  pwm_init                      
2000055c  relay_state                   
20000584  speed                         
00000a65  speed_control                 
2000056e  speed_flag                    
2000054c  start_flag                    
20000555  stateButtonBrake              
20000551  stateButtonLeft               
20000553  stateButtonRight              
20000559  stateButtonSpeedDown          
20000557  stateButtonSpeedup            
2000055b  stateButton_on_off            
0000095d  steer_control                 
20000580  steer_degree                  
2000056d  steer_flag                    
20000570  tick                          
2000053c  uart_counter_main             
20000540  uart_counter_xbee             
2000056f  uart_flag                     
20000544  ui32Load                      
20000548  ui32PWMClock                  
000006f5  xbee_uart_init                


GLOBAL SYMBOLS: SORTED BY Symbol Address 

address   name                          
-------   ----                          
00000000  __TI_static_base__            
00000000  g_pfnVectors                  
00000200  __STACK_SIZE                  
0000026d  main                          
000004c9  pwm_init                      
000005cd  main_uart_init                
0000065d  interrupt_Main_uart           
0000068d  on_load                       
000006f5  xbee_uart_init                
00000781  interrupt_xbee_uart           
000007b1  control_gpio_init             
00000851  brake_control                 
0000095d  steer_control                 
00000a65  speed_control                 
00000b41  gpio_interrupt_init           
00000ba1  IntGPIOdHandler               
00000c51  IntTimer1                     
00000c69  init_timerHardware            
00000cd9  GPIOPadConfigSet              
00000e45  SysCtlClockGet                
00000f5d  SysCtlClockSet                
00001051  __aeabi_memcpy                
00001051  __aeabi_memcpy4               
00001051  __aeabi_memcpy8               
00001051  memcpy                        
000010ed  IntDisable                    
00001155  IntEnable                     
000011bd  __TI_decompress_lzss          
00001225  TimerConfigure                
00001285  GPIOIntTypeSet                
000012dd  GPIOPinConfigure              
00001375  atoi                          
000013c1  UARTConfigSetExpClk           
00001409  __TI_auto_init_nobinit_nopinit
0000148d  IntRegister                   
000014c1  SysCtlPeripheralEnable        
000014f5  _c_int00_noargs               
00001529  GPIODirModeSet                
00001555  IntPrioritySet                
00001579  PWMGenConfigure               
0000159d  UARTDisable                   
000015bd  PWMPulseWidthSet              
000015db  __TI_zero_init_nomemset       
000015f7  GPIOPinTypeGPIOOutput         
00001611  TimerIntRegister              
00001629  UARTIntRegister               
00001641  GPIOPinTypeGPIOInput          
00001657  GPIOPinTypePWM                
0000166d  GPIOPinTypeUART               
00001685  SysCtlPWMClockSet             
00001699  UARTEnable                    
000016ad  PWMOutputState                
000016bf  TimerLoadSet                  
000016d1  IntMasterEnable               
000016e1  PWMGenPeriodSet               
000016f1  GPIOIntStatus                 
000016ff  TimerEnable                   
0000170d  UARTCharGetNonBlocking        
0000171b  __TI_decompress_none          
00001729  CPUcpsie                      
00001735  GPIOIntEnable                 
00001741  PWMGenEnable                  
0000174d  ResetISR                      
00001759  UARTFIFODisable               
00001763  UARTIntStatus                 
0000176d  TimerIntEnable                
00001775  UARTIntEnable                 
0000177d  GPIOIntClear                  
00001783  GPIOPinRead                   
00001789  GPIOPinWrite                  
0000178f  SysCtlDelay                   
00001795  UARTClockSourceSet            
0000179b  TimerIntClear                 
0000179f  UARTIntClear                  
000017a3  _system_pre_init              
000017a7  C$$EXIT                       
000017a7  abort                         
000017ac  _ctypes_                      
00001bac  __TI_Handler_Table_Base       
00001bb8  __TI_Handler_Table_Limit      
00001bc8  __TI_CINIT_Base               
00001be0  __TI_CINIT_Limit              
20000000  __start___llvm_prf_cnts       
20000000  __stop___llvm_prf_cnts        
20000000  g_pfnRAMVectors               
20000270  __stack                       
20000470  __STACK_END                   
20000470  __STACK_TOP                   
20000470  buffer_main                   
200004d4  buffer_xbee                   
20000538  break_value                   
2000053c  uart_counter_main             
20000540  uart_counter_xbee             
20000544  ui32Load                      
20000548  ui32PWMClock                  
2000054c  start_flag                    
20000550  buttonLeft                    
20000551  stateButtonLeft               
20000552  buttonRight                   
20000553  stateButtonRight              
20000554  buttonBrake                   
20000555  stateButtonBrake              
20000556  buttonSpeedUp                 
20000557  stateButtonSpeedup            
20000558  buttonSpeedDown               
20000559  stateButtonSpeedDown          
2000055a  button_on_off                 
2000055b  stateButton_on_off            
2000055c  relay_state                   
20000560  counterr                      
20000564  elsecounter                   
20000568  break_counter                 
2000056c  break_flag                    
2000056d  steer_flag                    
2000056e  speed_flag                    
2000056f  uart_flag                     
20000570  tick                          
20000574  lastvalue_brake               
20000578  lastvalue_steer               
2000057c  lastvalue_speed               
20000580  steer_degree                  
20000584  speed                         
ffffffff  __TI_pprof_out_hndl           
ffffffff  __TI_prof_data_size           
ffffffff  __TI_prof_data_start          
ffffffff  __binit__                     
ffffffff  __c_args__                    
ffffffff  binit                         
UNDEFED   __mpu_init                    
UNDEFED   _system_post_cinit            

[130 symbols]
