******************************************************************************
                  TI ARM Linker PC v20.2.1                     
******************************************************************************
>> Linked Tue Jul 28 01:43:11 2020

OUTPUT FILE NAME:   <Otonom_kontrol.out>
ENTRY POINT SYMBOL: "_c_int00_noargs"  address: 00001581


MEMORY CONFIGURATION

         name            origin    length      used     unused   attr    fill
----------------------  --------  ---------  --------  --------  ----  --------
  FLASH                 00000000   00040000  00001c6a  0003e396  R  X
  SRAM                  20000000   00008000  00000516  00007aea  RW X


SEGMENT ALLOCATION MAP

run origin  load origin   length   init length attrs members
----------  ----------- ---------- ----------- ----- -------
00000000    00000000    00001c70   00001c70    r-x
  00000000    00000000    0000026c   0000026c    r-- .intvecs
  0000026c    0000026c    000015ca   000015ca    r-x .text
  00001838    00001838    000003e4   000003e4    r-- .const
  00001c20    00001c20    00000050   00000050    r-- .cinit
20000000    20000000    0000051c   00000000    rw-
  20000000    20000000    0000026c   00000000    rw- .vtable
  20000270    20000270    00000200   00000000    rw- .stack
  20000470    20000470    00000076   00000000    rw- .bss
  200004e8    200004e8    00000034   00000000    rw- .data


SECTION ALLOCATION MAP

 output                                  attributes/
section   page    origin      length       input sections
--------  ----  ----------  ----------   ----------------
.intvecs   0    00000000    0000026c     
                  00000000    0000026c     tm4c123gh6pm_startup_ccs.obj (.intvecs)

.text      0    0000026c    000015ca     
                  0000026c    00000af8     main.obj (.text)
                  00000d64    0000016c     driverlib.lib : gpio.obj (.text:GPIOPadConfigSet)
                  00000ed0    00000118                   : sysctl.obj (.text:SysCtlClockGet)
                  00000fe8    000000f4                   : sysctl.obj (.text:SysCtlClockSet)
                  000010dc    0000009c     rtsv7M4_T_le_v4SPD16_eabi.lib : memcpy_t2.asm.obj (.text)
                  00001178    00000068     driverlib.lib : interrupt.obj (.text:IntDisable)
                  000011e0    00000068                   : interrupt.obj (.text:IntEnable)
                  00001248    00000068     rtsv7M4_T_le_v4SPD16_eabi.lib : copy_decompress_lzss.c.obj (.text:decompress:lzss:__TI_decompress_lzss)
                  000012b0    00000060     driverlib.lib : timer.obj (.text:TimerConfigure)
                  00001310    00000058                   : gpio.obj (.text:GPIOIntTypeSet)
                  00001368    0000004c                   : gpio.obj (.text:GPIOPinConfigure)
                  000013b4    0000004c                   : timer.obj (.text:_TimerIntNumberGet)
                  00001400    0000004c     rtsv7M4_T_le_v4SPD16_eabi.lib : atoi.c.obj (.text:atoi)
                  0000144c    00000046     driverlib.lib : uart.obj (.text:UARTConfigSetExpClk)
                  00001492    00000002     --HOLE-- [fill = 0]
                  00001494    00000044     rtsv7M4_T_le_v4SPD16_eabi.lib : autoinit.c.obj (.text:__TI_auto_init_nobinit_nopinit:__TI_auto_init_nobinit_nopinit)
                  000014d8    00000040     driverlib.lib : uart.obj (.text:_UARTIntNumberGet)
                  00001518    00000034                   : interrupt.obj (.text:IntRegister)
                  0000154c    00000034                   : sysctl.obj (.text:SysCtlPeripheralEnable)
                  00001580    00000034     rtsv7M4_T_le_v4SPD16_eabi.lib : boot_cortex_m.c.obj (.text:_c_int00_noargs:_c_int00_noargs)
                  000015b4    0000002c     driverlib.lib : gpio.obj (.text:GPIODirModeSet)
                  000015e0    00000024                   : interrupt.obj (.text:IntPrioritySet)
                  00001604    00000022                   : pwm.obj (.text:PWMGenConfigure)
                  00001626    00000002     --HOLE-- [fill = 0]
                  00001628    00000020                   : uart.obj (.text:UARTDisable)
                  00001648    0000001e                   : pwm.obj (.text:PWMPulseWidthSet)
                  00001666    0000001c     rtsv7M4_T_le_v4SPD16_eabi.lib : copy_zero_init.c.obj (.text:decompress:ZI:__TI_zero_init_nomemset:__TI_zero_init_nomemset)
                  00001682    0000001a     driverlib.lib : gpio.obj (.text:GPIOPinTypeGPIOOutput)
                  0000169c    00000018                   : timer.obj (.text:TimerIntRegister)
                  000016b4    00000018                   : uart.obj (.text:UARTIntRegister)
                  000016cc    00000016                   : gpio.obj (.text:GPIOPinTypeGPIOInput)
                  000016e2    00000016                   : gpio.obj (.text:GPIOPinTypePWM)
                  000016f8    00000016                   : gpio.obj (.text:GPIOPinTypeUART)
                  0000170e    00000002     --HOLE-- [fill = 0]
                  00001710    00000014                   : sysctl.obj (.text:SysCtlPWMClockSet)
                  00001724    00000014                   : uart.obj (.text:UARTEnable)
                  00001738    00000012                   : pwm.obj (.text:PWMOutputState)
                  0000174a    00000012                   : timer.obj (.text:TimerLoadSet)
                  0000175c    00000010                   : interrupt.obj (.text:IntMasterEnable)
                  0000176c    00000010                   : pwm.obj (.text:PWMGenPeriodSet)
                  0000177c    0000000e                   : gpio.obj (.text:GPIOIntStatus)
                  0000178a    0000000e                   : timer.obj (.text:TimerEnable)
                  00001798    0000000e                   : uart.obj (.text:UARTCharGetNonBlocking)
                  000017a6    0000000e     rtsv7M4_T_le_v4SPD16_eabi.lib : copy_decompress_none.c.obj (.text:decompress:none:__TI_decompress_none)
                  000017b4    0000000c     driverlib.lib : cpu.obj (.text:CPUcpsie)
                  000017c0    0000000c                   : gpio.obj (.text:GPIOIntEnable)
                  000017cc    0000000c                   : pwm.obj (.text:PWMGenEnable)
                  000017d8    0000000c     tm4c123gh6pm_startup_ccs.obj (.text)
                  000017e4    0000000a     driverlib.lib : uart.obj (.text:UARTFIFODisable)
                  000017ee    0000000a                   : uart.obj (.text:UARTIntStatus)
                  000017f8    00000008                   : timer.obj (.text:TimerIntEnable)
                  00001800    00000008                   : uart.obj (.text:UARTIntEnable)
                  00001808    00000006                   : gpio.obj (.text:GPIOIntClear)
                  0000180e    00000006                   : gpio.obj (.text:GPIOPinRead)
                  00001814    00000006                   : gpio.obj (.text:GPIOPinWrite)
                  0000181a    00000006                   : sysctl.obj (.text:SysCtlDelay)
                  00001820    00000006                   : uart.obj (.text:UARTClockSourceSet)
                  00001826    00000004                   : timer.obj (.text:TimerIntClear)
                  0000182a    00000004                   : uart.obj (.text:UARTIntClear)
                  0000182e    00000004     rtsv7M4_T_le_v4SPD16_eabi.lib : pre_init.c.obj (.text:_system_pre_init)
                  00001832    00000004                                   : exit.c.obj (.text:abort:abort)

.const     0    00001838    000003e4     
                  00001838    00000101     rtsv7M4_T_le_v4SPD16_eabi.lib : ctype.c.obj (.const:.string:_ctypes_)
                  00001939    00000003     --HOLE-- [fill = 0]
                  0000193c    0000009c     driverlib.lib : interrupt.obj (.const:g_pui32Regs)
                  000019d8    00000090                   : gpio.obj (.const:g_pui32GPIOBaseAddrs)
                  00001a68    0000006c                   : sysctl.obj (.const:g_pui32Xtals)
                  00001ad4    00000060                   : timer.obj (.const:g_ppui32TimerIntMap)
                  00001b34    00000040                   : timer.obj (.const:g_ppui32TimerIntMapSnowflake)
                  00001b74    00000040                   : uart.obj (.const:g_ppui32UARTIntMap)
                  00001bb4    00000040                   : uart.obj (.const:g_ppui32UARTIntMapSnowflake)
                  00001bf4    00000014                   : interrupt.obj (.const:g_pui32Dii16Regs)
                  00001c08    00000014                   : interrupt.obj (.const:g_pui32EnRegs)

.cinit     0    00001c20    00000050     
                  00001c20    0000001b     (.cinit..data.load) [load image, compression = lzss]
                  00001c3b    00000001     --HOLE-- [fill = 0]
                  00001c3c    0000000c     (__TI_handler_table)
                  00001c48    00000008     (.cinit..bss.load) [load image, compression = zero_init]
                  00001c50    00000008     (.cinit..vtable.load) [load image, compression = zero_init]
                  00001c58    00000018     (__TI_cinit_table)

.init_array 
*          0    00000000    00000000     UNINITIALIZED

.vtable    0    20000000    0000026c     UNINITIALIZED
                  20000000    0000026c     driverlib.lib : interrupt.obj (.vtable)

.bss       0    20000470    00000076     UNINITIALIZED
                  20000470    00000064     (.common:buffer)
                  200004d4    00000004     (.common:break_value)
                  200004d8    00000004     (.common:uart_counter)
                  200004dc    00000004     (.common:ui32Load)
                  200004e0    00000004     (.common:ui32PWMClock)
                  200004e4    00000001     (.common:rcv_ch)
                  200004e5    00000001     (.common:start_flag)

.data      0    200004e8    00000034     UNINITIALIZED
                  200004e8    00000034     main.obj (.data)

.stack     0    20000270    00000200     UNINITIALIZED
                  20000270    00000004     rtsv7M4_T_le_v4SPD16_eabi.lib : boot_cortex_m.c.obj (.stack)
                  20000274    000001fc     --HOLE--

__llvm_prf_cnts 
*          0    20000000    00000000     UNINITIALIZED

MODULE SUMMARY

       Module                         code   ro data   rw data
       ------                         ----   -------   -------
    .\
       main.obj                       2808   0         170    
       tm4c123gh6pm_startup_ccs.obj   12     620       0      
    +--+------------------------------+------+---------+---------+
       Total:                         2820   620       170    
                                                              
    C:/ti/TivaWare_C_Series-2.2.0.295/driverlib/ccs/Debug/driverlib.lib
       interrupt.obj                  312    196       620    
       gpio.obj                       708    144       0      
       sysctl.obj                     602    108       0      
       timer.obj                      240    160       0      
       uart.obj                       262    128       0      
       pwm.obj                        110    0         0      
       cpu.obj                        12     0         0      
    +--+------------------------------+------+---------+---------+
       Total:                         2246   736       620    
                                                              
    C:\ti\ccs1010\ccs\tools\compiler\ti-cgt-arm_20.2.1.LTS\lib\rtsv7M4_T_le_v4SPD16_eabi.lib
       ctype.c.obj                    0      257       0      
       memcpy_t2.asm.obj              156    0         0      
       copy_decompress_lzss.c.obj     104    0         0      
       atoi.c.obj                     76     0         0      
       autoinit.c.obj                 68     0         0      
       boot_cortex_m.c.obj            52     0         0      
       copy_zero_init.c.obj           28     0         0      
       copy_decompress_none.c.obj     14     0         0      
       exit.c.obj                     4      0         0      
       pre_init.c.obj                 4      0         0      
    +--+------------------------------+------+---------+---------+
       Total:                         506    257       0      
                                                              
       Stack:                         0      0         512    
       Linker Generated:              0      79        0      
    +--+------------------------------+------+---------+---------+
       Grand Total:                   5572   1692      1302   


LINKER GENERATED COPY TABLES

__TI_cinit_table @ 00001c58 records: 3, size/record: 8, table size: 24
	.data: load addr=00001c20, load size=0000001b bytes, run addr=200004e8, run size=00000034 bytes, compression=lzss
	.bss: load addr=00001c48, load size=00000008 bytes, run addr=20000470, run size=00000076 bytes, compression=zero_init
	.vtable: load addr=00001c50, load size=00000008 bytes, run addr=20000000, run size=0000026c bytes, compression=zero_init


LINKER GENERATED HANDLER TABLE

__TI_handler_table @ 00001c3c records: 3, size/record: 4, table size: 12
	index: 0, handler: __TI_zero_init
	index: 1, handler: __TI_decompress_lzss
	index: 2, handler: __TI_decompress_none


GLOBAL SYMBOLS: SORTED ALPHABETICALLY BY Name 

address   name                          
-------   ----                          
00001833  C$$EXIT                       
000017b5  CPUcpsie                      
000015b5  GPIODirModeSet                
00001809  GPIOIntClear                  
000017c1  GPIOIntEnable                 
0000177d  GPIOIntStatus                 
00001311  GPIOIntTypeSet                
00000d65  GPIOPadConfigSet              
00001369  GPIOPinConfigure              
0000180f  GPIOPinRead                   
000016cd  GPIOPinTypeGPIOInput          
00001683  GPIOPinTypeGPIOOutput         
000016e3  GPIOPinTypePWM                
000016f9  GPIOPinTypeUART               
00001815  GPIOPinWrite                  
00001179  IntDisable                    
000011e1  IntEnable                     
00000c31  IntGPIOdHandler               
0000175d  IntMasterEnable               
000015e1  IntPrioritySet                
00001519  IntRegister                   
00000ce1  IntTimer1                     
00001605  PWMGenConfigure               
000017cd  PWMGenEnable                  
0000176d  PWMGenPeriodSet               
00001739  PWMOutputState                
00001649  PWMPulseWidthSet              
000017d9  ResetISR                      
00000ed1  SysCtlClockGet                
00000fe9  SysCtlClockSet                
0000181b  SysCtlDelay                   
00001711  SysCtlPWMClockSet             
0000154d  SysCtlPeripheralEnable        
000012b1  TimerConfigure                
0000178b  TimerEnable                   
00001827  TimerIntClear                 
000017f9  TimerIntEnable                
0000169d  TimerIntRegister              
0000174b  TimerLoadSet                  
00001799  UARTCharGetNonBlocking        
00001821  UARTClockSourceSet            
0000144d  UARTConfigSetExpClk           
00001629  UARTDisable                   
00001725  UARTEnable                    
000017e5  UARTFIFODisable               
0000182b  UARTIntClear                  
00001801  UARTIntEnable                 
000016b5  UARTIntRegister               
000017ef  UARTIntStatus                 
20000470  __STACK_END                   
00000200  __STACK_SIZE                  
20000470  __STACK_TOP                   
00001c58  __TI_CINIT_Base               
00001c70  __TI_CINIT_Limit              
00001c3c  __TI_Handler_Table_Base       
00001c48  __TI_Handler_Table_Limit      
00001495  __TI_auto_init_nobinit_nopinit
00001249  __TI_decompress_lzss          
000017a7  __TI_decompress_none          
ffffffff  __TI_pprof_out_hndl           
ffffffff  __TI_prof_data_size           
ffffffff  __TI_prof_data_start          
00000000  __TI_static_base__            
00001667  __TI_zero_init_nomemset       
000010dd  __aeabi_memcpy                
000010dd  __aeabi_memcpy4               
000010dd  __aeabi_memcpy8               
ffffffff  __binit__                     
ffffffff  __c_args__                    
UNDEFED   __mpu_init                    
20000270  __stack                       
20000000  __start___llvm_prf_cnts       
20000000  __stop___llvm_prf_cnts        
00001581  _c_int00_noargs               
00001838  _ctypes_                      
UNDEFED   _system_post_cinit            
0000182f  _system_pre_init              
00001833  abort                         
00001401  atoi                          
ffffffff  binit                         
000008f5  brake_control                 
20000500  break_counter                 
20000504  break_flag                    
200004d4  break_value                   
20000470  buffer                        
200004ec  buttonBrake                   
200004e8  buttonLeft                    
200004ea  buttonRight                   
200004f0  buttonSpeedDown               
200004ee  buttonSpeedUp                 
200004f2  button_on_off                 
0000084d  control_gpio_init             
200004f8  counterr                      
200004fc  elsecounter                   
20000000  g_pfnRAMVectors               
00000000  g_pfnVectors                  
00000bd1  gpio_interrupt_init           
00000cf3  init_timerHardware            
000005bd  interrupt_uart                
20000508  lastvalue_brake               
20000510  lastvalue_speed               
2000050c  lastvalue_steer               
0000026d  main                          
000010dd  memcpy                        
000004b9  pwm_init                      
200004e4  rcv_ch                        
200004f4  relay_state                   
20000518  speed                         
00000af5  speed_control                 
20000506  speed_flag                    
200004e5  start_flag                    
200004ed  stateButtonBrake              
200004e9  stateButtonLeft               
200004eb  stateButtonRight              
200004f1  stateButtonSpeedDown          
200004ef  stateButtonSpeedup            
200004f3  stateButton_on_off            
00000a05  steer_control                 
20000514  steer_degree                  
20000505  steer_flag                    
20000507  tick                          
200004d8  uart_counter                  
00000715  uart_init                     
00000695  uart_parse                    
200004dc  ui32Load                      
200004e0  ui32PWMClock                  
000007fd  xbee_uart_int                 


GLOBAL SYMBOLS: SORTED BY Symbol Address 

address   name                          
-------   ----                          
00000000  __TI_static_base__            
00000000  g_pfnVectors                  
00000200  __STACK_SIZE                  
0000026d  main                          
000004b9  pwm_init                      
000005bd  interrupt_uart                
00000695  uart_parse                    
00000715  uart_init                     
000007fd  xbee_uart_int                 
0000084d  control_gpio_init             
000008f5  brake_control                 
00000a05  steer_control                 
00000af5  speed_control                 
00000bd1  gpio_interrupt_init           
00000c31  IntGPIOdHandler               
00000ce1  IntTimer1                     
00000cf3  init_timerHardware            
00000d65  GPIOPadConfigSet              
00000ed1  SysCtlClockGet                
00000fe9  SysCtlClockSet                
000010dd  __aeabi_memcpy                
000010dd  __aeabi_memcpy4               
000010dd  __aeabi_memcpy8               
000010dd  memcpy                        
00001179  IntDisable                    
000011e1  IntEnable                     
00001249  __TI_decompress_lzss          
000012b1  TimerConfigure                
00001311  GPIOIntTypeSet                
00001369  GPIOPinConfigure              
00001401  atoi                          
0000144d  UARTConfigSetExpClk           
00001495  __TI_auto_init_nobinit_nopinit
00001519  IntRegister                   
0000154d  SysCtlPeripheralEnable        
00001581  _c_int00_noargs               
000015b5  GPIODirModeSet                
000015e1  IntPrioritySet                
00001605  PWMGenConfigure               
00001629  UARTDisable                   
00001649  PWMPulseWidthSet              
00001667  __TI_zero_init_nomemset       
00001683  GPIOPinTypeGPIOOutput         
0000169d  TimerIntRegister              
000016b5  UARTIntRegister               
000016cd  GPIOPinTypeGPIOInput          
000016e3  GPIOPinTypePWM                
000016f9  GPIOPinTypeUART               
00001711  SysCtlPWMClockSet             
00001725  UARTEnable                    
00001739  PWMOutputState                
0000174b  TimerLoadSet                  
0000175d  IntMasterEnable               
0000176d  PWMGenPeriodSet               
0000177d  GPIOIntStatus                 
0000178b  TimerEnable                   
00001799  UARTCharGetNonBlocking        
000017a7  __TI_decompress_none          
000017b5  CPUcpsie                      
000017c1  GPIOIntEnable                 
000017cd  PWMGenEnable                  
000017d9  ResetISR                      
000017e5  UARTFIFODisable               
000017ef  UARTIntStatus                 
000017f9  TimerIntEnable                
00001801  UARTIntEnable                 
00001809  GPIOIntClear                  
0000180f  GPIOPinRead                   
00001815  GPIOPinWrite                  
0000181b  SysCtlDelay                   
00001821  UARTClockSourceSet            
00001827  TimerIntClear                 
0000182b  UARTIntClear                  
0000182f  _system_pre_init              
00001833  C$$EXIT                       
00001833  abort                         
00001838  _ctypes_                      
00001c3c  __TI_Handler_Table_Base       
00001c48  __TI_Handler_Table_Limit      
00001c58  __TI_CINIT_Base               
00001c70  __TI_CINIT_Limit              
20000000  __start___llvm_prf_cnts       
20000000  __stop___llvm_prf_cnts        
20000000  g_pfnRAMVectors               
20000270  __stack                       
20000470  __STACK_END                   
20000470  __STACK_TOP                   
20000470  buffer                        
200004d4  break_value                   
200004d8  uart_counter                  
200004dc  ui32Load                      
200004e0  ui32PWMClock                  
200004e4  rcv_ch                        
200004e5  start_flag                    
200004e8  buttonLeft                    
200004e9  stateButtonLeft               
200004ea  buttonRight                   
200004eb  stateButtonRight              
200004ec  buttonBrake                   
200004ed  stateButtonBrake              
200004ee  buttonSpeedUp                 
200004ef  stateButtonSpeedup            
200004f0  buttonSpeedDown               
200004f1  stateButtonSpeedDown          
200004f2  button_on_off                 
200004f3  stateButton_on_off            
200004f4  relay_state                   
200004f8  counterr                      
200004fc  elsecounter                   
20000500  break_counter                 
20000504  break_flag                    
20000505  steer_flag                    
20000506  speed_flag                    
20000507  tick                          
20000508  lastvalue_brake               
2000050c  lastvalue_steer               
20000510  lastvalue_speed               
20000514  steer_degree                  
20000518  speed                         
ffffffff  __TI_pprof_out_hndl           
ffffffff  __TI_prof_data_size           
ffffffff  __TI_prof_data_start          
ffffffff  __binit__                     
ffffffff  __c_args__                    
ffffffff  binit                         
UNDEFED   __mpu_init                    
UNDEFED   _system_post_cinit            

[127 symbols]
