******************************************************************************
                  TI ARM Linker PC v20.2.1                     
******************************************************************************
>> Linked Fri Jul 17 17:21:38 2020

OUTPUT FILE NAME:   <Otonom_kontrol.out>
ENTRY POINT SYMBOL: "_c_int00_noargs"  address: 000014dd


MEMORY CONFIGURATION

         name            origin    length      used     unused   attr    fill
----------------------  --------  ---------  --------  --------  ----  --------
  FLASH                 00000000   00040000  00001bbe  0003e442  R  X
  SRAM                  20000000   00008000  00000512  00007aee  RW X


SEGMENT ALLOCATION MAP

run origin  load origin   length   init length attrs members
----------  ----------- ---------- ----------- ----- -------
00000000    00000000    00001bc0   00001bc0    r-x
  00000000    00000000    0000026c   0000026c    r-- .intvecs
  0000026c    0000026c    00001526   00001526    r-x .text
  00001794    00001794    000003e4   000003e4    r-- .const
  00001b78    00001b78    00000048   00000048    r-- .cinit
20000000    20000000    00000518   00000000    rw-
  20000000    20000000    0000026c   00000000    rw- .vtable
  20000270    20000270    00000200   00000000    rw- .stack
  20000470    20000470    00000076   00000000    rw- .bss
  200004e8    200004e8    00000030   00000000    rw- .data


SECTION ALLOCATION MAP

 output                                  attributes/
section   page    origin      length       input sections
--------  ----  ----------  ----------   ----------------
.intvecs   0    00000000    0000026c     
                  00000000    0000026c     tm4c123gh6pm_startup_ccs.obj (.intvecs)

.text      0    0000026c    00001526     
                  0000026c    00000a54     main.obj (.text)
                  00000cc0    0000016c     driverlib.lib : gpio.obj (.text:GPIOPadConfigSet)
                  00000e2c    00000118                   : sysctl.obj (.text:SysCtlClockGet)
                  00000f44    000000f4                   : sysctl.obj (.text:SysCtlClockSet)
                  00001038    0000009c     rtsv7M4_T_le_v4SPD16_eabi.lib : memcpy_t2.asm.obj (.text)
                  000010d4    00000068     driverlib.lib : interrupt.obj (.text:IntDisable)
                  0000113c    00000068                   : interrupt.obj (.text:IntEnable)
                  000011a4    00000068     rtsv7M4_T_le_v4SPD16_eabi.lib : copy_decompress_lzss.c.obj (.text:decompress:lzss:__TI_decompress_lzss)
                  0000120c    00000060     driverlib.lib : timer.obj (.text:TimerConfigure)
                  0000126c    00000058                   : gpio.obj (.text:GPIOIntTypeSet)
                  000012c4    0000004c                   : gpio.obj (.text:GPIOPinConfigure)
                  00001310    0000004c                   : timer.obj (.text:_TimerIntNumberGet)
                  0000135c    0000004c     rtsv7M4_T_le_v4SPD16_eabi.lib : atoi.c.obj (.text:atoi)
                  000013a8    00000046     driverlib.lib : uart.obj (.text:UARTConfigSetExpClk)
                  000013ee    00000002     --HOLE-- [fill = 0]
                  000013f0    00000044     rtsv7M4_T_le_v4SPD16_eabi.lib : autoinit.c.obj (.text:__TI_auto_init_nobinit_nopinit:__TI_auto_init_nobinit_nopinit)
                  00001434    00000040     driverlib.lib : uart.obj (.text:_UARTIntNumberGet)
                  00001474    00000034                   : interrupt.obj (.text:IntRegister)
                  000014a8    00000034                   : sysctl.obj (.text:SysCtlPeripheralEnable)
                  000014dc    00000034     rtsv7M4_T_le_v4SPD16_eabi.lib : boot_cortex_m.c.obj (.text:_c_int00_noargs:_c_int00_noargs)
                  00001510    0000002c     driverlib.lib : gpio.obj (.text:GPIODirModeSet)
                  0000153c    00000024                   : interrupt.obj (.text:IntPrioritySet)
                  00001560    00000022                   : pwm.obj (.text:PWMGenConfigure)
                  00001582    00000002     --HOLE-- [fill = 0]
                  00001584    00000020                   : uart.obj (.text:UARTDisable)
                  000015a4    0000001e                   : pwm.obj (.text:PWMPulseWidthSet)
                  000015c2    0000001c     rtsv7M4_T_le_v4SPD16_eabi.lib : copy_zero_init.c.obj (.text:decompress:ZI:__TI_zero_init_nomemset:__TI_zero_init_nomemset)
                  000015de    0000001a     driverlib.lib : gpio.obj (.text:GPIOPinTypeGPIOOutput)
                  000015f8    00000018                   : timer.obj (.text:TimerIntRegister)
                  00001610    00000018                   : uart.obj (.text:UARTIntRegister)
                  00001628    00000016                   : gpio.obj (.text:GPIOPinTypeGPIOInput)
                  0000163e    00000016                   : gpio.obj (.text:GPIOPinTypePWM)
                  00001654    00000016                   : gpio.obj (.text:GPIOPinTypeUART)
                  0000166a    00000002     --HOLE-- [fill = 0]
                  0000166c    00000014                   : sysctl.obj (.text:SysCtlPWMClockSet)
                  00001680    00000014                   : uart.obj (.text:UARTEnable)
                  00001694    00000012                   : pwm.obj (.text:PWMOutputState)
                  000016a6    00000012                   : timer.obj (.text:TimerLoadSet)
                  000016b8    00000010                   : interrupt.obj (.text:IntMasterEnable)
                  000016c8    00000010                   : pwm.obj (.text:PWMGenPeriodSet)
                  000016d8    0000000e                   : gpio.obj (.text:GPIOIntStatus)
                  000016e6    0000000e                   : timer.obj (.text:TimerEnable)
                  000016f4    0000000e                   : uart.obj (.text:UARTCharGetNonBlocking)
                  00001702    0000000e     rtsv7M4_T_le_v4SPD16_eabi.lib : copy_decompress_none.c.obj (.text:decompress:none:__TI_decompress_none)
                  00001710    0000000c     driverlib.lib : cpu.obj (.text:CPUcpsie)
                  0000171c    0000000c                   : gpio.obj (.text:GPIOIntEnable)
                  00001728    0000000c                   : pwm.obj (.text:PWMGenEnable)
                  00001734    0000000c     tm4c123gh6pm_startup_ccs.obj (.text)
                  00001740    0000000a     driverlib.lib : uart.obj (.text:UARTFIFODisable)
                  0000174a    0000000a                   : uart.obj (.text:UARTIntStatus)
                  00001754    00000008                   : timer.obj (.text:TimerIntEnable)
                  0000175c    00000008                   : uart.obj (.text:UARTIntEnable)
                  00001764    00000006                   : gpio.obj (.text:GPIOIntClear)
                  0000176a    00000006                   : gpio.obj (.text:GPIOPinRead)
                  00001770    00000006                   : gpio.obj (.text:GPIOPinWrite)
                  00001776    00000006                   : sysctl.obj (.text:SysCtlDelay)
                  0000177c    00000006                   : uart.obj (.text:UARTClockSourceSet)
                  00001782    00000004                   : timer.obj (.text:TimerIntClear)
                  00001786    00000004                   : uart.obj (.text:UARTIntClear)
                  0000178a    00000004     rtsv7M4_T_le_v4SPD16_eabi.lib : pre_init.c.obj (.text:_system_pre_init)
                  0000178e    00000004                                   : exit.c.obj (.text:abort:abort)

.const     0    00001794    000003e4     
                  00001794    00000101     rtsv7M4_T_le_v4SPD16_eabi.lib : ctype.c.obj (.const:.string:_ctypes_)
                  00001895    00000003     --HOLE-- [fill = 0]
                  00001898    0000009c     driverlib.lib : interrupt.obj (.const:g_pui32Regs)
                  00001934    00000090                   : gpio.obj (.const:g_pui32GPIOBaseAddrs)
                  000019c4    0000006c                   : sysctl.obj (.const:g_pui32Xtals)
                  00001a30    00000060                   : timer.obj (.const:g_ppui32TimerIntMap)
                  00001a90    00000040                   : timer.obj (.const:g_ppui32TimerIntMapSnowflake)
                  00001ad0    00000040                   : uart.obj (.const:g_ppui32UARTIntMap)
                  00001b10    00000040                   : uart.obj (.const:g_ppui32UARTIntMapSnowflake)
                  00001b50    00000014                   : interrupt.obj (.const:g_pui32Dii16Regs)
                  00001b64    00000014                   : interrupt.obj (.const:g_pui32EnRegs)

.cinit     0    00001b78    00000048     
                  00001b78    00000012     (.cinit..data.load) [load image, compression = lzss]
                  00001b8a    00000002     --HOLE-- [fill = 0]
                  00001b8c    0000000c     (__TI_handler_table)
                  00001b98    00000008     (.cinit..bss.load) [load image, compression = zero_init]
                  00001ba0    00000008     (.cinit..vtable.load) [load image, compression = zero_init]
                  00001ba8    00000018     (__TI_cinit_table)

.init_array 
*          0    00000000    00000000     UNINITIALIZED

.vtable    0    20000000    0000026c     UNINITIALIZED
                  20000000    0000026c     driverlib.lib : interrupt.obj (.vtable)

.bss       0    20000470    00000076     UNINITIALIZED
                  20000470    00000064     (.common:buffer)
                  200004d4    00000004     (.common:break_value)
                  200004d8    00000004     (.common:uart_counter)
                  200004dc    00000004     (.common:ui32Load)
                  200004e0    00000004     (.common:ui32PWMClock)
                  200004e4    00000001     (.common:rcv_ch)
                  200004e5    00000001     (.common:start_flag)

.data      0    200004e8    00000030     UNINITIALIZED
                  200004e8    00000030     main.obj (.data)

.stack     0    20000270    00000200     UNINITIALIZED
                  20000270    00000004     rtsv7M4_T_le_v4SPD16_eabi.lib : boot_cortex_m.c.obj (.stack)
                  20000274    000001fc     --HOLE--

__llvm_prf_cnts 
*          0    20000000    00000000     UNINITIALIZED

MODULE SUMMARY

       Module                         code   ro data   rw data
       ------                         ----   -------   -------
    .\
       main.obj                       2644   0         166    
       tm4c123gh6pm_startup_ccs.obj   12     620       0      
    +--+------------------------------+------+---------+---------+
       Total:                         2656   620       166    
                                                              
    C:/ti/TivaWare_C_Series-2.2.0.295/driverlib/ccs/Debug/driverlib.lib
       interrupt.obj                  312    196       620    
       gpio.obj                       708    144       0      
       sysctl.obj                     602    108       0      
       timer.obj                      240    160       0      
       uart.obj                       262    128       0      
       pwm.obj                        110    0         0      
       cpu.obj                        12     0         0      
    +--+------------------------------+------+---------+---------+
       Total:                         2246   736       620    
                                                              
    C:\ti\ccs1010\ccs\tools\compiler\ti-cgt-arm_20.2.1.LTS\lib\rtsv7M4_T_le_v4SPD16_eabi.lib
       ctype.c.obj                    0      257       0      
       memcpy_t2.asm.obj              156    0         0      
       copy_decompress_lzss.c.obj     104    0         0      
       atoi.c.obj                     76     0         0      
       autoinit.c.obj                 68     0         0      
       boot_cortex_m.c.obj            52     0         0      
       copy_zero_init.c.obj           28     0         0      
       copy_decompress_none.c.obj     14     0         0      
       exit.c.obj                     4      0         0      
       pre_init.c.obj                 4      0         0      
    +--+------------------------------+------+---------+---------+
       Total:                         506    257       0      
                                                              
       Stack:                         0      0         512    
       Linker Generated:              0      70        0      
    +--+------------------------------+------+---------+---------+
       Grand Total:                   5408   1683      1298   


LINKER GENERATED COPY TABLES

__TI_cinit_table @ 00001ba8 records: 3, size/record: 8, table size: 24
	.data: load addr=00001b78, load size=00000012 bytes, run addr=200004e8, run size=00000030 bytes, compression=lzss
	.bss: load addr=00001b98, load size=00000008 bytes, run addr=20000470, run size=00000076 bytes, compression=zero_init
	.vtable: load addr=00001ba0, load size=00000008 bytes, run addr=20000000, run size=0000026c bytes, compression=zero_init


LINKER GENERATED HANDLER TABLE

__TI_handler_table @ 00001b8c records: 3, size/record: 4, table size: 12
	index: 0, handler: __TI_zero_init
	index: 1, handler: __TI_decompress_lzss
	index: 2, handler: __TI_decompress_none


GLOBAL SYMBOLS: SORTED ALPHABETICALLY BY Name 

address   name                          
-------   ----                          
0000178f  C$$EXIT                       
00001711  CPUcpsie                      
00001511  GPIODirModeSet                
00001765  GPIOIntClear                  
0000171d  GPIOIntEnable                 
000016d9  GPIOIntStatus                 
0000126d  GPIOIntTypeSet                
00000cc1  GPIOPadConfigSet              
000012c5  GPIOPinConfigure              
0000176b  GPIOPinRead                   
00001629  GPIOPinTypeGPIOInput          
000015df  GPIOPinTypeGPIOOutput         
0000163f  GPIOPinTypePWM                
00001655  GPIOPinTypeUART               
00001771  GPIOPinWrite                  
000010d5  IntDisable                    
0000113d  IntEnable                     
00000b8d  IntGPIOdHandler               
000016b9  IntMasterEnable               
0000153d  IntPrioritySet                
00001475  IntRegister                   
00000c3d  IntTimer1                     
00001561  PWMGenConfigure               
00001729  PWMGenEnable                  
000016c9  PWMGenPeriodSet               
00001695  PWMOutputState                
000015a5  PWMPulseWidthSet              
00001735  ResetISR                      
00000e2d  SysCtlClockGet                
00000f45  SysCtlClockSet                
00001777  SysCtlDelay                   
0000166d  SysCtlPWMClockSet             
000014a9  SysCtlPeripheralEnable        
0000120d  TimerConfigure                
000016e7  TimerEnable                   
00001783  TimerIntClear                 
00001755  TimerIntEnable                
000015f9  TimerIntRegister              
000016a7  TimerLoadSet                  
000016f5  UARTCharGetNonBlocking        
0000177d  UARTClockSourceSet            
000013a9  UARTConfigSetExpClk           
00001585  UARTDisable                   
00001681  UARTEnable                    
00001741  UARTFIFODisable               
00001787  UARTIntClear                  
0000175d  UARTIntEnable                 
00001611  UARTIntRegister               
0000174b  UARTIntStatus                 
20000470  __STACK_END                   
00000200  __STACK_SIZE                  
20000470  __STACK_TOP                   
00001ba8  __TI_CINIT_Base               
00001bc0  __TI_CINIT_Limit              
00001b8c  __TI_Handler_Table_Base       
00001b98  __TI_Handler_Table_Limit      
000013f1  __TI_auto_init_nobinit_nopinit
000011a5  __TI_decompress_lzss          
00001703  __TI_decompress_none          
ffffffff  __TI_pprof_out_hndl           
ffffffff  __TI_prof_data_size           
ffffffff  __TI_prof_data_start          
00000000  __TI_static_base__            
000015c3  __TI_zero_init_nomemset       
00001039  __aeabi_memcpy                
00001039  __aeabi_memcpy4               
00001039  __aeabi_memcpy8               
ffffffff  __binit__                     
ffffffff  __c_args__                    
UNDEFED   __mpu_init                    
20000270  __stack                       
20000000  __start___llvm_prf_cnts       
20000000  __stop___llvm_prf_cnts        
000014dd  _c_int00_noargs               
00001794  _ctypes_                      
UNDEFED   _system_post_cinit            
0000178b  _system_pre_init              
0000178f  abort                         
0000135d  atoi                          
ffffffff  binit                         
00000851  brake_control                 
200004fc  break_counter                 
20000500  break_flag                    
200004d4  break_value                   
20000470  buffer                        
200004ec  buttonBrake                   
200004e8  buttonLeft                    
200004ea  buttonRight                   
200004f0  buttonSpeedDown               
200004ee  buttonSpeedUp                 
200004f2  button_on_off                 
000007bd  control_gpio_init             
200004f4  counterr                      
200004f8  elsecounter                   
20000000  g_pfnRAMVectors               
00000000  g_pfnVectors                  
00000b2d  gpio_interrupt_init           
00000c4f  init_timerHardware            
000005f9  interrupt_uart                
20000504  lastvalue_brake               
2000050c  lastvalue_speed               
20000508  lastvalue_steer               
0000026d  main                          
00001039  memcpy                        
000004f1  pwm_init                      
200004e4  rcv_ch                        
20000514  speed                         
00000a51  speed_control                 
20000502  speed_flag                    
200004e5  start_flag                    
200004ed  stateButtonBrake              
200004e9  stateButtonLeft               
200004eb  stateButtonRight              
200004f1  stateButtonSpeedDown          
200004ef  stateButtonSpeedup            
200004f3  stateButton_on_off            
00000959  steer_control                 
20000510  steer_degree                  
20000501  steer_flag                    
20000503  tick                          
200004d8  uart_counter                  
00000749  uart_init                     
000006c9  uart_parse                    
200004dc  ui32Load                      
200004e0  ui32PWMClock                  


GLOBAL SYMBOLS: SORTED BY Symbol Address 

address   name                          
-------   ----                          
00000000  __TI_static_base__            
00000000  g_pfnVectors                  
00000200  __STACK_SIZE                  
0000026d  main                          
000004f1  pwm_init                      
000005f9  interrupt_uart                
000006c9  uart_parse                    
00000749  uart_init                     
000007bd  control_gpio_init             
00000851  brake_control                 
00000959  steer_control                 
00000a51  speed_control                 
00000b2d  gpio_interrupt_init           
00000b8d  IntGPIOdHandler               
00000c3d  IntTimer1                     
00000c4f  init_timerHardware            
00000cc1  GPIOPadConfigSet              
00000e2d  SysCtlClockGet                
00000f45  SysCtlClockSet                
00001039  __aeabi_memcpy                
00001039  __aeabi_memcpy4               
00001039  __aeabi_memcpy8               
00001039  memcpy                        
000010d5  IntDisable                    
0000113d  IntEnable                     
000011a5  __TI_decompress_lzss          
0000120d  TimerConfigure                
0000126d  GPIOIntTypeSet                
000012c5  GPIOPinConfigure              
0000135d  atoi                          
000013a9  UARTConfigSetExpClk           
000013f1  __TI_auto_init_nobinit_nopinit
00001475  IntRegister                   
000014a9  SysCtlPeripheralEnable        
000014dd  _c_int00_noargs               
00001511  GPIODirModeSet                
0000153d  IntPrioritySet                
00001561  PWMGenConfigure               
00001585  UARTDisable                   
000015a5  PWMPulseWidthSet              
000015c3  __TI_zero_init_nomemset       
000015df  GPIOPinTypeGPIOOutput         
000015f9  TimerIntRegister              
00001611  UARTIntRegister               
00001629  GPIOPinTypeGPIOInput          
0000163f  GPIOPinTypePWM                
00001655  GPIOPinTypeUART               
0000166d  SysCtlPWMClockSet             
00001681  UARTEnable                    
00001695  PWMOutputState                
000016a7  TimerLoadSet                  
000016b9  IntMasterEnable               
000016c9  PWMGenPeriodSet               
000016d9  GPIOIntStatus                 
000016e7  TimerEnable                   
000016f5  UARTCharGetNonBlocking        
00001703  __TI_decompress_none          
00001711  CPUcpsie                      
0000171d  GPIOIntEnable                 
00001729  PWMGenEnable                  
00001735  ResetISR                      
00001741  UARTFIFODisable               
0000174b  UARTIntStatus                 
00001755  TimerIntEnable                
0000175d  UARTIntEnable                 
00001765  GPIOIntClear                  
0000176b  GPIOPinRead                   
00001771  GPIOPinWrite                  
00001777  SysCtlDelay                   
0000177d  UARTClockSourceSet            
00001783  TimerIntClear                 
00001787  UARTIntClear                  
0000178b  _system_pre_init              
0000178f  C$$EXIT                       
0000178f  abort                         
00001794  _ctypes_                      
00001b8c  __TI_Handler_Table_Base       
00001b98  __TI_Handler_Table_Limit      
00001ba8  __TI_CINIT_Base               
00001bc0  __TI_CINIT_Limit              
20000000  __start___llvm_prf_cnts       
20000000  __stop___llvm_prf_cnts        
20000000  g_pfnRAMVectors               
20000270  __stack                       
20000470  __STACK_END                   
20000470  __STACK_TOP                   
20000470  buffer                        
200004d4  break_value                   
200004d8  uart_counter                  
200004dc  ui32Load                      
200004e0  ui32PWMClock                  
200004e4  rcv_ch                        
200004e5  start_flag                    
200004e8  buttonLeft                    
200004e9  stateButtonLeft               
200004ea  buttonRight                   
200004eb  stateButtonRight              
200004ec  buttonBrake                   
200004ed  stateButtonBrake              
200004ee  buttonSpeedUp                 
200004ef  stateButtonSpeedup            
200004f0  buttonSpeedDown               
200004f1  stateButtonSpeedDown          
200004f2  button_on_off                 
200004f3  stateButton_on_off            
200004f4  counterr                      
200004f8  elsecounter                   
200004fc  break_counter                 
20000500  break_flag                    
20000501  steer_flag                    
20000502  speed_flag                    
20000503  tick                          
20000504  lastvalue_brake               
20000508  lastvalue_steer               
2000050c  lastvalue_speed               
20000510  steer_degree                  
20000514  speed                         
ffffffff  __TI_pprof_out_hndl           
ffffffff  __TI_prof_data_size           
ffffffff  __TI_prof_data_start          
ffffffff  __binit__                     
ffffffff  __c_args__                    
ffffffff  binit                         
UNDEFED   __mpu_init                    
UNDEFED   _system_post_cinit            

[125 symbols]
