******************************************************************************
                  TI ARM Linker PC v20.2.1                     
******************************************************************************
>> Linked Tue Jul 28 17:34:05 2020

OUTPUT FILE NAME:   <Otonom_kontrol.out>
ENTRY POINT SYMBOL: "_c_int00_noargs"  address: 000012a9


MEMORY CONFIGURATION

         name            origin    length      used     unused   attr    fill
----------------------  --------  ---------  --------  --------  ----  --------
  FLASH                 00000000   00020000  0000175e  0001e8a2  R  X
  SRAM                  20000000   00008000  00000576  00007a8a  RW X


SEGMENT ALLOCATION MAP

run origin  load origin   length   init length attrs members
----------  ----------- ---------- ----------- ----- -------
00000000    00000000    00001760   00001760    r-x
  00000000    00000000    0000026c   0000026c    r-- .intvecs
  0000026c    0000026c    00001266   00001266    r-x .text
  000014d4    000014d4    00000244   00000244    r-- .const
  00001718    00001718    00000048   00000048    r-- .cinit
20000000    20000000    0000057c   00000000    rw-
  20000000    20000000    0000026c   00000000    rw- .vtable
  20000270    20000270    00000200   00000000    rw- .stack
  20000470    20000470    000000fa   00000000    rw- .bss
  2000056c    2000056c    00000010   00000000    rw- .data


SECTION ALLOCATION MAP

 output                                  attributes/
section   page    origin      length       input sections
--------  ----  ----------  ----------   ----------------
.intvecs   0    00000000    0000026c     
                  00000000    0000026c     tm4c123ge6pm_startup_ccs.obj (.intvecs)

.text      0    0000026c    00001266     
                  0000026c    00000848     main.obj (.text)
                  00000ab4    0000016c     driverlib.lib : gpio.obj (.text:GPIOPadConfigSet)
                  00000c20    00000118                   : sysctl.obj (.text:SysCtlClockGet)
                  00000d38    000000f4                   : sysctl.obj (.text:SysCtlClockSet)
                  00000e2c    0000009c     rtsv7M4_T_le_v4SPD16_eabi.lib : memcpy_t2.asm.obj (.text)
                  00000ec8    0000007a                                   : memset_t2.asm.obj (.text)
                  00000f42    00000002     --HOLE-- [fill = 0]
                  00000f44    00000068     driverlib.lib : interrupt.obj (.text:IntDisable)
                  00000fac    00000068                   : interrupt.obj (.text:IntEnable)
                  00001014    00000068     rtsv7M4_T_le_v4SPD16_eabi.lib : copy_decompress_lzss.c.obj (.text:decompress:lzss:__TI_decompress_lzss)
                  0000107c    00000060     driverlib.lib : timer.obj (.text:TimerConfigure)
                  000010dc    0000004c                   : gpio.obj (.text:GPIOPinConfigure)
                  00001128    0000004c                   : timer.obj (.text:_TimerIntNumberGet)
                  00001174    00000046                   : uart.obj (.text:UARTConfigSetExpClk)
                  000011ba    00000002     --HOLE-- [fill = 0]
                  000011bc    00000044     rtsv7M4_T_le_v4SPD16_eabi.lib : autoinit.c.obj (.text:__TI_auto_init_nobinit_nopinit:__TI_auto_init_nobinit_nopinit)
                  00001200    00000040     driverlib.lib : uart.obj (.text:_UARTIntNumberGet)
                  00001240    00000034                   : interrupt.obj (.text:IntRegister)
                  00001274    00000034                   : sysctl.obj (.text:SysCtlPeripheralEnable)
                  000012a8    00000034     rtsv7M4_T_le_v4SPD16_eabi.lib : boot_cortex_m.c.obj (.text:_c_int00_noargs:_c_int00_noargs)
                  000012dc    0000002c     driverlib.lib : gpio.obj (.text:GPIODirModeSet)
                  00001308    00000022                   : pwm.obj (.text:PWMGenConfigure)
                  0000132a    00000002     --HOLE-- [fill = 0]
                  0000132c    00000020                   : uart.obj (.text:UARTDisable)
                  0000134c    0000001e                   : pwm.obj (.text:PWMPulseWidthSet)
                  0000136a    0000001c     rtsv7M4_T_le_v4SPD16_eabi.lib : copy_zero_init.c.obj (.text:decompress:ZI:__TI_zero_init_nomemset:__TI_zero_init_nomemset)
                  00001386    00000018     driverlib.lib : timer.obj (.text:TimerIntRegister)
                  0000139e    00000018                   : uart.obj (.text:UARTIntRegister)
                  000013b6    00000016                   : gpio.obj (.text:GPIOPinTypeGPIOInput)
                  000013cc    00000016                   : gpio.obj (.text:GPIOPinTypePWM)
                  000013e2    00000016                   : gpio.obj (.text:GPIOPinTypeUART)
                  000013f8    00000014                   : sysctl.obj (.text:SysCtlPWMClockSet)
                  0000140c    00000014                   : uart.obj (.text:UARTEnable)
                  00001420    00000012                   : pwm.obj (.text:PWMOutputState)
                  00001432    00000012                   : timer.obj (.text:TimerLoadSet)
                  00001444    00000010                   : pwm.obj (.text:PWMGenPeriodSet)
                  00001454    0000000e                   : timer.obj (.text:TimerEnable)
                  00001462    0000000e                   : uart.obj (.text:UARTCharGetNonBlocking)
                  00001470    0000000e     rtsv7M4_T_le_v4SPD16_eabi.lib : copy_decompress_none.c.obj (.text:decompress:none:__TI_decompress_none)
                  0000147e    0000000c     driverlib.lib : pwm.obj (.text:PWMGenEnable)
                  0000148a    0000000c     tm4c123ge6pm_startup_ccs.obj (.text)
                  00001496    0000000a     driverlib.lib : uart.obj (.text:UARTIntStatus)
                  000014a0    00000008                   : timer.obj (.text:TimerIntEnable)
                  000014a8    00000008                   : uart.obj (.text:UARTIntEnable)
                  000014b0    00000006                   : gpio.obj (.text:GPIOPinRead)
                  000014b6    00000006                   : sysctl.obj (.text:SysCtlDelay)
                  000014bc    00000006                   : uart.obj (.text:UARTClockSourceSet)
                  000014c2    00000004                   : timer.obj (.text:TimerIntClear)
                  000014c6    00000004                   : uart.obj (.text:UARTIntClear)
                  000014ca    00000004     rtsv7M4_T_le_v4SPD16_eabi.lib : pre_init.c.obj (.text:_system_pre_init)
                  000014ce    00000004                                   : exit.c.obj (.text:abort:abort)

.const     0    000014d4    00000244     
                  000014d4    00000090     driverlib.lib : gpio.obj (.const:g_pui32GPIOBaseAddrs)
                  00001564    0000006c                   : sysctl.obj (.const:g_pui32Xtals)
                  000015d0    00000060                   : timer.obj (.const:g_ppui32TimerIntMap)
                  00001630    00000040                   : timer.obj (.const:g_ppui32TimerIntMapSnowflake)
                  00001670    00000040                   : uart.obj (.const:g_ppui32UARTIntMap)
                  000016b0    00000040                   : uart.obj (.const:g_ppui32UARTIntMapSnowflake)
                  000016f0    00000014                   : interrupt.obj (.const:g_pui32Dii16Regs)
                  00001704    00000014                   : interrupt.obj (.const:g_pui32EnRegs)

.cinit     0    00001718    00000048     
                  00001718    00000010     (.cinit..data.load) [load image, compression = lzss]
                  00001728    0000000c     (__TI_handler_table)
                  00001734    00000004     --HOLE-- [fill = 0]
                  00001738    00000008     (.cinit..bss.load) [load image, compression = zero_init]
                  00001740    00000008     (.cinit..vtable.load) [load image, compression = zero_init]
                  00001748    00000018     (__TI_cinit_table)

.init_array 
*          0    00000000    00000000     UNINITIALIZED

.vtable    0    20000000    0000026c     UNINITIALIZED
                  20000000    0000026c     driverlib.lib : interrupt.obj (.vtable)

.bss       0    20000470    000000fa     UNINITIALIZED
                  20000470    000000c8     (.common:xbee_buffer)
                  20000538    00000008     (.common:isLeftSteerTimer)
                  20000540    00000008     (.common:isRightSteerTimer)
                  20000548    00000008     (.common:isSpeedDownTimer)
                  20000550    00000008     (.common:isSpeedUpTimer)
                  20000558    00000004     (.common:ui32Load)
                  2000055c    00000004     (.common:ui32PWMClock)
                  20000560    00000002     (.common:isBreakBtn)
                  20000562    00000002     (.common:isSpeedDownBtn)
                  20000564    00000002     (.common:isSpeedUpBtn)
                  20000566    00000002     (.common:isSteerLeftBtn)
                  20000568    00000002     (.common:isSteerRightBtn)

.data      0    2000056c    00000010     UNINITIALIZED
                  2000056c    00000010     main.obj (.data)

.stack     0    20000270    00000200     UNINITIALIZED
                  20000270    00000004     rtsv7M4_T_le_v4SPD16_eabi.lib : boot_cortex_m.c.obj (.stack)
                  20000274    000001fc     --HOLE--

__llvm_prf_cnts 
*          0    20000000    00000000     UNINITIALIZED

MODULE SUMMARY

       Module                         code   ro data   rw data
       ------                         ----   -------   -------
    .\
       main.obj                       2120   0         266    
       tm4c123ge6pm_startup_ccs.obj   12     620       0      
    +--+------------------------------+------+---------+---------+
       Total:                         2132   620       266    
                                                              
    C:/ti/TivaWare_C_Series-2.2.0.295/driverlib/ccs/Debug/driverlib.lib
       interrupt.obj                  260    40        620    
       sysctl.obj                     602    108       0      
       gpio.obj                       556    144       0      
       timer.obj                      240    160       0      
       uart.obj                       252    128       0      
       pwm.obj                        110    0         0      
    +--+------------------------------+------+---------+---------+
       Total:                         2020   580       620    
                                                              
    C:\ti\ccs1010\ccs\tools\compiler\ti-cgt-arm_20.2.1.LTS\lib\rtsv7M4_T_le_v4SPD16_eabi.lib
       memcpy_t2.asm.obj              156    0         0      
       memset_t2.asm.obj              122    0         0      
       copy_decompress_lzss.c.obj     104    0         0      
       autoinit.c.obj                 68     0         0      
       boot_cortex_m.c.obj            52     0         0      
       copy_zero_init.c.obj           28     0         0      
       copy_decompress_none.c.obj     14     0         0      
       exit.c.obj                     4      0         0      
       pre_init.c.obj                 4      0         0      
    +--+------------------------------+------+---------+---------+
       Total:                         552    0         0      
                                                              
       Stack:                         0      0         512    
       Linker Generated:              0      68        0      
    +--+------------------------------+------+---------+---------+
       Grand Total:                   4704   1268      1398   


LINKER GENERATED COPY TABLES

__TI_cinit_table @ 00001748 records: 3, size/record: 8, table size: 24
	.data: load addr=00001718, load size=00000010 bytes, run addr=2000056c, run size=00000010 bytes, compression=lzss
	.bss: load addr=00001738, load size=00000008 bytes, run addr=20000470, run size=000000fa bytes, compression=zero_init
	.vtable: load addr=00001740, load size=00000008 bytes, run addr=20000000, run size=0000026c bytes, compression=zero_init


LINKER GENERATED HANDLER TABLE

__TI_handler_table @ 00001728 records: 3, size/record: 4, table size: 12
	index: 0, handler: __TI_zero_init
	index: 1, handler: __TI_decompress_lzss
	index: 2, handler: __TI_decompress_none


GLOBAL SYMBOLS: SORTED ALPHABETICALLY BY Name 

address   name                          
-------   ----                          
20000576  BreakPos                      
000006a1  ButtonState                   
000014cf  C$$EXIT                       
000012dd  GPIODirModeSet                
00000ab5  GPIOPadConfigSet              
000010dd  GPIOPinConfigure              
000014b1  GPIOPinRead                   
000013b7  GPIOPinTypeGPIOInput          
000013cd  GPIOPinTypePWM                
000013e3  GPIOPinTypeUART               
00000f45  IntDisable                    
00000fad  IntEnable                     
00001241  IntRegister                   
0000026d  IntTimer1                     
00000473  IntXbee                       
00001309  PWMGenConfigure               
0000147f  PWMGenEnable                  
00001445  PWMGenPeriodSet               
00001421  PWMOutputState                
0000134d  PWMPulseWidthSet              
0000148b  ResetISR                      
20000574  SteerPos                      
00000c21  SysCtlClockGet                
00000d39  SysCtlClockSet                
000014b7  SysCtlDelay                   
000013f9  SysCtlPWMClockSet             
00001275  SysCtlPeripheralEnable        
0000107d  TimerConfigure                
00001455  TimerEnable                   
000014c3  TimerIntClear                 
000014a1  TimerIntEnable                
00001387  TimerIntRegister              
00001433  TimerLoadSet                  
00001463  UARTCharGetNonBlocking        
000014bd  UARTClockSourceSet            
00001175  UARTConfigSetExpClk           
0000132d  UARTDisable                   
0000140d  UARTEnable                    
000014c7  UARTIntClear                  
000014a9  UARTIntEnable                 
0000139f  UARTIntRegister               
00001497  UARTIntStatus                 
20000470  __STACK_END                   
00000200  __STACK_SIZE                  
20000470  __STACK_TOP                   
00001748  __TI_CINIT_Base               
00001760  __TI_CINIT_Limit              
00001728  __TI_Handler_Table_Base       
00001734  __TI_Handler_Table_Limit      
000011bd  __TI_auto_init_nobinit_nopinit
00001015  __TI_decompress_lzss          
00001471  __TI_decompress_none          
ffffffff  __TI_pprof_out_hndl           
ffffffff  __TI_prof_data_size           
ffffffff  __TI_prof_data_start          
00000000  __TI_static_base__            
0000136b  __TI_zero_init_nomemset       
00000ec9  __aeabi_memclr                
00000ec9  __aeabi_memclr4               
00000ec9  __aeabi_memclr8               
00000e2d  __aeabi_memcpy                
00000e2d  __aeabi_memcpy4               
00000e2d  __aeabi_memcpy8               
00000ecb  __aeabi_memset                
00000ecb  __aeabi_memset4               
00000ecb  __aeabi_memset8               
ffffffff  __binit__                     
ffffffff  __c_args__                    
UNDEFED   __mpu_init                    
20000270  __stack                       
20000000  __start___llvm_prf_cnts       
20000000  __stop___llvm_prf_cnts        
000012a9  _c_int00_noargs               
UNDEFED   _system_post_cinit            
000014cb  _system_pre_init              
000014cf  abort                         
ffffffff  binit                         
0000051b  brake                         
20000578  brake_counter                 
20000000  g_pfnRAMVectors               
00000000  g_pfnVectors                  
0000027f  initHandle                    
20000560  isBreakBtn                    
20000538  isLeftSteerTimer              
20000540  isRightSteerTimer             
20000562  isSpeedDownBtn                
20000548  isSpeedDownTimer              
20000564  isSpeedUpBtn                  
20000550  isSpeedUpTimer                
20000566  isSteerLeftBtn                
20000568  isSteerRightBtn               
00000865  main                          
00000e2d  memcpy                        
00000ed1  memset                        
20000572  speed                         
00000611  speed_down                    
000005e5  speed_up                      
20000570  tick                          
000005ad  turn_left                     
0000057f  turn_right                    
2000056c  uart_counter                  
20000558  ui32Load                      
2000055c  ui32PWMClock                  
20000470  xbee_buffer                   


GLOBAL SYMBOLS: SORTED BY Symbol Address 

address   name                          
-------   ----                          
00000000  __TI_static_base__            
00000000  g_pfnVectors                  
00000200  __STACK_SIZE                  
0000026d  IntTimer1                     
0000027f  initHandle                    
00000473  IntXbee                       
0000051b  brake                         
0000057f  turn_right                    
000005ad  turn_left                     
000005e5  speed_up                      
00000611  speed_down                    
000006a1  ButtonState                   
00000865  main                          
00000ab5  GPIOPadConfigSet              
00000c21  SysCtlClockGet                
00000d39  SysCtlClockSet                
00000e2d  __aeabi_memcpy                
00000e2d  __aeabi_memcpy4               
00000e2d  __aeabi_memcpy8               
00000e2d  memcpy                        
00000ec9  __aeabi_memclr                
00000ec9  __aeabi_memclr4               
00000ec9  __aeabi_memclr8               
00000ecb  __aeabi_memset                
00000ecb  __aeabi_memset4               
00000ecb  __aeabi_memset8               
00000ed1  memset                        
00000f45  IntDisable                    
00000fad  IntEnable                     
00001015  __TI_decompress_lzss          
0000107d  TimerConfigure                
000010dd  GPIOPinConfigure              
00001175  UARTConfigSetExpClk           
000011bd  __TI_auto_init_nobinit_nopinit
00001241  IntRegister                   
00001275  SysCtlPeripheralEnable        
000012a9  _c_int00_noargs               
000012dd  GPIODirModeSet                
00001309  PWMGenConfigure               
0000132d  UARTDisable                   
0000134d  PWMPulseWidthSet              
0000136b  __TI_zero_init_nomemset       
00001387  TimerIntRegister              
0000139f  UARTIntRegister               
000013b7  GPIOPinTypeGPIOInput          
000013cd  GPIOPinTypePWM                
000013e3  GPIOPinTypeUART               
000013f9  SysCtlPWMClockSet             
0000140d  UARTEnable                    
00001421  PWMOutputState                
00001433  TimerLoadSet                  
00001445  PWMGenPeriodSet               
00001455  TimerEnable                   
00001463  UARTCharGetNonBlocking        
00001471  __TI_decompress_none          
0000147f  PWMGenEnable                  
0000148b  ResetISR                      
00001497  UARTIntStatus                 
000014a1  TimerIntEnable                
000014a9  UARTIntEnable                 
000014b1  GPIOPinRead                   
000014b7  SysCtlDelay                   
000014bd  UARTClockSourceSet            
000014c3  TimerIntClear                 
000014c7  UARTIntClear                  
000014cb  _system_pre_init              
000014cf  C$$EXIT                       
000014cf  abort                         
00001728  __TI_Handler_Table_Base       
00001734  __TI_Handler_Table_Limit      
00001748  __TI_CINIT_Base               
00001760  __TI_CINIT_Limit              
20000000  __start___llvm_prf_cnts       
20000000  __stop___llvm_prf_cnts        
20000000  g_pfnRAMVectors               
20000270  __stack                       
20000470  __STACK_END                   
20000470  __STACK_TOP                   
20000470  xbee_buffer                   
20000538  isLeftSteerTimer              
20000540  isRightSteerTimer             
20000548  isSpeedDownTimer              
20000550  isSpeedUpTimer                
20000558  ui32Load                      
2000055c  ui32PWMClock                  
20000560  isBreakBtn                    
20000562  isSpeedDownBtn                
20000564  isSpeedUpBtn                  
20000566  isSteerLeftBtn                
20000568  isSteerRightBtn               
2000056c  uart_counter                  
20000570  tick                          
20000572  speed                         
20000574  SteerPos                      
20000576  BreakPos                      
20000578  brake_counter                 
ffffffff  __TI_pprof_out_hndl           
ffffffff  __TI_prof_data_size           
ffffffff  __TI_prof_data_start          
ffffffff  __binit__                     
ffffffff  __c_args__                    
ffffffff  binit                         
UNDEFED   __mpu_init                    
UNDEFED   _system_post_cinit            

[104 symbols]
