******************************************************************************
                  TI ARM Linker PC v20.2.1                     
******************************************************************************
>> Linked Sat Jul 18 18:43:27 2020

OUTPUT FILE NAME:   <Otonom_kontrol.out>
ENTRY POINT SYMBOL: "_c_int00_noargs"  address: 000014e1


MEMORY CONFIGURATION

         name            origin    length      used     unused   attr    fill
----------------------  --------  ---------  --------  --------  ----  --------
  FLASH                 00000000   00040000  00001bc2  0003e43e  R  X
  SRAM                  20000000   00008000  00000512  00007aee  RW X


SEGMENT ALLOCATION MAP

run origin  load origin   length   init length attrs members
----------  ----------- ---------- ----------- ----- -------
00000000    00000000    00001bc8   00001bc8    r-x
  00000000    00000000    0000026c   0000026c    r-- .intvecs
  0000026c    0000026c    0000152a   0000152a    r-x .text
  00001798    00001798    000003e4   000003e4    r-- .const
  00001b80    00001b80    00000048   00000048    r-- .cinit
20000000    20000000    00000518   00000000    rw-
  20000000    20000000    0000026c   00000000    rw- .vtable
  20000270    20000270    00000200   00000000    rw- .stack
  20000470    20000470    00000076   00000000    rw- .bss
  200004e8    200004e8    00000030   00000000    rw- .data


SECTION ALLOCATION MAP

 output                                  attributes/
section   page    origin      length       input sections
--------  ----  ----------  ----------   ----------------
.intvecs   0    00000000    0000026c     
                  00000000    0000026c     tm4c123gh6pm_startup_ccs.obj (.intvecs)

.text      0    0000026c    0000152a     
                  0000026c    00000a58     main.obj (.text)
                  00000cc4    0000016c     driverlib.lib : gpio.obj (.text:GPIOPadConfigSet)
                  00000e30    00000118                   : sysctl.obj (.text:SysCtlClockGet)
                  00000f48    000000f4                   : sysctl.obj (.text:SysCtlClockSet)
                  0000103c    0000009c     rtsv7M4_T_le_v4SPD16_eabi.lib : memcpy_t2.asm.obj (.text)
                  000010d8    00000068     driverlib.lib : interrupt.obj (.text:IntDisable)
                  00001140    00000068                   : interrupt.obj (.text:IntEnable)
                  000011a8    00000068     rtsv7M4_T_le_v4SPD16_eabi.lib : copy_decompress_lzss.c.obj (.text:decompress:lzss:__TI_decompress_lzss)
                  00001210    00000060     driverlib.lib : timer.obj (.text:TimerConfigure)
                  00001270    00000058                   : gpio.obj (.text:GPIOIntTypeSet)
                  000012c8    0000004c                   : gpio.obj (.text:GPIOPinConfigure)
                  00001314    0000004c                   : timer.obj (.text:_TimerIntNumberGet)
                  00001360    0000004c     rtsv7M4_T_le_v4SPD16_eabi.lib : atoi.c.obj (.text:atoi)
                  000013ac    00000046     driverlib.lib : uart.obj (.text:UARTConfigSetExpClk)
                  000013f2    00000002     --HOLE-- [fill = 0]
                  000013f4    00000044     rtsv7M4_T_le_v4SPD16_eabi.lib : autoinit.c.obj (.text:__TI_auto_init_nobinit_nopinit:__TI_auto_init_nobinit_nopinit)
                  00001438    00000040     driverlib.lib : uart.obj (.text:_UARTIntNumberGet)
                  00001478    00000034                   : interrupt.obj (.text:IntRegister)
                  000014ac    00000034                   : sysctl.obj (.text:SysCtlPeripheralEnable)
                  000014e0    00000034     rtsv7M4_T_le_v4SPD16_eabi.lib : boot_cortex_m.c.obj (.text:_c_int00_noargs:_c_int00_noargs)
                  00001514    0000002c     driverlib.lib : gpio.obj (.text:GPIODirModeSet)
                  00001540    00000024                   : interrupt.obj (.text:IntPrioritySet)
                  00001564    00000022                   : pwm.obj (.text:PWMGenConfigure)
                  00001586    00000002     --HOLE-- [fill = 0]
                  00001588    00000020                   : uart.obj (.text:UARTDisable)
                  000015a8    0000001e                   : pwm.obj (.text:PWMPulseWidthSet)
                  000015c6    0000001c     rtsv7M4_T_le_v4SPD16_eabi.lib : copy_zero_init.c.obj (.text:decompress:ZI:__TI_zero_init_nomemset:__TI_zero_init_nomemset)
                  000015e2    0000001a     driverlib.lib : gpio.obj (.text:GPIOPinTypeGPIOOutput)
                  000015fc    00000018                   : timer.obj (.text:TimerIntRegister)
                  00001614    00000018                   : uart.obj (.text:UARTIntRegister)
                  0000162c    00000016                   : gpio.obj (.text:GPIOPinTypeGPIOInput)
                  00001642    00000016                   : gpio.obj (.text:GPIOPinTypePWM)
                  00001658    00000016                   : gpio.obj (.text:GPIOPinTypeUART)
                  0000166e    00000002     --HOLE-- [fill = 0]
                  00001670    00000014                   : sysctl.obj (.text:SysCtlPWMClockSet)
                  00001684    00000014                   : uart.obj (.text:UARTEnable)
                  00001698    00000012                   : pwm.obj (.text:PWMOutputState)
                  000016aa    00000012                   : timer.obj (.text:TimerLoadSet)
                  000016bc    00000010                   : interrupt.obj (.text:IntMasterEnable)
                  000016cc    00000010                   : pwm.obj (.text:PWMGenPeriodSet)
                  000016dc    0000000e                   : gpio.obj (.text:GPIOIntStatus)
                  000016ea    0000000e                   : timer.obj (.text:TimerEnable)
                  000016f8    0000000e                   : uart.obj (.text:UARTCharGetNonBlocking)
                  00001706    0000000e     rtsv7M4_T_le_v4SPD16_eabi.lib : copy_decompress_none.c.obj (.text:decompress:none:__TI_decompress_none)
                  00001714    0000000c     driverlib.lib : cpu.obj (.text:CPUcpsie)
                  00001720    0000000c                   : gpio.obj (.text:GPIOIntEnable)
                  0000172c    0000000c                   : pwm.obj (.text:PWMGenEnable)
                  00001738    0000000c     tm4c123gh6pm_startup_ccs.obj (.text)
                  00001744    0000000a     driverlib.lib : uart.obj (.text:UARTFIFODisable)
                  0000174e    0000000a                   : uart.obj (.text:UARTIntStatus)
                  00001758    00000008                   : timer.obj (.text:TimerIntEnable)
                  00001760    00000008                   : uart.obj (.text:UARTIntEnable)
                  00001768    00000006                   : gpio.obj (.text:GPIOIntClear)
                  0000176e    00000006                   : gpio.obj (.text:GPIOPinRead)
                  00001774    00000006                   : gpio.obj (.text:GPIOPinWrite)
                  0000177a    00000006                   : sysctl.obj (.text:SysCtlDelay)
                  00001780    00000006                   : uart.obj (.text:UARTClockSourceSet)
                  00001786    00000004                   : timer.obj (.text:TimerIntClear)
                  0000178a    00000004                   : uart.obj (.text:UARTIntClear)
                  0000178e    00000004     rtsv7M4_T_le_v4SPD16_eabi.lib : pre_init.c.obj (.text:_system_pre_init)
                  00001792    00000004                                   : exit.c.obj (.text:abort:abort)

.const     0    00001798    000003e4     
                  00001798    00000101     rtsv7M4_T_le_v4SPD16_eabi.lib : ctype.c.obj (.const:.string:_ctypes_)
                  00001899    00000003     --HOLE-- [fill = 0]
                  0000189c    0000009c     driverlib.lib : interrupt.obj (.const:g_pui32Regs)
                  00001938    00000090                   : gpio.obj (.const:g_pui32GPIOBaseAddrs)
                  000019c8    0000006c                   : sysctl.obj (.const:g_pui32Xtals)
                  00001a34    00000060                   : timer.obj (.const:g_ppui32TimerIntMap)
                  00001a94    00000040                   : timer.obj (.const:g_ppui32TimerIntMapSnowflake)
                  00001ad4    00000040                   : uart.obj (.const:g_ppui32UARTIntMap)
                  00001b14    00000040                   : uart.obj (.const:g_ppui32UARTIntMapSnowflake)
                  00001b54    00000014                   : interrupt.obj (.const:g_pui32Dii16Regs)
                  00001b68    00000014                   : interrupt.obj (.const:g_pui32EnRegs)

.cinit     0    00001b80    00000048     
                  00001b80    00000012     (.cinit..data.load) [load image, compression = lzss]
                  00001b92    00000002     --HOLE-- [fill = 0]
                  00001b94    0000000c     (__TI_handler_table)
                  00001ba0    00000008     (.cinit..bss.load) [load image, compression = zero_init]
                  00001ba8    00000008     (.cinit..vtable.load) [load image, compression = zero_init]
                  00001bb0    00000018     (__TI_cinit_table)

.init_array 
*          0    00000000    00000000     UNINITIALIZED

.vtable    0    20000000    0000026c     UNINITIALIZED
                  20000000    0000026c     driverlib.lib : interrupt.obj (.vtable)

.bss       0    20000470    00000076     UNINITIALIZED
                  20000470    00000064     (.common:buffer)
                  200004d4    00000004     (.common:break_value)
                  200004d8    00000004     (.common:uart_counter)
                  200004dc    00000004     (.common:ui32Load)
                  200004e0    00000004     (.common:ui32PWMClock)
                  200004e4    00000001     (.common:rcv_ch)
                  200004e5    00000001     (.common:start_flag)

.data      0    200004e8    00000030     UNINITIALIZED
                  200004e8    00000030     main.obj (.data)

.stack     0    20000270    00000200     UNINITIALIZED
                  20000270    00000004     rtsv7M4_T_le_v4SPD16_eabi.lib : boot_cortex_m.c.obj (.stack)
                  20000274    000001fc     --HOLE--

__llvm_prf_cnts 
*          0    20000000    00000000     UNINITIALIZED

MODULE SUMMARY

       Module                         code   ro data   rw data
       ------                         ----   -------   -------
    .\
       main.obj                       2648   0         166    
       tm4c123gh6pm_startup_ccs.obj   12     620       0      
    +--+------------------------------+------+---------+---------+
       Total:                         2660   620       166    
                                                              
    C:/ti/TivaWare_C_Series-2.2.0.295/driverlib/ccs/Debug/driverlib.lib
       interrupt.obj                  312    196       620    
       gpio.obj                       708    144       0      
       sysctl.obj                     602    108       0      
       timer.obj                      240    160       0      
       uart.obj                       262    128       0      
       pwm.obj                        110    0         0      
       cpu.obj                        12     0         0      
    +--+------------------------------+------+---------+---------+
       Total:                         2246   736       620    
                                                              
    C:\ti\ccs1010\ccs\tools\compiler\ti-cgt-arm_20.2.1.LTS\lib\rtsv7M4_T_le_v4SPD16_eabi.lib
       ctype.c.obj                    0      257       0      
       memcpy_t2.asm.obj              156    0         0      
       copy_decompress_lzss.c.obj     104    0         0      
       atoi.c.obj                     76     0         0      
       autoinit.c.obj                 68     0         0      
       boot_cortex_m.c.obj            52     0         0      
       copy_zero_init.c.obj           28     0         0      
       copy_decompress_none.c.obj     14     0         0      
       exit.c.obj                     4      0         0      
       pre_init.c.obj                 4      0         0      
    +--+------------------------------+------+---------+---------+
       Total:                         506    257       0      
                                                              
       Stack:                         0      0         512    
       Linker Generated:              0      70        0      
    +--+------------------------------+------+---------+---------+
       Grand Total:                   5412   1683      1298   


LINKER GENERATED COPY TABLES

__TI_cinit_table @ 00001bb0 records: 3, size/record: 8, table size: 24
	.data: load addr=00001b80, load size=00000012 bytes, run addr=200004e8, run size=00000030 bytes, compression=lzss
	.bss: load addr=00001ba0, load size=00000008 bytes, run addr=20000470, run size=00000076 bytes, compression=zero_init
	.vtable: load addr=00001ba8, load size=00000008 bytes, run addr=20000000, run size=0000026c bytes, compression=zero_init


LINKER GENERATED HANDLER TABLE

__TI_handler_table @ 00001b94 records: 3, size/record: 4, table size: 12
	index: 0, handler: __TI_zero_init
	index: 1, handler: __TI_decompress_lzss
	index: 2, handler: __TI_decompress_none


GLOBAL SYMBOLS: SORTED ALPHABETICALLY BY Name 

address   name                          
-------   ----                          
00001793  C$$EXIT                       
00001715  CPUcpsie                      
00001515  GPIODirModeSet                
00001769  GPIOIntClear                  
00001721  GPIOIntEnable                 
000016dd  GPIOIntStatus                 
00001271  GPIOIntTypeSet                
00000cc5  GPIOPadConfigSet              
000012c9  GPIOPinConfigure              
0000176f  GPIOPinRead                   
0000162d  GPIOPinTypeGPIOInput          
000015e3  GPIOPinTypeGPIOOutput         
00001643  GPIOPinTypePWM                
00001659  GPIOPinTypeUART               
00001775  GPIOPinWrite                  
000010d9  IntDisable                    
00001141  IntEnable                     
00000b91  IntGPIOdHandler               
000016bd  IntMasterEnable               
00001541  IntPrioritySet                
00001479  IntRegister                   
00000c41  IntTimer1                     
00001565  PWMGenConfigure               
0000172d  PWMGenEnable                  
000016cd  PWMGenPeriodSet               
00001699  PWMOutputState                
000015a9  PWMPulseWidthSet              
00001739  ResetISR                      
00000e31  SysCtlClockGet                
00000f49  SysCtlClockSet                
0000177b  SysCtlDelay                   
00001671  SysCtlPWMClockSet             
000014ad  SysCtlPeripheralEnable        
00001211  TimerConfigure                
000016eb  TimerEnable                   
00001787  TimerIntClear                 
00001759  TimerIntEnable                
000015fd  TimerIntRegister              
000016ab  TimerLoadSet                  
000016f9  UARTCharGetNonBlocking        
00001781  UARTClockSourceSet            
000013ad  UARTConfigSetExpClk           
00001589  UARTDisable                   
00001685  UARTEnable                    
00001745  UARTFIFODisable               
0000178b  UARTIntClear                  
00001761  UARTIntEnable                 
00001615  UARTIntRegister               
0000174f  UARTIntStatus                 
20000470  __STACK_END                   
00000200  __STACK_SIZE                  
20000470  __STACK_TOP                   
00001bb0  __TI_CINIT_Base               
00001bc8  __TI_CINIT_Limit              
00001b94  __TI_Handler_Table_Base       
00001ba0  __TI_Handler_Table_Limit      
000013f5  __TI_auto_init_nobinit_nopinit
000011a9  __TI_decompress_lzss          
00001707  __TI_decompress_none          
ffffffff  __TI_pprof_out_hndl           
ffffffff  __TI_prof_data_size           
ffffffff  __TI_prof_data_start          
00000000  __TI_static_base__            
000015c7  __TI_zero_init_nomemset       
0000103d  __aeabi_memcpy                
0000103d  __aeabi_memcpy4               
0000103d  __aeabi_memcpy8               
ffffffff  __binit__                     
ffffffff  __c_args__                    
UNDEFED   __mpu_init                    
20000270  __stack                       
20000000  __start___llvm_prf_cnts       
20000000  __stop___llvm_prf_cnts        
000014e1  _c_int00_noargs               
00001798  _ctypes_                      
UNDEFED   _system_post_cinit            
0000178f  _system_pre_init              
00001793  abort                         
00001361  atoi                          
ffffffff  binit                         
00000855  brake_control                 
200004fc  break_counter                 
20000500  break_flag                    
200004d4  break_value                   
20000470  buffer                        
200004ec  buttonBrake                   
200004e8  buttonLeft                    
200004ea  buttonRight                   
200004f0  buttonSpeedDown               
200004ee  buttonSpeedUp                 
200004f2  button_on_off                 
000007c1  control_gpio_init             
200004f4  counterr                      
200004f8  elsecounter                   
20000000  g_pfnRAMVectors               
00000000  g_pfnVectors                  
00000b31  gpio_interrupt_init           
00000c53  init_timerHardware            
000005fd  interrupt_uart                
20000504  lastvalue_brake               
2000050c  lastvalue_speed               
20000508  lastvalue_steer               
0000026d  main                          
0000103d  memcpy                        
000004f1  pwm_init                      
200004e4  rcv_ch                        
20000514  speed                         
00000a55  speed_control                 
20000502  speed_flag                    
200004e5  start_flag                    
200004ed  stateButtonBrake              
200004e9  stateButtonLeft               
200004eb  stateButtonRight              
200004f1  stateButtonSpeedDown          
200004ef  stateButtonSpeedup            
200004f3  stateButton_on_off            
0000095d  steer_control                 
20000510  steer_degree                  
20000501  steer_flag                    
20000503  tick                          
200004d8  uart_counter                  
0000074d  uart_init                     
000006cd  uart_parse                    
200004dc  ui32Load                      
200004e0  ui32PWMClock                  


GLOBAL SYMBOLS: SORTED BY Symbol Address 

address   name                          
-------   ----                          
00000000  __TI_static_base__            
00000000  g_pfnVectors                  
00000200  __STACK_SIZE                  
0000026d  main                          
000004f1  pwm_init                      
000005fd  interrupt_uart                
000006cd  uart_parse                    
0000074d  uart_init                     
000007c1  control_gpio_init             
00000855  brake_control                 
0000095d  steer_control                 
00000a55  speed_control                 
00000b31  gpio_interrupt_init           
00000b91  IntGPIOdHandler               
00000c41  IntTimer1                     
00000c53  init_timerHardware            
00000cc5  GPIOPadConfigSet              
00000e31  SysCtlClockGet                
00000f49  SysCtlClockSet                
0000103d  __aeabi_memcpy                
0000103d  __aeabi_memcpy4               
0000103d  __aeabi_memcpy8               
0000103d  memcpy                        
000010d9  IntDisable                    
00001141  IntEnable                     
000011a9  __TI_decompress_lzss          
00001211  TimerConfigure                
00001271  GPIOIntTypeSet                
000012c9  GPIOPinConfigure              
00001361  atoi                          
000013ad  UARTConfigSetExpClk           
000013f5  __TI_auto_init_nobinit_nopinit
00001479  IntRegister                   
000014ad  SysCtlPeripheralEnable        
000014e1  _c_int00_noargs               
00001515  GPIODirModeSet                
00001541  IntPrioritySet                
00001565  PWMGenConfigure               
00001589  UARTDisable                   
000015a9  PWMPulseWidthSet              
000015c7  __TI_zero_init_nomemset       
000015e3  GPIOPinTypeGPIOOutput         
000015fd  TimerIntRegister              
00001615  UARTIntRegister               
0000162d  GPIOPinTypeGPIOInput          
00001643  GPIOPinTypePWM                
00001659  GPIOPinTypeUART               
00001671  SysCtlPWMClockSet             
00001685  UARTEnable                    
00001699  PWMOutputState                
000016ab  TimerLoadSet                  
000016bd  IntMasterEnable               
000016cd  PWMGenPeriodSet               
000016dd  GPIOIntStatus                 
000016eb  TimerEnable                   
000016f9  UARTCharGetNonBlocking        
00001707  __TI_decompress_none          
00001715  CPUcpsie                      
00001721  GPIOIntEnable                 
0000172d  PWMGenEnable                  
00001739  ResetISR                      
00001745  UARTFIFODisable               
0000174f  UARTIntStatus                 
00001759  TimerIntEnable                
00001761  UARTIntEnable                 
00001769  GPIOIntClear                  
0000176f  GPIOPinRead                   
00001775  GPIOPinWrite                  
0000177b  SysCtlDelay                   
00001781  UARTClockSourceSet            
00001787  TimerIntClear                 
0000178b  UARTIntClear                  
0000178f  _system_pre_init              
00001793  C$$EXIT                       
00001793  abort                         
00001798  _ctypes_                      
00001b94  __TI_Handler_Table_Base       
00001ba0  __TI_Handler_Table_Limit      
00001bb0  __TI_CINIT_Base               
00001bc8  __TI_CINIT_Limit              
20000000  __start___llvm_prf_cnts       
20000000  __stop___llvm_prf_cnts        
20000000  g_pfnRAMVectors               
20000270  __stack                       
20000470  __STACK_END                   
20000470  __STACK_TOP                   
20000470  buffer                        
200004d4  break_value                   
200004d8  uart_counter                  
200004dc  ui32Load                      
200004e0  ui32PWMClock                  
200004e4  rcv_ch                        
200004e5  start_flag                    
200004e8  buttonLeft                    
200004e9  stateButtonLeft               
200004ea  buttonRight                   
200004eb  stateButtonRight              
200004ec  buttonBrake                   
200004ed  stateButtonBrake              
200004ee  buttonSpeedUp                 
200004ef  stateButtonSpeedup            
200004f0  buttonSpeedDown               
200004f1  stateButtonSpeedDown          
200004f2  button_on_off                 
200004f3  stateButton_on_off            
200004f4  counterr                      
200004f8  elsecounter                   
200004fc  break_counter                 
20000500  break_flag                    
20000501  steer_flag                    
20000502  speed_flag                    
20000503  tick                          
20000504  lastvalue_brake               
20000508  lastvalue_steer               
2000050c  lastvalue_speed               
20000510  steer_degree                  
20000514  speed                         
ffffffff  __TI_pprof_out_hndl           
ffffffff  __TI_prof_data_size           
ffffffff  __TI_prof_data_start          
ffffffff  __binit__                     
ffffffff  __c_args__                    
ffffffff  binit                         
UNDEFED   __mpu_init                    
UNDEFED   _system_post_cinit            

[125 symbols]
